-- The C compiler identification is GNU 11.4.0
-- The CXX compiler identification is GNU 11.4.0
-- Detecting C compiler ABI info
-- Detecting C compiler ABI info - done
-- Check for working C compiler: /usr/bin/cc - skipped
-- Detecting C compile features
-- Detecting C compile features - done
-- Detecting CXX compiler ABI info
-- Detecting CXX compiler ABI info - done
-- Check for working CXX compiler: /usr/bin/c++ - skipped
-- Detecting CXX compile features
-- Detecting CXX compile features - done
[0mmbsn: You did not request a specific build type: Choosing 'Release' for maximum performance[0m
-- Found rclpy: 3.3.13 (/opt/ros/humble/share/rclpy/cmake)
-- Found builtin_interfaces: 1.2.1 (/opt/ros/humble/share/builtin_interfaces/cmake)
-- Found Python3: /usr/bin/python3 (found version "3.10.12") found components: Interpreter
-- Found rosidl_generator_c: 3.1.5 (/opt/ros/humble/share/rosidl_generator_c/cmake)
-- Found rosidl_adapter: 3.1.5 (/opt/ros/humble/share/rosidl_adapter/cmake)
-- Found rosidl_generator_cpp: 3.1.5 (/opt/ros/humble/share/rosidl_generator_cpp/cmake)
-- Using all available rosidl_typesupport_c: rosidl_typesupport_fastrtps_c;rosidl_typesupport_introspection_c
-- Using all available rosidl_typesupport_cpp: rosidl_typesupport_fastrtps_cpp;rosidl_typesupport_introspection_cpp
-- Found rosidl_default_generators: 1.2.0 (/opt/ros/humble/share/rosidl_default_generators/cmake)
-- Found std_msgs: 4.2.4 (/opt/ros/humble/share/std_msgs/cmake)
-- Found geometry_msgs: 4.2.4 (/opt/ros/humble/share/geometry_msgs/cmake)
-- Found actionlib_msgs: 4.2.4 (/opt/ros/humble/share/actionlib_msgs/cmake)
-- Found visualization_msgs: 4.2.4 (/opt/ros/humble/share/visualization_msgs/cmake)
-- Found nav_msgs: 4.2.4 (/opt/ros/humble/share/nav_msgs/cmake)
-- Configuring done (1.4s)
-- Generating done (0.0s)
-- Build files have been written to: /home/adam/Desktop/SBSN/ros2_ws/build/mbsn
Built target ament_cmake_python_copy_mbsn
running egg_info
creating mbsn.egg-info
writing mbsn.egg-info/PKG-INFO
writing dependency_links to mbsn.egg-info/dependency_links.txt
writing top-level names to mbsn.egg-info/top_level.txt
writing manifest file 'mbsn.egg-info/SOURCES.txt'
reading manifest file 'mbsn.egg-info/SOURCES.txt'
writing manifest file 'mbsn.egg-info/SOURCES.txt'
Built target ament_cmake_python_build_mbsn_egg
-- Install configuration: "Release"
-- Installing: /home/adam/Desktop/SBSN/ros2_ws/install/mbsn/share/mbsn//launch
-- Installing: /home/adam/Desktop/SBSN/ros2_ws/install/mbsn/share/mbsn//launch/my_nav.launch.py
-- Installing: /home/adam/Desktop/SBSN/ros2_ws/install/mbsn/share/mbsn//launch/local_nav_teb.launch.py
-- Installing: /home/adam/Desktop/SBSN/ros2_ws/install/mbsn/share/mbsn//launch/local_nav.launch.py
-- Installing: /home/adam/Desktop/SBSN/ros2_ws/install/mbsn/share/mbsn//params
-- Installing: /home/adam/Desktop/SBSN/ros2_ws/install/mbsn/share/mbsn//params/nav2_my_params.yaml
-- Installing: /home/adam/Desktop/SBSN/ros2_ws/install/mbsn/share/mbsn//params/nav2_params.yaml
-- Installing: /home/adam/Desktop/SBSN/ros2_ws/install/mbsn/share/mbsn//params/nav2_params_teb.yaml
-- Installing: /home/adam/Desktop/SBSN/ros2_ws/install/mbsn/share/mbsn/environment/pythonpath.sh
-- Installing: /home/adam/Desktop/SBSN/ros2_ws/install/mbsn/share/mbsn/environment/pythonpath.dsv
-- Installing: /home/adam/Desktop/SBSN/ros2_ws/install/mbsn/local/lib/python3.10/dist-packages/mbsn-0.0.0-py3.10.egg-info
-- Installing: /home/adam/Desktop/SBSN/ros2_ws/install/mbsn/local/lib/python3.10/dist-packages/mbsn-0.0.0-py3.10.egg-info/dependency_links.txt
-- Installing: /home/adam/Desktop/SBSN/ros2_ws/install/mbsn/local/lib/python3.10/dist-packages/mbsn-0.0.0-py3.10.egg-info/SOURCES.txt
-- Installing: /home/adam/Desktop/SBSN/ros2_ws/install/mbsn/local/lib/python3.10/dist-packages/mbsn-0.0.0-py3.10.egg-info/PKG-INFO
-- Installing: /home/adam/Desktop/SBSN/ros2_ws/install/mbsn/local/lib/python3.10/dist-packages/mbsn-0.0.0-py3.10.egg-info/top_level.txt
-- Installing: /home/adam/Desktop/SBSN/ros2_ws/install/mbsn/local/lib/python3.10/dist-packages/mbsn
-- Installing: /home/adam/Desktop/SBSN/ros2_ws/install/mbsn/local/lib/python3.10/dist-packages/mbsn/utils
-- Installing: /home/adam/Desktop/SBSN/ros2_ws/install/mbsn/local/lib/python3.10/dist-packages/mbsn/utils/segmentation
-- Installing: /home/adam/Desktop/SBSN/ros2_ws/install/mbsn/local/lib/python3.10/dist-packages/mbsn/utils/segmentation/py_floor_plan_segmenter
-- Installing: /home/adam/Desktop/SBSN/ros2_ws/install/mbsn/local/lib/python3.10/dist-packages/mbsn/utils/segmentation/py_floor_plan_segmenter/segment.py
-- Installing: /home/adam/Desktop/SBSN/ros2_ws/install/mbsn/local/lib/python3.10/dist-packages/mbsn/utils/segmentation/py_floor_plan_segmenter/server.py
-- Installing: /home/adam/Desktop/SBSN/ros2_ws/install/mbsn/local/lib/python3.10/dist-packages/mbsn/utils/segmentation/py_floor_plan_segmenter/default.yml
-- Installing: /home/adam/Desktop/SBSN/ros2_ws/install/mbsn/local/lib/python3.10/dist-packages/mbsn/utils/segmentation/py_floor_plan_segmenter/debugging
-- Installing: /home/adam/Desktop/SBSN/ros2_ws/install/mbsn/local/lib/python3.10/dist-packages/mbsn/utils/segmentation/py_floor_plan_segmenter/debugging/visualization.py
-- Installing: /home/adam/Desktop/SBSN/ros2_ws/install/mbsn/local/lib/python3.10/dist-packages/mbsn/utils/segmentation/py_floor_plan_segmenter/debugging/__init__.py
-- Installing: /home/adam/Desktop/SBSN/ros2_ws/install/mbsn/local/lib/python3.10/dist-packages/mbsn/utils/segmentation/py_floor_plan_segmenter/debugging/debugging_factory.py
-- Installing: /home/adam/Desktop/SBSN/ros2_ws/install/mbsn/local/lib/python3.10/dist-packages/mbsn/utils/segmentation/py_floor_plan_segmenter/debugging/animation.py
-- Installing: /home/adam/Desktop/SBSN/ros2_ws/install/mbsn/local/lib/python3.10/dist-packages/mbsn/utils/segmentation/py_floor_plan_segmenter/merge.py
-- Installing: /home/adam/Desktop/SBSN/ros2_ws/install/mbsn/local/lib/python3.10/dist-packages/mbsn/utils/segmentation/py_floor_plan_segmenter/map_alignment.py
-- Installing: /home/adam/Desktop/SBSN/ros2_ws/install/mbsn/local/lib/python3.10/dist-packages/mbsn/utils/segmentation/py_floor_plan_segmenter/over_segment.py
-- Installing: /home/adam/Desktop/SBSN/ros2_ws/install/mbsn/local/lib/python3.10/dist-packages/mbsn/utils/segmentation/py_floor_plan_segmenter/evaluate
-- Installing: /home/adam/Desktop/SBSN/ros2_ws/install/mbsn/local/lib/python3.10/dist-packages/mbsn/utils/segmentation/py_floor_plan_segmenter/evaluate/__init__.py
-- Installing: /home/adam/Desktop/SBSN/ros2_ws/install/mbsn/local/lib/python3.10/dist-packages/mbsn/utils/segmentation/py_floor_plan_segmenter/evaluate/__main__.py
-- Installing: /home/adam/Desktop/SBSN/ros2_ws/install/mbsn/local/lib/python3.10/dist-packages/mbsn/utils/segmentation/py_floor_plan_segmenter/custom.yml
-- Installing: /home/adam/Desktop/SBSN/ros2_ws/install/mbsn/local/lib/python3.10/dist-packages/mbsn/utils/segmentation/py_floor_plan_segmenter/__init__.py
-- Installing: /home/adam/Desktop/SBSN/ros2_ws/install/mbsn/local/lib/python3.10/dist-packages/mbsn/utils/segmentation/py_floor_plan_segmenter/modules.py
-- Installing: /home/adam/Desktop/SBSN/ros2_ws/install/mbsn/local/lib/python3.10/dist-packages/mbsn/utils/segmentation/py_floor_plan_segmenter/graph.py
-- Installing: /home/adam/Desktop/SBSN/ros2_ws/install/mbsn/local/lib/python3.10/dist-packages/mbsn/utils/segmentation/py_floor_plan_segmenter/__main__.py
-- Installing: /home/adam/Desktop/SBSN/ros2_ws/install/mbsn/local/lib/python3.10/dist-packages/mbsn/utils/visibility_graph.py
-- Installing: /home/adam/Desktop/SBSN/ros2_ws/install/mbsn/local/lib/python3.10/dist-packages/mbsn/utils/map_loader.py
-- Installing: /home/adam/Desktop/SBSN/ros2_ws/install/mbsn/local/lib/python3.10/dist-packages/mbsn/utils/util.py
-- Installing: /home/adam/Desktop/SBSN/ros2_ws/install/mbsn/local/lib/python3.10/dist-packages/mbsn/utils/graph_visualisation.py
-- Installing: /home/adam/Desktop/SBSN/ros2_ws/install/mbsn/local/lib/python3.10/dist-packages/mbsn/__init__.py
-- Installing: /home/adam/Desktop/SBSN/ros2_ws/install/mbsn/local/lib/python3.10/dist-packages/mbsn/solver
-- Installing: /home/adam/Desktop/SBSN/ros2_ws/install/mbsn/local/lib/python3.10/dist-packages/mbsn/solver/multi_armed_bandit
-- Installing: /home/adam/Desktop/SBSN/ros2_ws/install/mbsn/local/lib/python3.10/dist-packages/mbsn/solver/multi_armed_bandit/ucb.py
-- Installing: /home/adam/Desktop/SBSN/ros2_ws/install/mbsn/local/lib/python3.10/dist-packages/mbsn/solver/multi_armed_bandit/.epsilon_greedy.py.swp
-- Installing: /home/adam/Desktop/SBSN/ros2_ws/install/mbsn/local/lib/python3.10/dist-packages/mbsn/solver/multi_armed_bandit/epsilon_decreasing.py
-- Installing: /home/adam/Desktop/SBSN/ros2_ws/install/mbsn/local/lib/python3.10/dist-packages/mbsn/solver/multi_armed_bandit/multi_armed_bandit.py
-- Installing: /home/adam/Desktop/SBSN/ros2_ws/install/mbsn/local/lib/python3.10/dist-packages/mbsn/solver/multi_armed_bandit/__init__.py
-- Installing: /home/adam/Desktop/SBSN/ros2_ws/install/mbsn/local/lib/python3.10/dist-packages/mbsn/solver/multi_armed_bandit/.epsilon_decreasing.py.swp
-- Installing: /home/adam/Desktop/SBSN/ros2_ws/install/mbsn/local/lib/python3.10/dist-packages/mbsn/solver/multi_armed_bandit/softmax.py
-- Installing: /home/adam/Desktop/SBSN/ros2_ws/install/mbsn/local/lib/python3.10/dist-packages/mbsn/solver/multi_armed_bandit/epsilon_greedy.py
-- Installing: /home/adam/Desktop/SBSN/ros2_ws/install/mbsn/local/lib/python3.10/dist-packages/mbsn/solver/ValueIteration.py
-- Installing: /home/adam/Desktop/SBSN/ros2_ws/install/mbsn/local/lib/python3.10/dist-packages/mbsn/solver/qfunction.py
-- Installing: /home/adam/Desktop/SBSN/ros2_ws/install/mbsn/local/lib/python3.10/dist-packages/mbsn/solver/heuristicfunction.py
-- Installing: /home/adam/Desktop/SBSN/ros2_ws/install/mbsn/local/lib/python3.10/dist-packages/mbsn/solver/qtable.py
-- Installing: /home/adam/Desktop/SBSN/ros2_ws/install/mbsn/local/lib/python3.10/dist-packages/mbsn/solver/MCTS.py
-- Installing: /home/adam/Desktop/SBSN/ros2_ws/install/mbsn/local/lib/python3.10/dist-packages/mbsn/interpreter
-- Installing: /home/adam/Desktop/SBSN/ros2_ws/install/mbsn/local/lib/python3.10/dist-packages/mbsn/interpreter/environment_interpreter_to_graph.py
-- Installing: /home/adam/Desktop/SBSN/ros2_ws/install/mbsn/local/lib/python3.10/dist-packages/mbsn/interpreter/environment_interpreter.py
-- Installing: /home/adam/Desktop/SBSN/ros2_ws/install/mbsn/local/lib/python3.10/dist-packages/mbsn/interpreter/environment_interpreter_to_polygon.py
-- Installing: /home/adam/Desktop/SBSN/ros2_ws/install/mbsn/local/lib/python3.10/dist-packages/mbsn/model
-- Installing: /home/adam/Desktop/SBSN/ros2_ws/install/mbsn/local/lib/python3.10/dist-packages/mbsn/model/graph
-- Installing: /home/adam/Desktop/SBSN/ros2_ws/install/mbsn/local/lib/python3.10/dist-packages/mbsn/model/graph/GraphWorld.py
-- Installing: /home/adam/Desktop/SBSN/ros2_ws/install/mbsn/local/lib/python3.10/dist-packages/mbsn/model/graph/GraphAction.py
-- Installing: /home/adam/Desktop/SBSN/ros2_ws/install/mbsn/local/lib/python3.10/dist-packages/mbsn/model/graph/GraphState.py
-- Installing: /home/adam/Desktop/SBSN/ros2_ws/install/mbsn/local/lib/python3.10/dist-packages/mbsn/model/graph/MBSN.py
-- Installing: /home/adam/Desktop/SBSN/ros2_ws/install/mbsn/local/lib/python3.10/dist-packages/mbsn/model/interfaces
-- Installing: /home/adam/Desktop/SBSN/ros2_ws/install/mbsn/local/lib/python3.10/dist-packages/mbsn/model/interfaces/IAction.py
-- Installing: /home/adam/Desktop/SBSN/ros2_ws/install/mbsn/local/lib/python3.10/dist-packages/mbsn/model/interfaces/IState.py
-- Installing: /home/adam/Desktop/SBSN/ros2_ws/install/mbsn/local/lib/python3.10/dist-packages/mbsn/model/interfaces/MDP.py
-- Installing: /home/adam/Desktop/SBSN/ros2_ws/install/mbsn/local/lib/python3.10/dist-packages/mbsn/model/polygon
-- Installing: /home/adam/Desktop/SBSN/ros2_ws/install/mbsn/local/lib/python3.10/dist-packages/mbsn/model/polygon/environment_state.py
-- Installing: /home/adam/Desktop/SBSN/ros2_ws/install/mbsn/local/lib/python3.10/dist-packages/mbsn/model/polygon/human.py
-- Installing: /home/adam/Desktop/SBSN/ros2_ws/install/mbsn/local/lib/python3.10/dist-packages/mbsn/model/polygon/MDP.py
-- Installing: /home/adam/Desktop/SBSN/ros2_ws/install/mbsn/local/lib/python3.10/dist-packages/mbsn/model/polygon/NavPolygonMDP.py
-- Installing: /home/adam/Desktop/SBSN/ros2_ws/install/mbsn/local/lib/python3.10/dist-packages/mbsn/model/polygon/State.py
-- Installing: /home/adam/Desktop/SBSN/ros2_ws/install/mbsn/local/lib/python3.10/dist-packages/mbsn/model/polygon/NavRoomByVisibilityWithHumanMDP.py
-- Installing: /home/adam/Desktop/SBSN/ros2_ws/install/mbsn/local/lib/python3.10/dist-packages/mbsn/model/polygon/Action.py
-- Installing: /home/adam/Desktop/SBSN/ros2_ws/install/mbsn/local/lib/python3.10/dist-packages/mbsn/polygon
-- Installing: /home/adam/Desktop/SBSN/ros2_ws/install/mbsn/local/lib/python3.10/dist-packages/mbsn/polygon/nav_room.py
-- Installing: /home/adam/Desktop/SBSN/ros2_ws/install/mbsn/local/lib/python3.10/dist-packages/mbsn/polygon/nav_square.py
-- Installing: /home/adam/Desktop/SBSN/ros2_ws/install/mbsn/local/lib/python3.10/dist-packages/mbsn/polygon/nav_polygon.py
-- Installing: /home/adam/Desktop/SBSN/ros2_ws/install/mbsn/local/lib/python3.10/dist-packages/mbsn/polygon/nav_hexagon.py
-- Installing: /home/adam/Desktop/SBSN/ros2_ws/install/mbsn/local/lib/python3.10/dist-packages/mbsn/polygon/visibility.py
-- Installing: /home/adam/Desktop/SBSN/ros2_ws/install/mbsn/local/lib/python3.10/dist-packages/mbsn/polygon/nav_map.py
Listing '/home/adam/Desktop/SBSN/ros2_ws/install/mbsn/local/lib/python3.10/dist-packages/mbsn'...
Compiling '/home/adam/Desktop/SBSN/ros2_ws/install/mbsn/local/lib/python3.10/dist-packages/mbsn/__init__.py'...
Listing '/home/adam/Desktop/SBSN/ros2_ws/install/mbsn/local/lib/python3.10/dist-packages/mbsn/interpreter'...
Compiling '/home/adam/Desktop/SBSN/ros2_ws/install/mbsn/local/lib/python3.10/dist-packages/mbsn/interpreter/environment_interpreter.py'...
Compiling '/home/adam/Desktop/SBSN/ros2_ws/install/mbsn/local/lib/python3.10/dist-packages/mbsn/interpreter/environment_interpreter_to_graph.py'...
Compiling '/home/adam/Desktop/SBSN/ros2_ws/install/mbsn/local/lib/python3.10/dist-packages/mbsn/interpreter/environment_interpreter_to_polygon.py'...
Listing '/home/adam/Desktop/SBSN/ros2_ws/install/mbsn/local/lib/python3.10/dist-packages/mbsn/model'...
Listing '/home/adam/Desktop/SBSN/ros2_ws/install/mbsn/local/lib/python3.10/dist-packages/mbsn/model/graph'...
Compiling '/home/adam/Desktop/SBSN/ros2_ws/install/mbsn/local/lib/python3.10/dist-packages/mbsn/model/graph/GraphAction.py'...
Compiling '/home/adam/Desktop/SBSN/ros2_ws/install/mbsn/local/lib/python3.10/dist-packages/mbsn/model/graph/GraphState.py'...
Compiling '/home/adam/Desktop/SBSN/ros2_ws/install/mbsn/local/lib/python3.10/dist-packages/mbsn/model/graph/GraphWorld.py'...
Compiling '/home/adam/Desktop/SBSN/ros2_ws/install/mbsn/local/lib/python3.10/dist-packages/mbsn/model/graph/MBSN.py'...
Listing '/home/adam/Desktop/SBSN/ros2_ws/install/mbsn/local/lib/python3.10/dist-packages/mbsn/model/interfaces'...
Compiling '/home/adam/Desktop/SBSN/ros2_ws/install/mbsn/local/lib/python3.10/dist-packages/mbsn/model/interfaces/IAction.py'...
Compiling '/home/adam/Desktop/SBSN/ros2_ws/install/mbsn/local/lib/python3.10/dist-packages/mbsn/model/interfaces/IState.py'...
Compiling '/home/adam/Desktop/SBSN/ros2_ws/install/mbsn/local/lib/python3.10/dist-packages/mbsn/model/interfaces/MDP.py'...
Listing '/home/adam/Desktop/SBSN/ros2_ws/install/mbsn/local/lib/python3.10/dist-packages/mbsn/model/polygon'...
Compiling '/home/adam/Desktop/SBSN/ros2_ws/install/mbsn/local/lib/python3.10/dist-packages/mbsn/model/polygon/Action.py'...
Compiling '/home/adam/Desktop/SBSN/ros2_ws/install/mbsn/local/lib/python3.10/dist-packages/mbsn/model/polygon/MDP.py'...
Compiling '/home/adam/Desktop/SBSN/ros2_ws/install/mbsn/local/lib/python3.10/dist-packages/mbsn/model/polygon/NavPolygonMDP.py'...
Compiling '/home/adam/Desktop/SBSN/ros2_ws/install/mbsn/local/lib/python3.10/dist-packages/mbsn/model/polygon/NavRoomByVisibilityWithHumanMDP.py'...
Compiling '/home/adam/Desktop/SBSN/ros2_ws/install/mbsn/local/lib/python3.10/dist-packages/mbsn/model/polygon/State.py'...
Compiling '/home/adam/Desktop/SBSN/ros2_ws/install/mbsn/local/lib/python3.10/dist-packages/mbsn/model/polygon/environment_state.py'...
Compiling '/home/adam/Desktop/SBSN/ros2_ws/install/mbsn/local/lib/python3.10/dist-packages/mbsn/model/polygon/human.py'...
Listing '/home/adam/Desktop/SBSN/ros2_ws/install/mbsn/local/lib/python3.10/dist-packages/mbsn/polygon'...
Compiling '/home/adam/Desktop/SBSN/ros2_ws/install/mbsn/local/lib/python3.10/dist-packages/mbsn/polygon/nav_hexagon.py'...
Compiling '/home/adam/Desktop/SBSN/ros2_ws/install/mbsn/local/lib/python3.10/dist-packages/mbsn/polygon/nav_map.py'...
Compiling '/home/adam/Desktop/SBSN/ros2_ws/install/mbsn/local/lib/python3.10/dist-packages/mbsn/polygon/nav_polygon.py'...
Compiling '/home/adam/Desktop/SBSN/ros2_ws/install/mbsn/local/lib/python3.10/dist-packages/mbsn/polygon/nav_room.py'...
Compiling '/home/adam/Desktop/SBSN/ros2_ws/install/mbsn/local/lib/python3.10/dist-packages/mbsn/polygon/nav_square.py'...
Compiling '/home/adam/Desktop/SBSN/ros2_ws/install/mbsn/local/lib/python3.10/dist-packages/mbsn/polygon/visibility.py'...
Listing '/home/adam/Desktop/SBSN/ros2_ws/install/mbsn/local/lib/python3.10/dist-packages/mbsn/solver'...
Compiling '/home/adam/Desktop/SBSN/ros2_ws/install/mbsn/local/lib/python3.10/dist-packages/mbsn/solver/MCTS.py'...
Compiling '/home/adam/Desktop/SBSN/ros2_ws/install/mbsn/local/lib/python3.10/dist-packages/mbsn/solver/ValueIteration.py'...
Compiling '/home/adam/Desktop/SBSN/ros2_ws/install/mbsn/local/lib/python3.10/dist-packages/mbsn/solver/heuristicfunction.py'...
Listing '/home/adam/Desktop/SBSN/ros2_ws/install/mbsn/local/lib/python3.10/dist-packages/mbsn/solver/multi_armed_bandit'...
Compiling '/home/adam/Desktop/SBSN/ros2_ws/install/mbsn/local/lib/python3.10/dist-packages/mbsn/solver/multi_armed_bandit/__init__.py'...
Compiling '/home/adam/Desktop/SBSN/ros2_ws/install/mbsn/local/lib/python3.10/dist-packages/mbsn/solver/multi_armed_bandit/epsilon_decreasing.py'...
Compiling '/home/adam/Desktop/SBSN/ros2_ws/install/mbsn/local/lib/python3.10/dist-packages/mbsn/solver/multi_armed_bandit/epsilon_greedy.py'...
Compiling '/home/adam/Desktop/SBSN/ros2_ws/install/mbsn/local/lib/python3.10/dist-packages/mbsn/solver/multi_armed_bandit/multi_armed_bandit.py'...
Compiling '/home/adam/Desktop/SBSN/ros2_ws/install/mbsn/local/lib/python3.10/dist-packages/mbsn/solver/multi_armed_bandit/softmax.py'...
Compiling '/home/adam/Desktop/SBSN/ros2_ws/install/mbsn/local/lib/python3.10/dist-packages/mbsn/solver/multi_armed_bandit/ucb.py'...
Compiling '/home/adam/Desktop/SBSN/ros2_ws/install/mbsn/local/lib/python3.10/dist-packages/mbsn/solver/qfunction.py'...
Compiling '/home/adam/Desktop/SBSN/ros2_ws/install/mbsn/local/lib/python3.10/dist-packages/mbsn/solver/qtable.py'...
Listing '/home/adam/Desktop/SBSN/ros2_ws/install/mbsn/local/lib/python3.10/dist-packages/mbsn/utils'...
Compiling '/home/adam/Desktop/SBSN/ros2_ws/install/mbsn/local/lib/python3.10/dist-packages/mbsn/utils/graph_visualisation.py'...
Compiling '/home/adam/Desktop/SBSN/ros2_ws/install/mbsn/local/lib/python3.10/dist-packages/mbsn/utils/map_loader.py'...
Listing '/home/adam/Desktop/SBSN/ros2_ws/install/mbsn/local/lib/python3.10/dist-packages/mbsn/utils/segmentation'...
Listing '/home/adam/Desktop/SBSN/ros2_ws/install/mbsn/local/lib/python3.10/dist-packages/mbsn/utils/segmentation/py_floor_plan_segmenter'...
Compiling '/home/adam/Desktop/SBSN/ros2_ws/install/mbsn/local/lib/python3.10/dist-packages/mbsn/utils/segmentation/py_floor_plan_segmenter/__init__.py'...
Compiling '/home/adam/Desktop/SBSN/ros2_ws/install/mbsn/local/lib/python3.10/dist-packages/mbsn/utils/segmentation/py_floor_plan_segmenter/__main__.py'...
Listing '/home/adam/Desktop/SBSN/ros2_ws/install/mbsn/local/lib/python3.10/dist-packages/mbsn/utils/segmentation/py_floor_plan_segmenter/debugging'...
Compiling '/home/adam/Desktop/SBSN/ros2_ws/install/mbsn/local/lib/python3.10/dist-packages/mbsn/utils/segmentation/py_floor_plan_segmenter/debugging/__init__.py'...
Compiling '/home/adam/Desktop/SBSN/ros2_ws/install/mbsn/local/lib/python3.10/dist-packages/mbsn/utils/segmentation/py_floor_plan_segmenter/debugging/animation.py'...
Compiling '/home/adam/Desktop/SBSN/ros2_ws/install/mbsn/local/lib/python3.10/dist-packages/mbsn/utils/segmentation/py_floor_plan_segmenter/debugging/debugging_factory.py'...
Compiling '/home/adam/Desktop/SBSN/ros2_ws/install/mbsn/local/lib/python3.10/dist-packages/mbsn/utils/segmentation/py_floor_plan_segmenter/debugging/visualization.py'...
Listing '/home/adam/Desktop/SBSN/ros2_ws/install/mbsn/local/lib/python3.10/dist-packages/mbsn/utils/segmentation/py_floor_plan_segmenter/evaluate'...
Compiling '/home/adam/Desktop/SBSN/ros2_ws/install/mbsn/local/lib/python3.10/dist-packages/mbsn/utils/segmentation/py_floor_plan_segmenter/evaluate/__init__.py'...
Compiling '/home/adam/Desktop/SBSN/ros2_ws/install/mbsn/local/lib/python3.10/dist-packages/mbsn/utils/segmentation/py_floor_plan_segmenter/evaluate/__main__.py'...
Compiling '/home/adam/Desktop/SBSN/ros2_ws/install/mbsn/local/lib/python3.10/dist-packages/mbsn/utils/segmentation/py_floor_plan_segmenter/graph.py'...
Compiling '/home/adam/Desktop/SBSN/ros2_ws/install/mbsn/local/lib/python3.10/dist-packages/mbsn/utils/segmentation/py_floor_plan_segmenter/map_alignment.py'...
Compiling '/home/adam/Desktop/SBSN/ros2_ws/install/mbsn/local/lib/python3.10/dist-packages/mbsn/utils/segmentation/py_floor_plan_segmenter/merge.py'...
Compiling '/home/adam/Desktop/SBSN/ros2_ws/install/mbsn/local/lib/python3.10/dist-packages/mbsn/utils/segmentation/py_floor_plan_segmenter/modules.py'...
Compiling '/home/adam/Desktop/SBSN/ros2_ws/install/mbsn/local/lib/python3.10/dist-packages/mbsn/utils/segmentation/py_floor_plan_segmenter/over_segment.py'...
Compiling '/home/adam/Desktop/SBSN/ros2_ws/install/mbsn/local/lib/python3.10/dist-packages/mbsn/utils/segmentation/py_floor_plan_segmenter/segment.py'...
Compiling '/home/adam/Desktop/SBSN/ros2_ws/install/mbsn/local/lib/python3.10/dist-packages/mbsn/utils/segmentation/py_floor_plan_segmenter/server.py'...
Compiling '/home/adam/Desktop/SBSN/ros2_ws/install/mbsn/local/lib/python3.10/dist-packages/mbsn/utils/util.py'...
Compiling '/home/adam/Desktop/SBSN/ros2_ws/install/mbsn/local/lib/python3.10/dist-packages/mbsn/utils/visibility_graph.py'...
-- Installing: /home/adam/Desktop/SBSN/ros2_ws/install/mbsn/lib/mbsn/MBSN_hexagonal.py
-- Installing: /home/adam/Desktop/SBSN/ros2_ws/install/mbsn/share/ament_index/resource_index/package_run_dependencies/mbsn
-- Installing: /home/adam/Desktop/SBSN/ros2_ws/install/mbsn/share/ament_index/resource_index/parent_prefix_path/mbsn
-- Installing: /home/adam/Desktop/SBSN/ros2_ws/install/mbsn/share/mbsn/environment/ament_prefix_path.sh
-- Installing: /home/adam/Desktop/SBSN/ros2_ws/install/mbsn/share/mbsn/environment/ament_prefix_path.dsv
-- Installing: /home/adam/Desktop/SBSN/ros2_ws/install/mbsn/share/mbsn/environment/path.sh
-- Installing: /home/adam/Desktop/SBSN/ros2_ws/install/mbsn/share/mbsn/environment/path.dsv
-- Installing: /home/adam/Desktop/SBSN/ros2_ws/install/mbsn/share/mbsn/local_setup.bash
-- Installing: /home/adam/Desktop/SBSN/ros2_ws/install/mbsn/share/mbsn/local_setup.sh
-- Installing: /home/adam/Desktop/SBSN/ros2_ws/install/mbsn/share/mbsn/local_setup.zsh
-- Installing: /home/adam/Desktop/SBSN/ros2_ws/install/mbsn/share/mbsn/local_setup.dsv
-- Installing: /home/adam/Desktop/SBSN/ros2_ws/install/mbsn/share/mbsn/package.dsv
-- Installing: /home/adam/Desktop/SBSN/ros2_ws/install/mbsn/share/ament_index/resource_index/packages/mbsn
-- Installing: /home/adam/Desktop/SBSN/ros2_ws/install/mbsn/share/mbsn/cmake/ament_cmake_export_dependencies-extras.cmake
-- Installing: /home/adam/Desktop/SBSN/ros2_ws/install/mbsn/share/mbsn/cmake/mbsnConfig.cmake
-- Installing: /home/adam/Desktop/SBSN/ros2_ws/install/mbsn/share/mbsn/cmake/mbsnConfig-version.cmake
-- Installing: /home/adam/Desktop/SBSN/ros2_ws/install/mbsn/share/mbsn/package.xml
