[0.048s] Invoking command in '/home/adam/Desktop/SBSN/ros2_ws/build/mbsn': CMAKE_PREFIX_PATH=/opt/ros/humble /home/adam/.local/bin/cmake /home/adam/Desktop/SBSN/ros2_ws/src/MBSN -DCMAKE_INSTALL_PREFIX=/home/adam/Desktop/SBSN/ros2_ws/install/mbsn
[0.309s] -- The C compiler identification is GNU 11.4.0
[0.312s] -- The CXX compiler identification is GNU 11.4.0
[0.322s] -- Detecting C compiler ABI info
[0.386s] -- Detecting C compiler ABI info - done
[0.402s] -- Check for working C compiler: /usr/bin/cc - skipped
[0.402s] -- Detecting C compile features
[0.402s] -- Detecting C compile features - done
[0.406s] -- Detecting CXX compiler ABI info
[0.469s] -- Detecting CXX compiler ABI info - done
[0.491s] -- Check for working CXX compiler: /usr/bin/c++ - skipped
[0.491s] -- Detecting CXX compile features
[0.492s] -- Detecting CXX compile features - done
[0.493s] [0mmbsn: You did not request a specific build type: Choosing 'Release' for maximum performance[0m
[0.495s] -- Found rclpy: 3.3.13 (/opt/ros/humble/share/rclpy/cmake)
[0.497s] -- Found builtin_interfaces: 1.2.1 (/opt/ros/humble/share/builtin_interfaces/cmake)
[0.602s] -- Found Python3: /usr/bin/python3 (found version "3.10.12") found components: Interpreter
[0.747s] -- Found rosidl_generator_c: 3.1.5 (/opt/ros/humble/share/rosidl_generator_c/cmake)
[0.752s] -- Found rosidl_adapter: 3.1.5 (/opt/ros/humble/share/rosidl_adapter/cmake)
[0.760s] -- Found rosidl_generator_cpp: 3.1.5 (/opt/ros/humble/share/rosidl_generator_cpp/cmake)
[0.778s] -- Using all available rosidl_typesupport_c: rosidl_typesupport_fastrtps_c;rosidl_typesupport_introspection_c
[0.805s] -- Using all available rosidl_typesupport_cpp: rosidl_typesupport_fastrtps_cpp;rosidl_typesupport_introspection_cpp
[0.828s] -- Found rosidl_default_generators: 1.2.0 (/opt/ros/humble/share/rosidl_default_generators/cmake)
[0.841s] -- Found std_msgs: 4.2.4 (/opt/ros/humble/share/std_msgs/cmake)
[0.902s] -- Found geometry_msgs: 4.2.4 (/opt/ros/humble/share/geometry_msgs/cmake)
[0.980s] -- Found actionlib_msgs: 4.2.4 (/opt/ros/humble/share/actionlib_msgs/cmake)
[1.051s] -- Found visualization_msgs: 4.2.4 (/opt/ros/humble/share/visualization_msgs/cmake)
[1.288s] -- Found nav_msgs: 4.2.4 (/opt/ros/humble/share/nav_msgs/cmake)
[1.492s] -- Configuring done (1.4s)
[1.496s] -- Generating done (0.0s)
[1.497s] -- Build files have been written to: /home/adam/Desktop/SBSN/ros2_ws/build/mbsn
[1.514s] Invoked command in '/home/adam/Desktop/SBSN/ros2_ws/build/mbsn' returned '0': CMAKE_PREFIX_PATH=/opt/ros/humble /home/adam/.local/bin/cmake /home/adam/Desktop/SBSN/ros2_ws/src/MBSN -DCMAKE_INSTALL_PREFIX=/home/adam/Desktop/SBSN/ros2_ws/install/mbsn
[1.516s] Invoking command in '/home/adam/Desktop/SBSN/ros2_ws/build/mbsn': CMAKE_PREFIX_PATH=/opt/ros/humble /home/adam/.local/bin/cmake --build /home/adam/Desktop/SBSN/ros2_ws/build/mbsn -- -j16 -l16
[1.602s] Built target ament_cmake_python_copy_mbsn
[1.816s] running egg_info
[1.817s] creating mbsn.egg-info
[1.817s] writing mbsn.egg-info/PKG-INFO
[1.818s] writing dependency_links to mbsn.egg-info/dependency_links.txt
[1.818s] writing top-level names to mbsn.egg-info/top_level.txt
[1.818s] writing manifest file 'mbsn.egg-info/SOURCES.txt'
[1.821s] reading manifest file 'mbsn.egg-info/SOURCES.txt'
[1.821s] writing manifest file 'mbsn.egg-info/SOURCES.txt'
[1.850s] Built target ament_cmake_python_build_mbsn_egg
[1.863s] Invoked command in '/home/adam/Desktop/SBSN/ros2_ws/build/mbsn' returned '0': CMAKE_PREFIX_PATH=/opt/ros/humble /home/adam/.local/bin/cmake --build /home/adam/Desktop/SBSN/ros2_ws/build/mbsn -- -j16 -l16
[1.943s] Invoking command in '/home/adam/Desktop/SBSN/ros2_ws/build/mbsn': CMAKE_PREFIX_PATH=/opt/ros/humble /home/adam/.local/bin/cmake --install /home/adam/Desktop/SBSN/ros2_ws/build/mbsn
[2.003s] -- Install configuration: "Release"
[2.003s] -- Installing: /home/adam/Desktop/SBSN/ros2_ws/install/mbsn/share/mbsn//launch
[2.003s] -- Installing: /home/adam/Desktop/SBSN/ros2_ws/install/mbsn/share/mbsn//launch/my_nav.launch.py
[2.004s] -- Installing: /home/adam/Desktop/SBSN/ros2_ws/install/mbsn/share/mbsn//launch/local_nav_teb.launch.py
[2.004s] -- Installing: /home/adam/Desktop/SBSN/ros2_ws/install/mbsn/share/mbsn//launch/local_nav.launch.py
[2.004s] -- Installing: /home/adam/Desktop/SBSN/ros2_ws/install/mbsn/share/mbsn//params
[2.004s] -- Installing: /home/adam/Desktop/SBSN/ros2_ws/install/mbsn/share/mbsn//params/nav2_my_params.yaml
[2.004s] -- Installing: /home/adam/Desktop/SBSN/ros2_ws/install/mbsn/share/mbsn//params/nav2_params.yaml
[2.004s] -- Installing: /home/adam/Desktop/SBSN/ros2_ws/install/mbsn/share/mbsn//params/nav2_params_teb.yaml
[2.004s] -- Installing: /home/adam/Desktop/SBSN/ros2_ws/install/mbsn/share/mbsn/environment/pythonpath.sh
[2.004s] -- Installing: /home/adam/Desktop/SBSN/ros2_ws/install/mbsn/share/mbsn/environment/pythonpath.dsv
[2.004s] -- Installing: /home/adam/Desktop/SBSN/ros2_ws/install/mbsn/local/lib/python3.10/dist-packages/mbsn-0.0.0-py3.10.egg-info
[2.004s] -- Installing: /home/adam/Desktop/SBSN/ros2_ws/install/mbsn/local/lib/python3.10/dist-packages/mbsn-0.0.0-py3.10.egg-info/dependency_links.txt
[2.004s] -- Installing: /home/adam/Desktop/SBSN/ros2_ws/install/mbsn/local/lib/python3.10/dist-packages/mbsn-0.0.0-py3.10.egg-info/SOURCES.txt
[2.005s] -- Installing: /home/adam/Desktop/SBSN/ros2_ws/install/mbsn/local/lib/python3.10/dist-packages/mbsn-0.0.0-py3.10.egg-info/PKG-INFO
[2.005s] -- Installing: /home/adam/Desktop/SBSN/ros2_ws/install/mbsn/local/lib/python3.10/dist-packages/mbsn-0.0.0-py3.10.egg-info/top_level.txt
[2.005s] -- Installing: /home/adam/Desktop/SBSN/ros2_ws/install/mbsn/local/lib/python3.10/dist-packages/mbsn
[2.005s] -- Installing: /home/adam/Desktop/SBSN/ros2_ws/install/mbsn/local/lib/python3.10/dist-packages/mbsn/utils
[2.005s] -- Installing: /home/adam/Desktop/SBSN/ros2_ws/install/mbsn/local/lib/python3.10/dist-packages/mbsn/utils/segmentation
[2.005s] -- Installing: /home/adam/Desktop/SBSN/ros2_ws/install/mbsn/local/lib/python3.10/dist-packages/mbsn/utils/segmentation/py_floor_plan_segmenter
[2.005s] -- Installing: /home/adam/Desktop/SBSN/ros2_ws/install/mbsn/local/lib/python3.10/dist-packages/mbsn/utils/segmentation/py_floor_plan_segmenter/segment.py
[2.005s] -- Installing: /home/adam/Desktop/SBSN/ros2_ws/install/mbsn/local/lib/python3.10/dist-packages/mbsn/utils/segmentation/py_floor_plan_segmenter/server.py
[2.005s] -- Installing: /home/adam/Desktop/SBSN/ros2_ws/install/mbsn/local/lib/python3.10/dist-packages/mbsn/utils/segmentation/py_floor_plan_segmenter/default.yml
[2.005s] -- Installing: /home/adam/Desktop/SBSN/ros2_ws/install/mbsn/local/lib/python3.10/dist-packages/mbsn/utils/segmentation/py_floor_plan_segmenter/debugging
[2.005s] -- Installing: /home/adam/Desktop/SBSN/ros2_ws/install/mbsn/local/lib/python3.10/dist-packages/mbsn/utils/segmentation/py_floor_plan_segmenter/debugging/visualization.py
[2.005s] -- Installing: /home/adam/Desktop/SBSN/ros2_ws/install/mbsn/local/lib/python3.10/dist-packages/mbsn/utils/segmentation/py_floor_plan_segmenter/debugging/__init__.py
[2.005s] -- Installing: /home/adam/Desktop/SBSN/ros2_ws/install/mbsn/local/lib/python3.10/dist-packages/mbsn/utils/segmentation/py_floor_plan_segmenter/debugging/debugging_factory.py
[2.005s] -- Installing: /home/adam/Desktop/SBSN/ros2_ws/install/mbsn/local/lib/python3.10/dist-packages/mbsn/utils/segmentation/py_floor_plan_segmenter/debugging/animation.py
[2.005s] -- Installing: /home/adam/Desktop/SBSN/ros2_ws/install/mbsn/local/lib/python3.10/dist-packages/mbsn/utils/segmentation/py_floor_plan_segmenter/merge.py
[2.006s] -- Installing: /home/adam/Desktop/SBSN/ros2_ws/install/mbsn/local/lib/python3.10/dist-packages/mbsn/utils/segmentation/py_floor_plan_segmenter/map_alignment.py
[2.006s] -- Installing: /home/adam/Desktop/SBSN/ros2_ws/install/mbsn/local/lib/python3.10/dist-packages/mbsn/utils/segmentation/py_floor_plan_segmenter/over_segment.py
[2.006s] -- Installing: /home/adam/Desktop/SBSN/ros2_ws/install/mbsn/local/lib/python3.10/dist-packages/mbsn/utils/segmentation/py_floor_plan_segmenter/evaluate
[2.006s] -- Installing: /home/adam/Desktop/SBSN/ros2_ws/install/mbsn/local/lib/python3.10/dist-packages/mbsn/utils/segmentation/py_floor_plan_segmenter/evaluate/__init__.py
[2.006s] -- Installing: /home/adam/Desktop/SBSN/ros2_ws/install/mbsn/local/lib/python3.10/dist-packages/mbsn/utils/segmentation/py_floor_plan_segmenter/evaluate/__main__.py
[2.006s] -- Installing: /home/adam/Desktop/SBSN/ros2_ws/install/mbsn/local/lib/python3.10/dist-packages/mbsn/utils/segmentation/py_floor_plan_segmenter/custom.yml
[2.006s] -- Installing: /home/adam/Desktop/SBSN/ros2_ws/install/mbsn/local/lib/python3.10/dist-packages/mbsn/utils/segmentation/py_floor_plan_segmenter/__init__.py
[2.006s] -- Installing: /home/adam/Desktop/SBSN/ros2_ws/install/mbsn/local/lib/python3.10/dist-packages/mbsn/utils/segmentation/py_floor_plan_segmenter/modules.py
[2.006s] -- Installing: /home/adam/Desktop/SBSN/ros2_ws/install/mbsn/local/lib/python3.10/dist-packages/mbsn/utils/segmentation/py_floor_plan_segmenter/graph.py
[2.006s] -- Installing: /home/adam/Desktop/SBSN/ros2_ws/install/mbsn/local/lib/python3.10/dist-packages/mbsn/utils/segmentation/py_floor_plan_segmenter/__main__.py
[2.006s] -- Installing: /home/adam/Desktop/SBSN/ros2_ws/install/mbsn/local/lib/python3.10/dist-packages/mbsn/utils/visibility_graph.py
[2.006s] -- Installing: /home/adam/Desktop/SBSN/ros2_ws/install/mbsn/local/lib/python3.10/dist-packages/mbsn/utils/map_loader.py
[2.006s] -- Installing: /home/adam/Desktop/SBSN/ros2_ws/install/mbsn/local/lib/python3.10/dist-packages/mbsn/utils/util.py
[2.006s] -- Installing: /home/adam/Desktop/SBSN/ros2_ws/install/mbsn/local/lib/python3.10/dist-packages/mbsn/utils/graph_visualisation.py
[2.006s] -- Installing: /home/adam/Desktop/SBSN/ros2_ws/install/mbsn/local/lib/python3.10/dist-packages/mbsn/__init__.py
[2.006s] -- Installing: /home/adam/Desktop/SBSN/ros2_ws/install/mbsn/local/lib/python3.10/dist-packages/mbsn/solver
[2.006s] -- Installing: /home/adam/Desktop/SBSN/ros2_ws/install/mbsn/local/lib/python3.10/dist-packages/mbsn/solver/multi_armed_bandit
[2.006s] -- Installing: /home/adam/Desktop/SBSN/ros2_ws/install/mbsn/local/lib/python3.10/dist-packages/mbsn/solver/multi_armed_bandit/ucb.py
[2.006s] -- Installing: /home/adam/Desktop/SBSN/ros2_ws/install/mbsn/local/lib/python3.10/dist-packages/mbsn/solver/multi_armed_bandit/.epsilon_greedy.py.swp
[2.006s] -- Installing: /home/adam/Desktop/SBSN/ros2_ws/install/mbsn/local/lib/python3.10/dist-packages/mbsn/solver/multi_armed_bandit/epsilon_decreasing.py
[2.006s] -- Installing: /home/adam/Desktop/SBSN/ros2_ws/install/mbsn/local/lib/python3.10/dist-packages/mbsn/solver/multi_armed_bandit/multi_armed_bandit.py
[2.006s] -- Installing: /home/adam/Desktop/SBSN/ros2_ws/install/mbsn/local/lib/python3.10/dist-packages/mbsn/solver/multi_armed_bandit/__init__.py
[2.006s] -- Installing: /home/adam/Desktop/SBSN/ros2_ws/install/mbsn/local/lib/python3.10/dist-packages/mbsn/solver/multi_armed_bandit/.epsilon_decreasing.py.swp
[2.007s] -- Installing: /home/adam/Desktop/SBSN/ros2_ws/install/mbsn/local/lib/python3.10/dist-packages/mbsn/solver/multi_armed_bandit/softmax.py
[2.007s] -- Installing: /home/adam/Desktop/SBSN/ros2_ws/install/mbsn/local/lib/python3.10/dist-packages/mbsn/solver/multi_armed_bandit/epsilon_greedy.py
[2.007s] -- Installing: /home/adam/Desktop/SBSN/ros2_ws/install/mbsn/local/lib/python3.10/dist-packages/mbsn/solver/ValueIteration.py
[2.007s] -- Installing: /home/adam/Desktop/SBSN/ros2_ws/install/mbsn/local/lib/python3.10/dist-packages/mbsn/solver/qfunction.py
[2.007s] -- Installing: /home/adam/Desktop/SBSN/ros2_ws/install/mbsn/local/lib/python3.10/dist-packages/mbsn/solver/heuristicfunction.py
[2.007s] -- Installing: /home/adam/Desktop/SBSN/ros2_ws/install/mbsn/local/lib/python3.10/dist-packages/mbsn/solver/qtable.py
[2.007s] -- Installing: /home/adam/Desktop/SBSN/ros2_ws/install/mbsn/local/lib/python3.10/dist-packages/mbsn/solver/MCTS.py
[2.007s] -- Installing: /home/adam/Desktop/SBSN/ros2_ws/install/mbsn/local/lib/python3.10/dist-packages/mbsn/interpreter
[2.007s] -- Installing: /home/adam/Desktop/SBSN/ros2_ws/install/mbsn/local/lib/python3.10/dist-packages/mbsn/interpreter/environment_interpreter_to_graph.py
[2.007s] -- Installing: /home/adam/Desktop/SBSN/ros2_ws/install/mbsn/local/lib/python3.10/dist-packages/mbsn/interpreter/environment_interpreter.py
[2.007s] -- Installing: /home/adam/Desktop/SBSN/ros2_ws/install/mbsn/local/lib/python3.10/dist-packages/mbsn/interpreter/environment_interpreter_to_polygon.py
[2.007s] -- Installing: /home/adam/Desktop/SBSN/ros2_ws/install/mbsn/local/lib/python3.10/dist-packages/mbsn/model
[2.007s] -- Installing: /home/adam/Desktop/SBSN/ros2_ws/install/mbsn/local/lib/python3.10/dist-packages/mbsn/model/graph
[2.007s] -- Installing: /home/adam/Desktop/SBSN/ros2_ws/install/mbsn/local/lib/python3.10/dist-packages/mbsn/model/graph/GraphWorld.py
[2.007s] -- Installing: /home/adam/Desktop/SBSN/ros2_ws/install/mbsn/local/lib/python3.10/dist-packages/mbsn/model/graph/GraphAction.py
[2.007s] -- Installing: /home/adam/Desktop/SBSN/ros2_ws/install/mbsn/local/lib/python3.10/dist-packages/mbsn/model/graph/GraphState.py
[2.007s] -- Installing: /home/adam/Desktop/SBSN/ros2_ws/install/mbsn/local/lib/python3.10/dist-packages/mbsn/model/graph/MBSN.py
[2.007s] -- Installing: /home/adam/Desktop/SBSN/ros2_ws/install/mbsn/local/lib/python3.10/dist-packages/mbsn/model/interfaces
[2.007s] -- Installing: /home/adam/Desktop/SBSN/ros2_ws/install/mbsn/local/lib/python3.10/dist-packages/mbsn/model/interfaces/IAction.py
[2.007s] -- Installing: /home/adam/Desktop/SBSN/ros2_ws/install/mbsn/local/lib/python3.10/dist-packages/mbsn/model/interfaces/IState.py
[2.007s] -- Installing: /home/adam/Desktop/SBSN/ros2_ws/install/mbsn/local/lib/python3.10/dist-packages/mbsn/model/interfaces/MDP.py
[2.008s] -- Installing: /home/adam/Desktop/SBSN/ros2_ws/install/mbsn/local/lib/python3.10/dist-packages/mbsn/model/polygon
[2.008s] -- Installing: /home/adam/Desktop/SBSN/ros2_ws/install/mbsn/local/lib/python3.10/dist-packages/mbsn/model/polygon/environment_state.py
[2.008s] -- Installing: /home/adam/Desktop/SBSN/ros2_ws/install/mbsn/local/lib/python3.10/dist-packages/mbsn/model/polygon/human.py
[2.008s] -- Installing: /home/adam/Desktop/SBSN/ros2_ws/install/mbsn/local/lib/python3.10/dist-packages/mbsn/model/polygon/MDP.py
[2.008s] -- Installing: /home/adam/Desktop/SBSN/ros2_ws/install/mbsn/local/lib/python3.10/dist-packages/mbsn/model/polygon/NavPolygonMDP.py
[2.008s] -- Installing: /home/adam/Desktop/SBSN/ros2_ws/install/mbsn/local/lib/python3.10/dist-packages/mbsn/model/polygon/State.py
[2.008s] -- Installing: /home/adam/Desktop/SBSN/ros2_ws/install/mbsn/local/lib/python3.10/dist-packages/mbsn/model/polygon/NavRoomByVisibilityWithHumanMDP.py
[2.008s] -- Installing: /home/adam/Desktop/SBSN/ros2_ws/install/mbsn/local/lib/python3.10/dist-packages/mbsn/model/polygon/Action.py
[2.008s] -- Installing: /home/adam/Desktop/SBSN/ros2_ws/install/mbsn/local/lib/python3.10/dist-packages/mbsn/polygon
[2.008s] -- Installing: /home/adam/Desktop/SBSN/ros2_ws/install/mbsn/local/lib/python3.10/dist-packages/mbsn/polygon/nav_room.py
[2.008s] -- Installing: /home/adam/Desktop/SBSN/ros2_ws/install/mbsn/local/lib/python3.10/dist-packages/mbsn/polygon/nav_square.py
[2.008s] -- Installing: /home/adam/Desktop/SBSN/ros2_ws/install/mbsn/local/lib/python3.10/dist-packages/mbsn/polygon/nav_polygon.py
[2.008s] -- Installing: /home/adam/Desktop/SBSN/ros2_ws/install/mbsn/local/lib/python3.10/dist-packages/mbsn/polygon/nav_hexagon.py
[2.008s] -- Installing: /home/adam/Desktop/SBSN/ros2_ws/install/mbsn/local/lib/python3.10/dist-packages/mbsn/polygon/visibility.py
[2.008s] -- Installing: /home/adam/Desktop/SBSN/ros2_ws/install/mbsn/local/lib/python3.10/dist-packages/mbsn/polygon/nav_map.py
[2.059s] Listing '/home/adam/Desktop/SBSN/ros2_ws/install/mbsn/local/lib/python3.10/dist-packages/mbsn'...
[2.059s] Compiling '/home/adam/Desktop/SBSN/ros2_ws/install/mbsn/local/lib/python3.10/dist-packages/mbsn/__init__.py'...
[2.059s] Listing '/home/adam/Desktop/SBSN/ros2_ws/install/mbsn/local/lib/python3.10/dist-packages/mbsn/interpreter'...
[2.059s] Compiling '/home/adam/Desktop/SBSN/ros2_ws/install/mbsn/local/lib/python3.10/dist-packages/mbsn/interpreter/environment_interpreter.py'...
[2.059s] Compiling '/home/adam/Desktop/SBSN/ros2_ws/install/mbsn/local/lib/python3.10/dist-packages/mbsn/interpreter/environment_interpreter_to_graph.py'...
[2.059s] Compiling '/home/adam/Desktop/SBSN/ros2_ws/install/mbsn/local/lib/python3.10/dist-packages/mbsn/interpreter/environment_interpreter_to_polygon.py'...
[2.059s] Listing '/home/adam/Desktop/SBSN/ros2_ws/install/mbsn/local/lib/python3.10/dist-packages/mbsn/model'...
[2.059s] Listing '/home/adam/Desktop/SBSN/ros2_ws/install/mbsn/local/lib/python3.10/dist-packages/mbsn/model/graph'...
[2.059s] Compiling '/home/adam/Desktop/SBSN/ros2_ws/install/mbsn/local/lib/python3.10/dist-packages/mbsn/model/graph/GraphAction.py'...
[2.060s] Compiling '/home/adam/Desktop/SBSN/ros2_ws/install/mbsn/local/lib/python3.10/dist-packages/mbsn/model/graph/GraphState.py'...
[2.060s] Compiling '/home/adam/Desktop/SBSN/ros2_ws/install/mbsn/local/lib/python3.10/dist-packages/mbsn/model/graph/GraphWorld.py'...
[2.060s] Compiling '/home/adam/Desktop/SBSN/ros2_ws/install/mbsn/local/lib/python3.10/dist-packages/mbsn/model/graph/MBSN.py'...
[2.060s] Listing '/home/adam/Desktop/SBSN/ros2_ws/install/mbsn/local/lib/python3.10/dist-packages/mbsn/model/interfaces'...
[2.060s] Compiling '/home/adam/Desktop/SBSN/ros2_ws/install/mbsn/local/lib/python3.10/dist-packages/mbsn/model/interfaces/IAction.py'...
[2.060s] Compiling '/home/adam/Desktop/SBSN/ros2_ws/install/mbsn/local/lib/python3.10/dist-packages/mbsn/model/interfaces/IState.py'...
[2.060s] Compiling '/home/adam/Desktop/SBSN/ros2_ws/install/mbsn/local/lib/python3.10/dist-packages/mbsn/model/interfaces/MDP.py'...
[2.060s] Listing '/home/adam/Desktop/SBSN/ros2_ws/install/mbsn/local/lib/python3.10/dist-packages/mbsn/model/polygon'...
[2.060s] Compiling '/home/adam/Desktop/SBSN/ros2_ws/install/mbsn/local/lib/python3.10/dist-packages/mbsn/model/polygon/Action.py'...
[2.060s] Compiling '/home/adam/Desktop/SBSN/ros2_ws/install/mbsn/local/lib/python3.10/dist-packages/mbsn/model/polygon/MDP.py'...
[2.060s] Compiling '/home/adam/Desktop/SBSN/ros2_ws/install/mbsn/local/lib/python3.10/dist-packages/mbsn/model/polygon/NavPolygonMDP.py'...
[2.060s] Compiling '/home/adam/Desktop/SBSN/ros2_ws/install/mbsn/local/lib/python3.10/dist-packages/mbsn/model/polygon/NavRoomByVisibilityWithHumanMDP.py'...
[2.060s] Compiling '/home/adam/Desktop/SBSN/ros2_ws/install/mbsn/local/lib/python3.10/dist-packages/mbsn/model/polygon/State.py'...
[2.060s] Compiling '/home/adam/Desktop/SBSN/ros2_ws/install/mbsn/local/lib/python3.10/dist-packages/mbsn/model/polygon/environment_state.py'...
[2.060s] Compiling '/home/adam/Desktop/SBSN/ros2_ws/install/mbsn/local/lib/python3.10/dist-packages/mbsn/model/polygon/human.py'...
[2.061s] Listing '/home/adam/Desktop/SBSN/ros2_ws/install/mbsn/local/lib/python3.10/dist-packages/mbsn/polygon'...
[2.061s] Compiling '/home/adam/Desktop/SBSN/ros2_ws/install/mbsn/local/lib/python3.10/dist-packages/mbsn/polygon/nav_hexagon.py'...
[2.061s] Compiling '/home/adam/Desktop/SBSN/ros2_ws/install/mbsn/local/lib/python3.10/dist-packages/mbsn/polygon/nav_map.py'...
[2.061s] Compiling '/home/adam/Desktop/SBSN/ros2_ws/install/mbsn/local/lib/python3.10/dist-packages/mbsn/polygon/nav_polygon.py'...
[2.061s] Compiling '/home/adam/Desktop/SBSN/ros2_ws/install/mbsn/local/lib/python3.10/dist-packages/mbsn/polygon/nav_room.py'...
[2.061s] Compiling '/home/adam/Desktop/SBSN/ros2_ws/install/mbsn/local/lib/python3.10/dist-packages/mbsn/polygon/nav_square.py'...
[2.061s] Compiling '/home/adam/Desktop/SBSN/ros2_ws/install/mbsn/local/lib/python3.10/dist-packages/mbsn/polygon/visibility.py'...
[2.061s] Listing '/home/adam/Desktop/SBSN/ros2_ws/install/mbsn/local/lib/python3.10/dist-packages/mbsn/solver'...
[2.061s] Compiling '/home/adam/Desktop/SBSN/ros2_ws/install/mbsn/local/lib/python3.10/dist-packages/mbsn/solver/MCTS.py'...
[2.061s] Compiling '/home/adam/Desktop/SBSN/ros2_ws/install/mbsn/local/lib/python3.10/dist-packages/mbsn/solver/ValueIteration.py'...
[2.061s] Compiling '/home/adam/Desktop/SBSN/ros2_ws/install/mbsn/local/lib/python3.10/dist-packages/mbsn/solver/heuristicfunction.py'...
[2.061s] Listing '/home/adam/Desktop/SBSN/ros2_ws/install/mbsn/local/lib/python3.10/dist-packages/mbsn/solver/multi_armed_bandit'...
[2.061s] Compiling '/home/adam/Desktop/SBSN/ros2_ws/install/mbsn/local/lib/python3.10/dist-packages/mbsn/solver/multi_armed_bandit/__init__.py'...
[2.061s] Compiling '/home/adam/Desktop/SBSN/ros2_ws/install/mbsn/local/lib/python3.10/dist-packages/mbsn/solver/multi_armed_bandit/epsilon_decreasing.py'...
[2.061s] Compiling '/home/adam/Desktop/SBSN/ros2_ws/install/mbsn/local/lib/python3.10/dist-packages/mbsn/solver/multi_armed_bandit/epsilon_greedy.py'...
[2.062s] Compiling '/home/adam/Desktop/SBSN/ros2_ws/install/mbsn/local/lib/python3.10/dist-packages/mbsn/solver/multi_armed_bandit/multi_armed_bandit.py'...
[2.062s] Compiling '/home/adam/Desktop/SBSN/ros2_ws/install/mbsn/local/lib/python3.10/dist-packages/mbsn/solver/multi_armed_bandit/softmax.py'...
[2.062s] Compiling '/home/adam/Desktop/SBSN/ros2_ws/install/mbsn/local/lib/python3.10/dist-packages/mbsn/solver/multi_armed_bandit/ucb.py'...
[2.062s] Compiling '/home/adam/Desktop/SBSN/ros2_ws/install/mbsn/local/lib/python3.10/dist-packages/mbsn/solver/qfunction.py'...
[2.062s] Compiling '/home/adam/Desktop/SBSN/ros2_ws/install/mbsn/local/lib/python3.10/dist-packages/mbsn/solver/qtable.py'...
[2.062s] Listing '/home/adam/Desktop/SBSN/ros2_ws/install/mbsn/local/lib/python3.10/dist-packages/mbsn/utils'...
[2.062s] Compiling '/home/adam/Desktop/SBSN/ros2_ws/install/mbsn/local/lib/python3.10/dist-packages/mbsn/utils/graph_visualisation.py'...
[2.062s] Compiling '/home/adam/Desktop/SBSN/ros2_ws/install/mbsn/local/lib/python3.10/dist-packages/mbsn/utils/map_loader.py'...
[2.062s] Listing '/home/adam/Desktop/SBSN/ros2_ws/install/mbsn/local/lib/python3.10/dist-packages/mbsn/utils/segmentation'...
[2.062s] Listing '/home/adam/Desktop/SBSN/ros2_ws/install/mbsn/local/lib/python3.10/dist-packages/mbsn/utils/segmentation/py_floor_plan_segmenter'...
[2.062s] Compiling '/home/adam/Desktop/SBSN/ros2_ws/install/mbsn/local/lib/python3.10/dist-packages/mbsn/utils/segmentation/py_floor_plan_segmenter/__init__.py'...
[2.062s] Compiling '/home/adam/Desktop/SBSN/ros2_ws/install/mbsn/local/lib/python3.10/dist-packages/mbsn/utils/segmentation/py_floor_plan_segmenter/__main__.py'...
[2.062s] Listing '/home/adam/Desktop/SBSN/ros2_ws/install/mbsn/local/lib/python3.10/dist-packages/mbsn/utils/segmentation/py_floor_plan_segmenter/debugging'...
[2.062s] Compiling '/home/adam/Desktop/SBSN/ros2_ws/install/mbsn/local/lib/python3.10/dist-packages/mbsn/utils/segmentation/py_floor_plan_segmenter/debugging/__init__.py'...
[2.062s] Compiling '/home/adam/Desktop/SBSN/ros2_ws/install/mbsn/local/lib/python3.10/dist-packages/mbsn/utils/segmentation/py_floor_plan_segmenter/debugging/animation.py'...
[2.063s] Compiling '/home/adam/Desktop/SBSN/ros2_ws/install/mbsn/local/lib/python3.10/dist-packages/mbsn/utils/segmentation/py_floor_plan_segmenter/debugging/debugging_factory.py'...
[2.063s] Compiling '/home/adam/Desktop/SBSN/ros2_ws/install/mbsn/local/lib/python3.10/dist-packages/mbsn/utils/segmentation/py_floor_plan_segmenter/debugging/visualization.py'...
[2.063s] Listing '/home/adam/Desktop/SBSN/ros2_ws/install/mbsn/local/lib/python3.10/dist-packages/mbsn/utils/segmentation/py_floor_plan_segmenter/evaluate'...
[2.063s] Compiling '/home/adam/Desktop/SBSN/ros2_ws/install/mbsn/local/lib/python3.10/dist-packages/mbsn/utils/segmentation/py_floor_plan_segmenter/evaluate/__init__.py'...
[2.063s] Compiling '/home/adam/Desktop/SBSN/ros2_ws/install/mbsn/local/lib/python3.10/dist-packages/mbsn/utils/segmentation/py_floor_plan_segmenter/evaluate/__main__.py'...
[2.063s] Compiling '/home/adam/Desktop/SBSN/ros2_ws/install/mbsn/local/lib/python3.10/dist-packages/mbsn/utils/segmentation/py_floor_plan_segmenter/graph.py'...
[2.063s] Compiling '/home/adam/Desktop/SBSN/ros2_ws/install/mbsn/local/lib/python3.10/dist-packages/mbsn/utils/segmentation/py_floor_plan_segmenter/map_alignment.py'...
[2.063s] Compiling '/home/adam/Desktop/SBSN/ros2_ws/install/mbsn/local/lib/python3.10/dist-packages/mbsn/utils/segmentation/py_floor_plan_segmenter/merge.py'...
[2.063s] Compiling '/home/adam/Desktop/SBSN/ros2_ws/install/mbsn/local/lib/python3.10/dist-packages/mbsn/utils/segmentation/py_floor_plan_segmenter/modules.py'...
[2.063s] Compiling '/home/adam/Desktop/SBSN/ros2_ws/install/mbsn/local/lib/python3.10/dist-packages/mbsn/utils/segmentation/py_floor_plan_segmenter/over_segment.py'...
[2.063s] Compiling '/home/adam/Desktop/SBSN/ros2_ws/install/mbsn/local/lib/python3.10/dist-packages/mbsn/utils/segmentation/py_floor_plan_segmenter/segment.py'...
[2.063s] Compiling '/home/adam/Desktop/SBSN/ros2_ws/install/mbsn/local/lib/python3.10/dist-packages/mbsn/utils/segmentation/py_floor_plan_segmenter/server.py'...
[2.063s] Compiling '/home/adam/Desktop/SBSN/ros2_ws/install/mbsn/local/lib/python3.10/dist-packages/mbsn/utils/util.py'...
[2.064s] Compiling '/home/adam/Desktop/SBSN/ros2_ws/install/mbsn/local/lib/python3.10/dist-packages/mbsn/utils/visibility_graph.py'...
[2.068s] -- Installing: /home/adam/Desktop/SBSN/ros2_ws/install/mbsn/lib/mbsn/MBSN_hexagonal.py
[2.068s] -- Installing: /home/adam/Desktop/SBSN/ros2_ws/install/mbsn/share/ament_index/resource_index/package_run_dependencies/mbsn
[2.068s] -- Installing: /home/adam/Desktop/SBSN/ros2_ws/install/mbsn/share/ament_index/resource_index/parent_prefix_path/mbsn
[2.068s] -- Installing: /home/adam/Desktop/SBSN/ros2_ws/install/mbsn/share/mbsn/environment/ament_prefix_path.sh
[2.068s] -- Installing: /home/adam/Desktop/SBSN/ros2_ws/install/mbsn/share/mbsn/environment/ament_prefix_path.dsv
[2.068s] -- Installing: /home/adam/Desktop/SBSN/ros2_ws/install/mbsn/share/mbsn/environment/path.sh
[2.069s] -- Installing: /home/adam/Desktop/SBSN/ros2_ws/install/mbsn/share/mbsn/environment/path.dsv
[2.069s] -- Installing: /home/adam/Desktop/SBSN/ros2_ws/install/mbsn/share/mbsn/local_setup.bash
[2.069s] -- Installing: /home/adam/Desktop/SBSN/ros2_ws/install/mbsn/share/mbsn/local_setup.sh
[2.069s] -- Installing: /home/adam/Desktop/SBSN/ros2_ws/install/mbsn/share/mbsn/local_setup.zsh
[2.069s] -- Installing: /home/adam/Desktop/SBSN/ros2_ws/install/mbsn/share/mbsn/local_setup.dsv
[2.069s] -- Installing: /home/adam/Desktop/SBSN/ros2_ws/install/mbsn/share/mbsn/package.dsv
[2.070s] -- Installing: /home/adam/Desktop/SBSN/ros2_ws/install/mbsn/share/ament_index/resource_index/packages/mbsn
[2.070s] -- Installing: /home/adam/Desktop/SBSN/ros2_ws/install/mbsn/share/mbsn/cmake/ament_cmake_export_dependencies-extras.cmake
[2.070s] -- Installing: /home/adam/Desktop/SBSN/ros2_ws/install/mbsn/share/mbsn/cmake/mbsnConfig.cmake
[2.070s] -- Installing: /home/adam/Desktop/SBSN/ros2_ws/install/mbsn/share/mbsn/cmake/mbsnConfig-version.cmake
[2.070s] -- Installing: /home/adam/Desktop/SBSN/ros2_ws/install/mbsn/share/mbsn/package.xml
[2.082s] Invoked command in '/home/adam/Desktop/SBSN/ros2_ws/build/mbsn' returned '0': CMAKE_PREFIX_PATH=/opt/ros/humble /home/adam/.local/bin/cmake --install /home/adam/Desktop/SBSN/ros2_ws/build/mbsn
