-- The C compiler identification is GNU 11.4.0
-- The CXX compiler identification is GNU 11.4.0
-- Detecting C compiler ABI info
-- Detecting C compiler ABI info - done
-- Check for working C compiler: /usr/bin/cc - skipped
-- Detecting C compile features
-- Detecting C compile features - done
-- Detecting CXX compiler ABI info
-- Detecting CXX compiler ABI info - done
-- Check for working CXX compiler: /usr/bin/c++ - skipped
-- Detecting CXX compile features
-- Detecting CXX compile features - done
[0msimulation_msgs: You did not request a specific build type: Choosing 'Release' for maximum performance[0m
-- Found ament_cmake: 1.3.9 (/opt/ros/humble/share/ament_cmake/cmake)
-- Found Python3: /usr/bin/python3 (found version "3.10.12") found components: Interpreter
-- Found std_msgs: 4.2.4 (/opt/ros/humble/share/std_msgs/cmake)
-- Found rosidl_generator_c: 3.1.5 (/opt/ros/humble/share/rosidl_generator_c/cmake)
-- Found rosidl_adapter: 3.1.5 (/opt/ros/humble/share/rosidl_adapter/cmake)
-- Found rosidl_generator_cpp: 3.1.5 (/opt/ros/humble/share/rosidl_generator_cpp/cmake)
-- Using all available rosidl_typesupport_c: rosidl_typesupport_fastrtps_c;rosidl_typesupport_introspection_c
-- Using all available rosidl_typesupport_cpp: rosidl_typesupport_fastrtps_cpp;rosidl_typesupport_introspection_cpp
-- Found geometry_msgs: 4.2.4 (/opt/ros/humble/share/geometry_msgs/cmake)
-- Found rosidl_default_generators: 1.2.0 (/opt/ros/humble/share/rosidl_default_generators/cmake)
-- Found ament_cmake_ros: 0.10.0 (/opt/ros/humble/share/ament_cmake_ros/cmake)
-- Using all available rosidl_typesupport_c: rosidl_typesupport_fastrtps_c;rosidl_typesupport_introspection_c
-- Using all available rosidl_typesupport_cpp: rosidl_typesupport_fastrtps_cpp;rosidl_typesupport_introspection_cpp
[33mCMake Warning (dev) at /opt/ros/humble/share/rosidl_generator_py/cmake/rosidl_generator_py_generate_interfaces.cmake:20 (find_package):
  Policy CMP0148 is not set: The FindPythonInterp and FindPythonLibs modules
  are removed.  Run "cmake --help-policy CMP0148" for policy details.  Use
  the cmake_policy command to set the policy and suppress this warning.

Call Stack (most recent call first):
  /opt/ros/humble/share/ament_cmake_core/cmake/core/ament_execute_extensions.cmake:48 (include)
  /opt/ros/humble/share/rosidl_cmake/cmake/rosidl_generate_interfaces.cmake:286 (ament_execute_extensions)
  CMakeLists.txt:29 (rosidl_generate_interfaces)
This warning is for project developers.  Use -Wno-dev to suppress it.
[0m
-- Found PythonInterp: /usr/bin/python3 (found suitable version "3.10.12", minimum required is "3.6")
-- Found python_cmake_module: 0.10.0 (/opt/ros/humble/share/python_cmake_module/cmake)
[33mCMake Warning (dev) at /opt/ros/humble/share/python_cmake_module/cmake/Modules/FindPythonExtra.cmake:52 (find_package):
  Policy CMP0148 is not set: The FindPythonInterp and FindPythonLibs modules
  are removed.  Run "cmake --help-policy CMP0148" for policy details.  Use
  the cmake_policy command to set the policy and suppress this warning.

Call Stack (most recent call first):
  /opt/ros/humble/share/rosidl_generator_py/cmake/rosidl_generator_py_generate_interfaces.cmake:23 (find_package)
  /opt/ros/humble/share/ament_cmake_core/cmake/core/ament_execute_extensions.cmake:48 (include)
  /opt/ros/humble/share/rosidl_cmake/cmake/rosidl_generate_interfaces.cmake:286 (ament_execute_extensions)
  CMakeLists.txt:29 (rosidl_generate_interfaces)
This warning is for project developers.  Use -Wno-dev to suppress it.
[0m
[33mCMake Warning (dev) at /opt/ros/humble/share/python_cmake_module/cmake/Modules/FindPythonExtra.cmake:140 (find_package):
  Policy CMP0148 is not set: The FindPythonInterp and FindPythonLibs modules
  are removed.  Run "cmake --help-policy CMP0148" for policy details.  Use
  the cmake_policy command to set the policy and suppress this warning.

Call Stack (most recent call first):
  /opt/ros/humble/share/rosidl_generator_py/cmake/rosidl_generator_py_generate_interfaces.cmake:23 (find_package)
  /opt/ros/humble/share/ament_cmake_core/cmake/core/ament_execute_extensions.cmake:48 (include)
  /opt/ros/humble/share/rosidl_cmake/cmake/rosidl_generate_interfaces.cmake:286 (ament_execute_extensions)
  CMakeLists.txt:29 (rosidl_generate_interfaces)
This warning is for project developers.  Use -Wno-dev to suppress it.
[0m
-- Found PythonLibs: /usr/lib/x86_64-linux-gnu/libpython3.10.so (found suitable version "3.10.12", minimum required is "3.5")
-- Using PYTHON_EXECUTABLE: /usr/bin/python3
-- Using PYTHON_INCLUDE_DIRS: /usr/include/python3.10
-- Using PYTHON_LIBRARIES: /usr/lib/x86_64-linux-gnu/libpython3.10.so
-- Found PythonExtra: .so
-- Configuring done (2.1s)
-- Generating done (0.1s)
-- Build files have been written to: /home/adam/Desktop/SBSN/ros2_ws/build/simulation_msgs
[  1%] [34m[1mGenerating C code for ROS interfaces[0m
[  3%] [34m[1mGenerating C++ code for ROS interfaces[0m
[  3%] Built target ament_cmake_python_copy_simulation_msgs
running egg_info
creating simulation_msgs.egg-info
writing simulation_msgs.egg-info/PKG-INFO
writing dependency_links to simulation_msgs.egg-info/dependency_links.txt
writing top-level names to simulation_msgs.egg-info/top_level.txt
writing manifest file 'simulation_msgs.egg-info/SOURCES.txt'
reading manifest file 'simulation_msgs.egg-info/SOURCES.txt'
writing manifest file 'simulation_msgs.egg-info/SOURCES.txt'
[  3%] Built target ament_cmake_python_build_simulation_msgs_egg
[  3%] Built target simulation_msgs__cpp
[  4%] [34m[1mGenerating C++ type support for eProsima Fast-RTPS[0m
[  6%] [34m[1mGenerating C++ introspection for ROS interfaces[0m
[  7%] [32mBuilding C object CMakeFiles/simulation_msgs__rosidl_generator_c.dir/rosidl_generator_c/simulation_msgs/msg/detail/person_entry__functions.c.o[0m
[  9%] [34m[1mGenerating C++ type support dispatch for ROS interfaces[0m
[ 11%] [32mBuilding C object CMakeFiles/simulation_msgs__rosidl_generator_c.dir/rosidl_generator_c/simulation_msgs/msg/detail/person_entry_array__functions.c.o[0m
[ 12%] [32mBuilding C object CMakeFiles/simulation_msgs__rosidl_generator_c.dir/rosidl_generator_c/simulation_msgs/msg/detail/real_depth_image__functions.c.o[0m
[ 14%] [32mBuilding C object CMakeFiles/simulation_msgs__rosidl_generator_c.dir/rosidl_generator_c/simulation_msgs/msg/detail/scene_info__functions.c.o[0m
[ 15%] [32mBuilding C object CMakeFiles/simulation_msgs__rosidl_generator_c.dir/rosidl_generator_c/simulation_msgs/msg/detail/trial_start__functions.c.o[0m
[ 17%] [32m[1mLinking C shared library libsimulation_msgs__rosidl_generator_c.so[0m
[ 17%] Built target simulation_msgs__rosidl_generator_c
[ 19%] [34m[1mGenerating C type support for eProsima Fast-RTPS[0m
[ 20%] [34m[1mGenerating C type support dispatch for ROS interfaces[0m
[ 22%] [34m[1mGenerating C introspection for ROS interfaces[0m
[ 23%] [32mBuilding CXX object CMakeFiles/simulation_msgs__rosidl_typesupport_cpp.dir/rosidl_typesupport_cpp/simulation_msgs/msg/person_entry__type_support.cpp.o[0m
[ 25%] [32mBuilding CXX object CMakeFiles/simulation_msgs__rosidl_typesupport_cpp.dir/rosidl_typesupport_cpp/simulation_msgs/msg/person_entry_array__type_support.cpp.o[0m
[ 26%] [32mBuilding CXX object CMakeFiles/simulation_msgs__rosidl_typesupport_cpp.dir/rosidl_typesupport_cpp/simulation_msgs/msg/scene_info__type_support.cpp.o[0m
[ 28%] [32mBuilding CXX object CMakeFiles/simulation_msgs__rosidl_typesupport_cpp.dir/rosidl_typesupport_cpp/simulation_msgs/msg/real_depth_image__type_support.cpp.o[0m
[ 30%] [32mBuilding CXX object CMakeFiles/simulation_msgs__rosidl_typesupport_cpp.dir/rosidl_typesupport_cpp/simulation_msgs/msg/trial_start__type_support.cpp.o[0m
[ 31%] [32mBuilding CXX object CMakeFiles/simulation_msgs__rosidl_typesupport_introspection_cpp.dir/rosidl_typesupport_introspection_cpp/simulation_msgs/msg/detail/person_entry__type_support.cpp.o[0m
[ 33%] [32mBuilding CXX object CMakeFiles/simulation_msgs__rosidl_typesupport_introspection_cpp.dir/rosidl_typesupport_introspection_cpp/simulation_msgs/msg/detail/person_entry_array__type_support.cpp.o[0m
[ 34%] [32mBuilding CXX object CMakeFiles/simulation_msgs__rosidl_typesupport_introspection_cpp.dir/rosidl_typesupport_introspection_cpp/simulation_msgs/msg/detail/real_depth_image__type_support.cpp.o[0m
[ 36%] [32mBuilding CXX object CMakeFiles/simulation_msgs__rosidl_typesupport_introspection_cpp.dir/rosidl_typesupport_introspection_cpp/simulation_msgs/msg/detail/trial_start__type_support.cpp.o[0m
[ 38%] [32mBuilding CXX object CMakeFiles/simulation_msgs__rosidl_typesupport_introspection_cpp.dir/rosidl_typesupport_introspection_cpp/simulation_msgs/msg/detail/scene_info__type_support.cpp.o[0m
[ 39%] [32mBuilding CXX object CMakeFiles/simulation_msgs__rosidl_typesupport_fastrtps_cpp.dir/rosidl_typesupport_fastrtps_cpp/simulation_msgs/msg/detail/dds_fastrtps/person_entry__type_support.cpp.o[0m
[ 41%] [32mBuilding CXX object CMakeFiles/simulation_msgs__rosidl_typesupport_fastrtps_cpp.dir/rosidl_typesupport_fastrtps_cpp/simulation_msgs/msg/detail/dds_fastrtps/person_entry_array__type_support.cpp.o[0m
[ 42%] [32mBuilding CXX object CMakeFiles/simulation_msgs__rosidl_typesupport_fastrtps_cpp.dir/rosidl_typesupport_fastrtps_cpp/simulation_msgs/msg/detail/dds_fastrtps/real_depth_image__type_support.cpp.o[0m
[ 44%] [32mBuilding C object CMakeFiles/simulation_msgs__rosidl_typesupport_introspection_c.dir/rosidl_typesupport_introspection_c/simulation_msgs/msg/detail/person_entry__type_support.c.o[0m
[ 46%] [32mBuilding CXX object CMakeFiles/simulation_msgs__rosidl_typesupport_c.dir/rosidl_typesupport_c/simulation_msgs/msg/person_entry__type_support.cpp.o[0m
[ 47%] [32mBuilding C object CMakeFiles/simulation_msgs__rosidl_typesupport_introspection_c.dir/rosidl_typesupport_introspection_c/simulation_msgs/msg/detail/person_entry_array__type_support.c.o[0m
[ 49%] [32mBuilding CXX object CMakeFiles/simulation_msgs__rosidl_typesupport_c.dir/rosidl_typesupport_c/simulation_msgs/msg/person_entry_array__type_support.cpp.o[0m
[ 50%] [32mBuilding CXX object CMakeFiles/simulation_msgs__rosidl_typesupport_c.dir/rosidl_typesupport_c/simulation_msgs/msg/real_depth_image__type_support.cpp.o[0m
[ 52%] [32mBuilding CXX object CMakeFiles/simulation_msgs__rosidl_typesupport_c.dir/rosidl_typesupport_c/simulation_msgs/msg/scene_info__type_support.cpp.o[0m
[ 53%] [32mBuilding C object CMakeFiles/simulation_msgs__rosidl_typesupport_introspection_c.dir/rosidl_typesupport_introspection_c/simulation_msgs/msg/detail/real_depth_image__type_support.c.o[0m
[ 55%] [32mBuilding CXX object CMakeFiles/simulation_msgs__rosidl_typesupport_fastrtps_c.dir/rosidl_typesupport_fastrtps_c/simulation_msgs/msg/detail/person_entry__type_support_c.cpp.o[0m
[ 57%] [32mBuilding CXX object CMakeFiles/simulation_msgs__rosidl_typesupport_fastrtps_c.dir/rosidl_typesupport_fastrtps_c/simulation_msgs/msg/detail/person_entry_array__type_support_c.cpp.o[0m
[ 58%] [32mBuilding C object CMakeFiles/simulation_msgs__rosidl_typesupport_introspection_c.dir/rosidl_typesupport_introspection_c/simulation_msgs/msg/detail/scene_info__type_support.c.o[0m
[ 60%] [32mBuilding CXX object CMakeFiles/simulation_msgs__rosidl_typesupport_fastrtps_c.dir/rosidl_typesupport_fastrtps_c/simulation_msgs/msg/detail/real_depth_image__type_support_c.cpp.o[0m
[ 61%] [32mBuilding CXX object CMakeFiles/simulation_msgs__rosidl_typesupport_c.dir/rosidl_typesupport_c/simulation_msgs/msg/trial_start__type_support.cpp.o[0m
[ 63%] [32mBuilding CXX object CMakeFiles/simulation_msgs__rosidl_typesupport_fastrtps_cpp.dir/rosidl_typesupport_fastrtps_cpp/simulation_msgs/msg/detail/dds_fastrtps/scene_info__type_support.cpp.o[0m
[ 65%] [32m[1mLinking CXX shared library libsimulation_msgs__rosidl_typesupport_cpp.so[0m
[ 66%] [32mBuilding CXX object CMakeFiles/simulation_msgs__rosidl_typesupport_fastrtps_cpp.dir/rosidl_typesupport_fastrtps_cpp/simulation_msgs/msg/detail/dds_fastrtps/trial_start__type_support.cpp.o[0m
[ 68%] [32mBuilding C object CMakeFiles/simulation_msgs__rosidl_typesupport_introspection_c.dir/rosidl_typesupport_introspection_c/simulation_msgs/msg/detail/trial_start__type_support.c.o[0m
[ 69%] [32m[1mLinking CXX shared library libsimulation_msgs__rosidl_typesupport_c.so[0m
[ 69%] Built target simulation_msgs__rosidl_typesupport_cpp
[ 71%] [32mBuilding CXX object CMakeFiles/simulation_msgs__rosidl_typesupport_fastrtps_c.dir/rosidl_typesupport_fastrtps_c/simulation_msgs/msg/detail/scene_info__type_support_c.cpp.o[0m
[ 73%] [32m[1mLinking C shared library libsimulation_msgs__rosidl_typesupport_introspection_c.so[0m
[ 73%] Built target simulation_msgs__rosidl_typesupport_c
[ 74%] [32mBuilding CXX object CMakeFiles/simulation_msgs__rosidl_typesupport_fastrtps_c.dir/rosidl_typesupport_fastrtps_c/simulation_msgs/msg/detail/trial_start__type_support_c.cpp.o[0m
[ 74%] Built target simulation_msgs__rosidl_typesupport_introspection_c
[ 76%] [32m[1mLinking CXX shared library libsimulation_msgs__rosidl_typesupport_introspection_cpp.so[0m
[ 76%] Built target simulation_msgs__rosidl_typesupport_introspection_cpp
[ 77%] [32m[1mLinking CXX shared library libsimulation_msgs__rosidl_typesupport_fastrtps_cpp.so[0m
[ 79%] [32m[1mLinking CXX shared library libsimulation_msgs__rosidl_typesupport_fastrtps_c.so[0m
[ 79%] Built target simulation_msgs__rosidl_typesupport_fastrtps_cpp
[ 79%] Built target simulation_msgs__rosidl_typesupport_fastrtps_c
[ 79%] Built target simulation_msgs
[ 80%] [34m[1mGenerating Python code for ROS interfaces[0m
[ 80%] Built target simulation_msgs__py
[ 82%] [32mBuilding C object CMakeFiles/simulation_msgs__rosidl_generator_py.dir/rosidl_generator_py/simulation_msgs/msg/_real_depth_image_s.c.o[0m
[ 84%] [32mBuilding C object CMakeFiles/simulation_msgs__rosidl_generator_py.dir/rosidl_generator_py/simulation_msgs/msg/_scene_info_s.c.o[0m
[ 85%] [32mBuilding C object CMakeFiles/simulation_msgs__rosidl_generator_py.dir/rosidl_generator_py/simulation_msgs/msg/_person_entry_s.c.o[0m
[ 87%] [32mBuilding C object CMakeFiles/simulation_msgs__rosidl_generator_py.dir/rosidl_generator_py/simulation_msgs/msg/_person_entry_array_s.c.o[0m
[ 88%] [32mBuilding C object CMakeFiles/simulation_msgs__rosidl_generator_py.dir/rosidl_generator_py/simulation_msgs/msg/_trial_start_s.c.o[0m
[ 90%] [32m[1mLinking C shared library rosidl_generator_py/simulation_msgs/libsimulation_msgs__rosidl_generator_py.so[0m
[ 90%] Built target simulation_msgs__rosidl_generator_py
[ 92%] [32mBuilding C object CMakeFiles/simulation_msgs__rosidl_typesupport_fastrtps_c__pyext.dir/rosidl_generator_py/simulation_msgs/_simulation_msgs_s.ep.rosidl_typesupport_fastrtps_c.c.o[0m
[ 93%] [32mBuilding C object CMakeFiles/simulation_msgs__rosidl_typesupport_introspection_c__pyext.dir/rosidl_generator_py/simulation_msgs/_simulation_msgs_s.ep.rosidl_typesupport_introspection_c.c.o[0m
[ 95%] [32mBuilding C object CMakeFiles/simulation_msgs__rosidl_typesupport_c__pyext.dir/rosidl_generator_py/simulation_msgs/_simulation_msgs_s.ep.rosidl_typesupport_c.c.o[0m
[ 96%] [32m[1mLinking C shared library rosidl_generator_py/simulation_msgs/simulation_msgs_s__rosidl_typesupport_fastrtps_c.cpython-310-x86_64-linux-gnu.so[0m
[ 98%] [32m[1mLinking C shared library rosidl_generator_py/simulation_msgs/simulation_msgs_s__rosidl_typesupport_c.cpython-310-x86_64-linux-gnu.so[0m
[100%] [32m[1mLinking C shared library rosidl_generator_py/simulation_msgs/simulation_msgs_s__rosidl_typesupport_introspection_c.cpython-310-x86_64-linux-gnu.so[0m
[100%] Built target simulation_msgs__rosidl_typesupport_fastrtps_c__pyext
[100%] Built target simulation_msgs__rosidl_typesupport_c__pyext
[100%] Built target simulation_msgs__rosidl_typesupport_introspection_c__pyext
-- Install configuration: "Release"
-- Installing: /home/adam/Desktop/SBSN/ros2_ws/install/simulation_msgs/share/ament_index/resource_index/rosidl_interfaces/simulation_msgs
-- Installing: /home/adam/Desktop/SBSN/ros2_ws/install/simulation_msgs/include/simulation_msgs/simulation_msgs
-- Installing: /home/adam/Desktop/SBSN/ros2_ws/install/simulation_msgs/include/simulation_msgs/simulation_msgs/msg
-- Installing: /home/adam/Desktop/SBSN/ros2_ws/install/simulation_msgs/include/simulation_msgs/simulation_msgs/msg/person_entry.h
-- Installing: /home/adam/Desktop/SBSN/ros2_ws/install/simulation_msgs/include/simulation_msgs/simulation_msgs/msg/trial_start.h
-- Installing: /home/adam/Desktop/SBSN/ros2_ws/install/simulation_msgs/include/simulation_msgs/simulation_msgs/msg/detail
-- Installing: /home/adam/Desktop/SBSN/ros2_ws/install/simulation_msgs/include/simulation_msgs/simulation_msgs/msg/detail/person_entry_array__type_support.h
-- Installing: /home/adam/Desktop/SBSN/ros2_ws/install/simulation_msgs/include/simulation_msgs/simulation_msgs/msg/detail/person_entry_array__functions.h
-- Installing: /home/adam/Desktop/SBSN/ros2_ws/install/simulation_msgs/include/simulation_msgs/simulation_msgs/msg/detail/person_entry__functions.h
-- Installing: /home/adam/Desktop/SBSN/ros2_ws/install/simulation_msgs/include/simulation_msgs/simulation_msgs/msg/detail/real_depth_image__functions.c
-- Installing: /home/adam/Desktop/SBSN/ros2_ws/install/simulation_msgs/include/simulation_msgs/simulation_msgs/msg/detail/scene_info__functions.h
-- Installing: /home/adam/Desktop/SBSN/ros2_ws/install/simulation_msgs/include/simulation_msgs/simulation_msgs/msg/detail/trial_start__functions.h
-- Installing: /home/adam/Desktop/SBSN/ros2_ws/install/simulation_msgs/include/simulation_msgs/simulation_msgs/msg/detail/real_depth_image__functions.h
-- Installing: /home/adam/Desktop/SBSN/ros2_ws/install/simulation_msgs/include/simulation_msgs/simulation_msgs/msg/detail/real_depth_image__type_support.h
-- Installing: /home/adam/Desktop/SBSN/ros2_ws/install/simulation_msgs/include/simulation_msgs/simulation_msgs/msg/detail/scene_info__struct.h
-- Installing: /home/adam/Desktop/SBSN/ros2_ws/install/simulation_msgs/include/simulation_msgs/simulation_msgs/msg/detail/person_entry_array__functions.c
-- Installing: /home/adam/Desktop/SBSN/ros2_ws/install/simulation_msgs/include/simulation_msgs/simulation_msgs/msg/detail/person_entry__type_support.h
-- Installing: /home/adam/Desktop/SBSN/ros2_ws/install/simulation_msgs/include/simulation_msgs/simulation_msgs/msg/detail/trial_start__type_support.h
-- Installing: /home/adam/Desktop/SBSN/ros2_ws/install/simulation_msgs/include/simulation_msgs/simulation_msgs/msg/detail/trial_start__struct.h
-- Installing: /home/adam/Desktop/SBSN/ros2_ws/install/simulation_msgs/include/simulation_msgs/simulation_msgs/msg/detail/person_entry__struct.h
-- Installing: /home/adam/Desktop/SBSN/ros2_ws/install/simulation_msgs/include/simulation_msgs/simulation_msgs/msg/detail/scene_info__functions.c
-- Installing: /home/adam/Desktop/SBSN/ros2_ws/install/simulation_msgs/include/simulation_msgs/simulation_msgs/msg/detail/scene_info__type_support.h
-- Installing: /home/adam/Desktop/SBSN/ros2_ws/install/simulation_msgs/include/simulation_msgs/simulation_msgs/msg/detail/trial_start__functions.c
-- Installing: /home/adam/Desktop/SBSN/ros2_ws/install/simulation_msgs/include/simulation_msgs/simulation_msgs/msg/detail/real_depth_image__struct.h
-- Installing: /home/adam/Desktop/SBSN/ros2_ws/install/simulation_msgs/include/simulation_msgs/simulation_msgs/msg/detail/person_entry__functions.c
-- Installing: /home/adam/Desktop/SBSN/ros2_ws/install/simulation_msgs/include/simulation_msgs/simulation_msgs/msg/detail/person_entry_array__struct.h
-- Installing: /home/adam/Desktop/SBSN/ros2_ws/install/simulation_msgs/include/simulation_msgs/simulation_msgs/msg/rosidl_generator_c__visibility_control.h
-- Installing: /home/adam/Desktop/SBSN/ros2_ws/install/simulation_msgs/include/simulation_msgs/simulation_msgs/msg/real_depth_image.h
-- Installing: /home/adam/Desktop/SBSN/ros2_ws/install/simulation_msgs/include/simulation_msgs/simulation_msgs/msg/scene_info.h
-- Installing: /home/adam/Desktop/SBSN/ros2_ws/install/simulation_msgs/include/simulation_msgs/simulation_msgs/msg/person_entry_array.h
-- Installing: /home/adam/Desktop/SBSN/ros2_ws/install/simulation_msgs/share/simulation_msgs/environment/library_path.sh
-- Installing: /home/adam/Desktop/SBSN/ros2_ws/install/simulation_msgs/share/simulation_msgs/environment/library_path.dsv
-- Installing: /home/adam/Desktop/SBSN/ros2_ws/install/simulation_msgs/lib/libsimulation_msgs__rosidl_generator_c.so
-- Set non-toolchain portion of runtime path of "/home/adam/Desktop/SBSN/ros2_ws/install/simulation_msgs/lib/libsimulation_msgs__rosidl_generator_c.so" to ""
-- Up-to-date: /home/adam/Desktop/SBSN/ros2_ws/install/simulation_msgs/include/simulation_msgs/simulation_msgs
-- Up-to-date: /home/adam/Desktop/SBSN/ros2_ws/install/simulation_msgs/include/simulation_msgs/simulation_msgs/msg
-- Installing: /home/adam/Desktop/SBSN/ros2_ws/install/simulation_msgs/include/simulation_msgs/simulation_msgs/msg/rosidl_typesupport_fastrtps_c__visibility_control.h
-- Up-to-date: /home/adam/Desktop/SBSN/ros2_ws/install/simulation_msgs/include/simulation_msgs/simulation_msgs/msg/detail
-- Installing: /home/adam/Desktop/SBSN/ros2_ws/install/simulation_msgs/include/simulation_msgs/simulation_msgs/msg/detail/real_depth_image__rosidl_typesupport_fastrtps_c.h
-- Installing: /home/adam/Desktop/SBSN/ros2_ws/install/simulation_msgs/include/simulation_msgs/simulation_msgs/msg/detail/trial_start__rosidl_typesupport_fastrtps_c.h
-- Installing: /home/adam/Desktop/SBSN/ros2_ws/install/simulation_msgs/include/simulation_msgs/simulation_msgs/msg/detail/person_entry__rosidl_typesupport_fastrtps_c.h
-- Installing: /home/adam/Desktop/SBSN/ros2_ws/install/simulation_msgs/include/simulation_msgs/simulation_msgs/msg/detail/scene_info__rosidl_typesupport_fastrtps_c.h
-- Installing: /home/adam/Desktop/SBSN/ros2_ws/install/simulation_msgs/include/simulation_msgs/simulation_msgs/msg/detail/person_entry_array__rosidl_typesupport_fastrtps_c.h
-- Installing: /home/adam/Desktop/SBSN/ros2_ws/install/simulation_msgs/lib/libsimulation_msgs__rosidl_typesupport_fastrtps_c.so
-- Set non-toolchain portion of runtime path of "/home/adam/Desktop/SBSN/ros2_ws/install/simulation_msgs/lib/libsimulation_msgs__rosidl_typesupport_fastrtps_c.so" to ""
-- Up-to-date: /home/adam/Desktop/SBSN/ros2_ws/install/simulation_msgs/include/simulation_msgs/simulation_msgs
-- Up-to-date: /home/adam/Desktop/SBSN/ros2_ws/install/simulation_msgs/include/simulation_msgs/simulation_msgs/msg
-- Installing: /home/adam/Desktop/SBSN/ros2_ws/install/simulation_msgs/include/simulation_msgs/simulation_msgs/msg/person_entry_array.hpp
-- Installing: /home/adam/Desktop/SBSN/ros2_ws/install/simulation_msgs/include/simulation_msgs/simulation_msgs/msg/real_depth_image.hpp
-- Installing: /home/adam/Desktop/SBSN/ros2_ws/install/simulation_msgs/include/simulation_msgs/simulation_msgs/msg/scene_info.hpp
-- Up-to-date: /home/adam/Desktop/SBSN/ros2_ws/install/simulation_msgs/include/simulation_msgs/simulation_msgs/msg/detail
-- Installing: /home/adam/Desktop/SBSN/ros2_ws/install/simulation_msgs/include/simulation_msgs/simulation_msgs/msg/detail/scene_info__builder.hpp
-- Installing: /home/adam/Desktop/SBSN/ros2_ws/install/simulation_msgs/include/simulation_msgs/simulation_msgs/msg/detail/person_entry_array__traits.hpp
-- Installing: /home/adam/Desktop/SBSN/ros2_ws/install/simulation_msgs/include/simulation_msgs/simulation_msgs/msg/detail/person_entry__builder.hpp
-- Installing: /home/adam/Desktop/SBSN/ros2_ws/install/simulation_msgs/include/simulation_msgs/simulation_msgs/msg/detail/real_depth_image__traits.hpp
-- Installing: /home/adam/Desktop/SBSN/ros2_ws/install/simulation_msgs/include/simulation_msgs/simulation_msgs/msg/detail/real_depth_image__builder.hpp
-- Installing: /home/adam/Desktop/SBSN/ros2_ws/install/simulation_msgs/include/simulation_msgs/simulation_msgs/msg/detail/trial_start__traits.hpp
-- Installing: /home/adam/Desktop/SBSN/ros2_ws/install/simulation_msgs/include/simulation_msgs/simulation_msgs/msg/detail/scene_info__traits.hpp
-- Installing: /home/adam/Desktop/SBSN/ros2_ws/install/simulation_msgs/include/simulation_msgs/simulation_msgs/msg/detail/scene_info__struct.hpp
-- Installing: /home/adam/Desktop/SBSN/ros2_ws/install/simulation_msgs/include/simulation_msgs/simulation_msgs/msg/detail/trial_start__struct.hpp
-- Installing: /home/adam/Desktop/SBSN/ros2_ws/install/simulation_msgs/include/simulation_msgs/simulation_msgs/msg/detail/person_entry_array__struct.hpp
-- Installing: /home/adam/Desktop/SBSN/ros2_ws/install/simulation_msgs/include/simulation_msgs/simulation_msgs/msg/detail/trial_start__builder.hpp
-- Installing: /home/adam/Desktop/SBSN/ros2_ws/install/simulation_msgs/include/simulation_msgs/simulation_msgs/msg/detail/person_entry_array__builder.hpp
-- Installing: /home/adam/Desktop/SBSN/ros2_ws/install/simulation_msgs/include/simulation_msgs/simulation_msgs/msg/detail/person_entry__traits.hpp
-- Installing: /home/adam/Desktop/SBSN/ros2_ws/install/simulation_msgs/include/simulation_msgs/simulation_msgs/msg/detail/person_entry__struct.hpp
-- Installing: /home/adam/Desktop/SBSN/ros2_ws/install/simulation_msgs/include/simulation_msgs/simulation_msgs/msg/detail/real_depth_image__struct.hpp
-- Installing: /home/adam/Desktop/SBSN/ros2_ws/install/simulation_msgs/include/simulation_msgs/simulation_msgs/msg/person_entry.hpp
-- Installing: /home/adam/Desktop/SBSN/ros2_ws/install/simulation_msgs/include/simulation_msgs/simulation_msgs/msg/trial_start.hpp
-- Up-to-date: /home/adam/Desktop/SBSN/ros2_ws/install/simulation_msgs/include/simulation_msgs/simulation_msgs
-- Up-to-date: /home/adam/Desktop/SBSN/ros2_ws/install/simulation_msgs/include/simulation_msgs/simulation_msgs/msg
-- Installing: /home/adam/Desktop/SBSN/ros2_ws/install/simulation_msgs/include/simulation_msgs/simulation_msgs/msg/rosidl_typesupport_fastrtps_cpp__visibility_control.h
-- Up-to-date: /home/adam/Desktop/SBSN/ros2_ws/install/simulation_msgs/include/simulation_msgs/simulation_msgs/msg/detail
-- Installing: /home/adam/Desktop/SBSN/ros2_ws/install/simulation_msgs/include/simulation_msgs/simulation_msgs/msg/detail/person_entry_array__rosidl_typesupport_fastrtps_cpp.hpp
-- Installing: /home/adam/Desktop/SBSN/ros2_ws/install/simulation_msgs/include/simulation_msgs/simulation_msgs/msg/detail/scene_info__rosidl_typesupport_fastrtps_cpp.hpp
-- Installing: /home/adam/Desktop/SBSN/ros2_ws/install/simulation_msgs/include/simulation_msgs/simulation_msgs/msg/detail/trial_start__rosidl_typesupport_fastrtps_cpp.hpp
-- Installing: /home/adam/Desktop/SBSN/ros2_ws/install/simulation_msgs/include/simulation_msgs/simulation_msgs/msg/detail/dds_fastrtps
-- Installing: /home/adam/Desktop/SBSN/ros2_ws/install/simulation_msgs/include/simulation_msgs/simulation_msgs/msg/detail/person_entry__rosidl_typesupport_fastrtps_cpp.hpp
-- Installing: /home/adam/Desktop/SBSN/ros2_ws/install/simulation_msgs/include/simulation_msgs/simulation_msgs/msg/detail/real_depth_image__rosidl_typesupport_fastrtps_cpp.hpp
-- Installing: /home/adam/Desktop/SBSN/ros2_ws/install/simulation_msgs/lib/libsimulation_msgs__rosidl_typesupport_fastrtps_cpp.so
-- Set non-toolchain portion of runtime path of "/home/adam/Desktop/SBSN/ros2_ws/install/simulation_msgs/lib/libsimulation_msgs__rosidl_typesupport_fastrtps_cpp.so" to ""
-- Up-to-date: /home/adam/Desktop/SBSN/ros2_ws/install/simulation_msgs/include/simulation_msgs/simulation_msgs
-- Up-to-date: /home/adam/Desktop/SBSN/ros2_ws/install/simulation_msgs/include/simulation_msgs/simulation_msgs/msg
-- Up-to-date: /home/adam/Desktop/SBSN/ros2_ws/install/simulation_msgs/include/simulation_msgs/simulation_msgs/msg/detail
-- Installing: /home/adam/Desktop/SBSN/ros2_ws/install/simulation_msgs/include/simulation_msgs/simulation_msgs/msg/detail/person_entry__type_support.c
-- Installing: /home/adam/Desktop/SBSN/ros2_ws/install/simulation_msgs/include/simulation_msgs/simulation_msgs/msg/detail/scene_info__type_support.c
-- Installing: /home/adam/Desktop/SBSN/ros2_ws/install/simulation_msgs/include/simulation_msgs/simulation_msgs/msg/detail/person_entry_array__type_support.c
-- Installing: /home/adam/Desktop/SBSN/ros2_ws/install/simulation_msgs/include/simulation_msgs/simulation_msgs/msg/detail/scene_info__rosidl_typesupport_introspection_c.h
-- Installing: /home/adam/Desktop/SBSN/ros2_ws/install/simulation_msgs/include/simulation_msgs/simulation_msgs/msg/detail/trial_start__type_support.c
-- Installing: /home/adam/Desktop/SBSN/ros2_ws/install/simulation_msgs/include/simulation_msgs/simulation_msgs/msg/detail/real_depth_image__rosidl_typesupport_introspection_c.h
-- Installing: /home/adam/Desktop/SBSN/ros2_ws/install/simulation_msgs/include/simulation_msgs/simulation_msgs/msg/detail/trial_start__rosidl_typesupport_introspection_c.h
-- Installing: /home/adam/Desktop/SBSN/ros2_ws/install/simulation_msgs/include/simulation_msgs/simulation_msgs/msg/detail/real_depth_image__type_support.c
-- Installing: /home/adam/Desktop/SBSN/ros2_ws/install/simulation_msgs/include/simulation_msgs/simulation_msgs/msg/detail/person_entry__rosidl_typesupport_introspection_c.h
-- Installing: /home/adam/Desktop/SBSN/ros2_ws/install/simulation_msgs/include/simulation_msgs/simulation_msgs/msg/detail/person_entry_array__rosidl_typesupport_introspection_c.h
-- Installing: /home/adam/Desktop/SBSN/ros2_ws/install/simulation_msgs/include/simulation_msgs/simulation_msgs/msg/rosidl_typesupport_introspection_c__visibility_control.h
-- Installing: /home/adam/Desktop/SBSN/ros2_ws/install/simulation_msgs/lib/libsimulation_msgs__rosidl_typesupport_introspection_c.so
-- Set non-toolchain portion of runtime path of "/home/adam/Desktop/SBSN/ros2_ws/install/simulation_msgs/lib/libsimulation_msgs__rosidl_typesupport_introspection_c.so" to ""
-- Installing: /home/adam/Desktop/SBSN/ros2_ws/install/simulation_msgs/lib/libsimulation_msgs__rosidl_typesupport_c.so
-- Set non-toolchain portion of runtime path of "/home/adam/Desktop/SBSN/ros2_ws/install/simulation_msgs/lib/libsimulation_msgs__rosidl_typesupport_c.so" to ""
-- Up-to-date: /home/adam/Desktop/SBSN/ros2_ws/install/simulation_msgs/include/simulation_msgs/simulation_msgs
-- Up-to-date: /home/adam/Desktop/SBSN/ros2_ws/install/simulation_msgs/include/simulation_msgs/simulation_msgs/msg
-- Up-to-date: /home/adam/Desktop/SBSN/ros2_ws/install/simulation_msgs/include/simulation_msgs/simulation_msgs/msg/detail
-- Installing: /home/adam/Desktop/SBSN/ros2_ws/install/simulation_msgs/include/simulation_msgs/simulation_msgs/msg/detail/person_entry__type_support.cpp
-- Installing: /home/adam/Desktop/SBSN/ros2_ws/install/simulation_msgs/include/simulation_msgs/simulation_msgs/msg/detail/scene_info__rosidl_typesupport_introspection_cpp.hpp
-- Installing: /home/adam/Desktop/SBSN/ros2_ws/install/simulation_msgs/include/simulation_msgs/simulation_msgs/msg/detail/person_entry_array__type_support.cpp
-- Installing: /home/adam/Desktop/SBSN/ros2_ws/install/simulation_msgs/include/simulation_msgs/simulation_msgs/msg/detail/scene_info__type_support.cpp
-- Installing: /home/adam/Desktop/SBSN/ros2_ws/install/simulation_msgs/include/simulation_msgs/simulation_msgs/msg/detail/person_entry_array__rosidl_typesupport_introspection_cpp.hpp
-- Installing: /home/adam/Desktop/SBSN/ros2_ws/install/simulation_msgs/include/simulation_msgs/simulation_msgs/msg/detail/real_depth_image__type_support.cpp
-- Installing: /home/adam/Desktop/SBSN/ros2_ws/install/simulation_msgs/include/simulation_msgs/simulation_msgs/msg/detail/real_depth_image__rosidl_typesupport_introspection_cpp.hpp
-- Installing: /home/adam/Desktop/SBSN/ros2_ws/install/simulation_msgs/include/simulation_msgs/simulation_msgs/msg/detail/trial_start__rosidl_typesupport_introspection_cpp.hpp
-- Installing: /home/adam/Desktop/SBSN/ros2_ws/install/simulation_msgs/include/simulation_msgs/simulation_msgs/msg/detail/trial_start__type_support.cpp
-- Installing: /home/adam/Desktop/SBSN/ros2_ws/install/simulation_msgs/include/simulation_msgs/simulation_msgs/msg/detail/person_entry__rosidl_typesupport_introspection_cpp.hpp
-- Installing: /home/adam/Desktop/SBSN/ros2_ws/install/simulation_msgs/lib/libsimulation_msgs__rosidl_typesupport_introspection_cpp.so
-- Set non-toolchain portion of runtime path of "/home/adam/Desktop/SBSN/ros2_ws/install/simulation_msgs/lib/libsimulation_msgs__rosidl_typesupport_introspection_cpp.so" to ""
-- Installing: /home/adam/Desktop/SBSN/ros2_ws/install/simulation_msgs/lib/libsimulation_msgs__rosidl_typesupport_cpp.so
-- Set non-toolchain portion of runtime path of "/home/adam/Desktop/SBSN/ros2_ws/install/simulation_msgs/lib/libsimulation_msgs__rosidl_typesupport_cpp.so" to ""
-- Installing: /home/adam/Desktop/SBSN/ros2_ws/install/simulation_msgs/share/simulation_msgs/environment/pythonpath.sh
-- Installing: /home/adam/Desktop/SBSN/ros2_ws/install/simulation_msgs/share/simulation_msgs/environment/pythonpath.dsv
-- Installing: /home/adam/Desktop/SBSN/ros2_ws/install/simulation_msgs/local/lib/python3.10/dist-packages/simulation_msgs-0.0.0-py3.10.egg-info
-- Installing: /home/adam/Desktop/SBSN/ros2_ws/install/simulation_msgs/local/lib/python3.10/dist-packages/simulation_msgs-0.0.0-py3.10.egg-info/dependency_links.txt
-- Installing: /home/adam/Desktop/SBSN/ros2_ws/install/simulation_msgs/local/lib/python3.10/dist-packages/simulation_msgs-0.0.0-py3.10.egg-info/SOURCES.txt
-- Installing: /home/adam/Desktop/SBSN/ros2_ws/install/simulation_msgs/local/lib/python3.10/dist-packages/simulation_msgs-0.0.0-py3.10.egg-info/PKG-INFO
-- Installing: /home/adam/Desktop/SBSN/ros2_ws/install/simulation_msgs/local/lib/python3.10/dist-packages/simulation_msgs-0.0.0-py3.10.egg-info/top_level.txt
-- Installing: /home/adam/Desktop/SBSN/ros2_ws/install/simulation_msgs/local/lib/python3.10/dist-packages/simulation_msgs
-- Installing: /home/adam/Desktop/SBSN/ros2_ws/install/simulation_msgs/local/lib/python3.10/dist-packages/simulation_msgs/msg
-- Installing: /home/adam/Desktop/SBSN/ros2_ws/install/simulation_msgs/local/lib/python3.10/dist-packages/simulation_msgs/msg/_person_entry_array_s.c
-- Installing: /home/adam/Desktop/SBSN/ros2_ws/install/simulation_msgs/local/lib/python3.10/dist-packages/simulation_msgs/msg/_person_entry_array.py
-- Installing: /home/adam/Desktop/SBSN/ros2_ws/install/simulation_msgs/local/lib/python3.10/dist-packages/simulation_msgs/msg/_scene_info_s.c
-- Installing: /home/adam/Desktop/SBSN/ros2_ws/install/simulation_msgs/local/lib/python3.10/dist-packages/simulation_msgs/msg/_scene_info.py
-- Installing: /home/adam/Desktop/SBSN/ros2_ws/install/simulation_msgs/local/lib/python3.10/dist-packages/simulation_msgs/msg/_person_entry_s.c
-- Installing: /home/adam/Desktop/SBSN/ros2_ws/install/simulation_msgs/local/lib/python3.10/dist-packages/simulation_msgs/msg/_trial_start_s.c
-- Installing: /home/adam/Desktop/SBSN/ros2_ws/install/simulation_msgs/local/lib/python3.10/dist-packages/simulation_msgs/msg/_person_entry.py
-- Installing: /home/adam/Desktop/SBSN/ros2_ws/install/simulation_msgs/local/lib/python3.10/dist-packages/simulation_msgs/msg/_real_depth_image_s.c
-- Installing: /home/adam/Desktop/SBSN/ros2_ws/install/simulation_msgs/local/lib/python3.10/dist-packages/simulation_msgs/msg/__init__.py
-- Installing: /home/adam/Desktop/SBSN/ros2_ws/install/simulation_msgs/local/lib/python3.10/dist-packages/simulation_msgs/msg/_real_depth_image.py
-- Installing: /home/adam/Desktop/SBSN/ros2_ws/install/simulation_msgs/local/lib/python3.10/dist-packages/simulation_msgs/msg/_trial_start.py
-- Installing: /home/adam/Desktop/SBSN/ros2_ws/install/simulation_msgs/local/lib/python3.10/dist-packages/simulation_msgs/_simulation_msgs_s.ep.rosidl_typesupport_fastrtps_c.c
-- Installing: /home/adam/Desktop/SBSN/ros2_ws/install/simulation_msgs/local/lib/python3.10/dist-packages/simulation_msgs/libsimulation_msgs__rosidl_generator_py.so
-- Installing: /home/adam/Desktop/SBSN/ros2_ws/install/simulation_msgs/local/lib/python3.10/dist-packages/simulation_msgs/__init__.py
-- Installing: /home/adam/Desktop/SBSN/ros2_ws/install/simulation_msgs/local/lib/python3.10/dist-packages/simulation_msgs/simulation_msgs_s__rosidl_typesupport_fastrtps_c.cpython-310-x86_64-linux-gnu.so
-- Installing: /home/adam/Desktop/SBSN/ros2_ws/install/simulation_msgs/local/lib/python3.10/dist-packages/simulation_msgs/simulation_msgs_s__rosidl_typesupport_c.cpython-310-x86_64-linux-gnu.so
-- Installing: /home/adam/Desktop/SBSN/ros2_ws/install/simulation_msgs/local/lib/python3.10/dist-packages/simulation_msgs/_simulation_msgs_s.ep.rosidl_typesupport_introspection_c.c
-- Installing: /home/adam/Desktop/SBSN/ros2_ws/install/simulation_msgs/local/lib/python3.10/dist-packages/simulation_msgs/_simulation_msgs_s.ep.rosidl_typesupport_c.c
-- Installing: /home/adam/Desktop/SBSN/ros2_ws/install/simulation_msgs/local/lib/python3.10/dist-packages/simulation_msgs/simulation_msgs_s__rosidl_typesupport_introspection_c.cpython-310-x86_64-linux-gnu.so
Listing '/home/adam/Desktop/SBSN/ros2_ws/install/simulation_msgs/local/lib/python3.10/dist-packages/simulation_msgs'...
Compiling '/home/adam/Desktop/SBSN/ros2_ws/install/simulation_msgs/local/lib/python3.10/dist-packages/simulation_msgs/__init__.py'...
Listing '/home/adam/Desktop/SBSN/ros2_ws/install/simulation_msgs/local/lib/python3.10/dist-packages/simulation_msgs/msg'...
Compiling '/home/adam/Desktop/SBSN/ros2_ws/install/simulation_msgs/local/lib/python3.10/dist-packages/simulation_msgs/msg/__init__.py'...
Compiling '/home/adam/Desktop/SBSN/ros2_ws/install/simulation_msgs/local/lib/python3.10/dist-packages/simulation_msgs/msg/_person_entry.py'...
Compiling '/home/adam/Desktop/SBSN/ros2_ws/install/simulation_msgs/local/lib/python3.10/dist-packages/simulation_msgs/msg/_person_entry_array.py'...
Compiling '/home/adam/Desktop/SBSN/ros2_ws/install/simulation_msgs/local/lib/python3.10/dist-packages/simulation_msgs/msg/_real_depth_image.py'...
Compiling '/home/adam/Desktop/SBSN/ros2_ws/install/simulation_msgs/local/lib/python3.10/dist-packages/simulation_msgs/msg/_scene_info.py'...
Compiling '/home/adam/Desktop/SBSN/ros2_ws/install/simulation_msgs/local/lib/python3.10/dist-packages/simulation_msgs/msg/_trial_start.py'...
-- Installing: /home/adam/Desktop/SBSN/ros2_ws/install/simulation_msgs/local/lib/python3.10/dist-packages/simulation_msgs/simulation_msgs_s__rosidl_typesupport_fastrtps_c.cpython-310-x86_64-linux-gnu.so
-- Set non-toolchain portion of runtime path of "/home/adam/Desktop/SBSN/ros2_ws/install/simulation_msgs/local/lib/python3.10/dist-packages/simulation_msgs/simulation_msgs_s__rosidl_typesupport_fastrtps_c.cpython-310-x86_64-linux-gnu.so" to ""
-- Installing: /home/adam/Desktop/SBSN/ros2_ws/install/simulation_msgs/local/lib/python3.10/dist-packages/simulation_msgs/simulation_msgs_s__rosidl_typesupport_introspection_c.cpython-310-x86_64-linux-gnu.so
-- Set non-toolchain portion of runtime path of "/home/adam/Desktop/SBSN/ros2_ws/install/simulation_msgs/local/lib/python3.10/dist-packages/simulation_msgs/simulation_msgs_s__rosidl_typesupport_introspection_c.cpython-310-x86_64-linux-gnu.so" to ""
-- Installing: /home/adam/Desktop/SBSN/ros2_ws/install/simulation_msgs/local/lib/python3.10/dist-packages/simulation_msgs/simulation_msgs_s__rosidl_typesupport_c.cpython-310-x86_64-linux-gnu.so
-- Set non-toolchain portion of runtime path of "/home/adam/Desktop/SBSN/ros2_ws/install/simulation_msgs/local/lib/python3.10/dist-packages/simulation_msgs/simulation_msgs_s__rosidl_typesupport_c.cpython-310-x86_64-linux-gnu.so" to ""
-- Installing: /home/adam/Desktop/SBSN/ros2_ws/install/simulation_msgs/lib/libsimulation_msgs__rosidl_generator_py.so
-- Set non-toolchain portion of runtime path of "/home/adam/Desktop/SBSN/ros2_ws/install/simulation_msgs/lib/libsimulation_msgs__rosidl_generator_py.so" to ""
-- Installing: /home/adam/Desktop/SBSN/ros2_ws/install/simulation_msgs/share/simulation_msgs/msg/PersonEntry.idl
-- Installing: /home/adam/Desktop/SBSN/ros2_ws/install/simulation_msgs/share/simulation_msgs/msg/PersonEntryArray.idl
-- Installing: /home/adam/Desktop/SBSN/ros2_ws/install/simulation_msgs/share/simulation_msgs/msg/RealDepthImage.idl
-- Installing: /home/adam/Desktop/SBSN/ros2_ws/install/simulation_msgs/share/simulation_msgs/msg/SceneInfo.idl
-- Installing: /home/adam/Desktop/SBSN/ros2_ws/install/simulation_msgs/share/simulation_msgs/msg/TrialStart.idl
-- Installing: /home/adam/Desktop/SBSN/ros2_ws/install/simulation_msgs/share/simulation_msgs/msg/PersonEntry.msg
-- Installing: /home/adam/Desktop/SBSN/ros2_ws/install/simulation_msgs/share/simulation_msgs/msg/PersonEntryArray.msg
-- Installing: /home/adam/Desktop/SBSN/ros2_ws/install/simulation_msgs/share/simulation_msgs/msg/RealDepthImage.msg
-- Installing: /home/adam/Desktop/SBSN/ros2_ws/install/simulation_msgs/share/simulation_msgs/msg/SceneInfo.msg
-- Installing: /home/adam/Desktop/SBSN/ros2_ws/install/simulation_msgs/share/simulation_msgs/msg/TrialStart.msg
-- Installing: /home/adam/Desktop/SBSN/ros2_ws/install/simulation_msgs/share/simulation_msgs/bridge_mapping.yaml
-- Installing: /home/adam/Desktop/SBSN/ros2_ws/install/simulation_msgs/share/ament_index/resource_index/package_run_dependencies/simulation_msgs
-- Installing: /home/adam/Desktop/SBSN/ros2_ws/install/simulation_msgs/share/ament_index/resource_index/parent_prefix_path/simulation_msgs
-- Installing: /home/adam/Desktop/SBSN/ros2_ws/install/simulation_msgs/share/simulation_msgs/environment/ament_prefix_path.sh
-- Installing: /home/adam/Desktop/SBSN/ros2_ws/install/simulation_msgs/share/simulation_msgs/environment/ament_prefix_path.dsv
-- Installing: /home/adam/Desktop/SBSN/ros2_ws/install/simulation_msgs/share/simulation_msgs/environment/path.sh
-- Installing: /home/adam/Desktop/SBSN/ros2_ws/install/simulation_msgs/share/simulation_msgs/environment/path.dsv
-- Installing: /home/adam/Desktop/SBSN/ros2_ws/install/simulation_msgs/share/simulation_msgs/local_setup.bash
-- Installing: /home/adam/Desktop/SBSN/ros2_ws/install/simulation_msgs/share/simulation_msgs/local_setup.sh
-- Installing: /home/adam/Desktop/SBSN/ros2_ws/install/simulation_msgs/share/simulation_msgs/local_setup.zsh
-- Installing: /home/adam/Desktop/SBSN/ros2_ws/install/simulation_msgs/share/simulation_msgs/local_setup.dsv
-- Installing: /home/adam/Desktop/SBSN/ros2_ws/install/simulation_msgs/share/simulation_msgs/package.dsv
-- Installing: /home/adam/Desktop/SBSN/ros2_ws/install/simulation_msgs/share/ament_index/resource_index/packages/simulation_msgs
-- Installing: /home/adam/Desktop/SBSN/ros2_ws/install/simulation_msgs/share/simulation_msgs/cmake/export_simulation_msgs__rosidl_generator_cExport.cmake
-- Installing: /home/adam/Desktop/SBSN/ros2_ws/install/simulation_msgs/share/simulation_msgs/cmake/export_simulation_msgs__rosidl_generator_cExport-release.cmake
-- Installing: /home/adam/Desktop/SBSN/ros2_ws/install/simulation_msgs/share/simulation_msgs/cmake/export_simulation_msgs__rosidl_typesupport_fastrtps_cExport.cmake
-- Installing: /home/adam/Desktop/SBSN/ros2_ws/install/simulation_msgs/share/simulation_msgs/cmake/export_simulation_msgs__rosidl_typesupport_fastrtps_cExport-release.cmake
-- Installing: /home/adam/Desktop/SBSN/ros2_ws/install/simulation_msgs/share/simulation_msgs/cmake/export_simulation_msgs__rosidl_generator_cppExport.cmake
-- Installing: /home/adam/Desktop/SBSN/ros2_ws/install/simulation_msgs/share/simulation_msgs/cmake/export_simulation_msgs__rosidl_typesupport_fastrtps_cppExport.cmake
-- Installing: /home/adam/Desktop/SBSN/ros2_ws/install/simulation_msgs/share/simulation_msgs/cmake/export_simulation_msgs__rosidl_typesupport_fastrtps_cppExport-release.cmake
-- Installing: /home/adam/Desktop/SBSN/ros2_ws/install/simulation_msgs/share/simulation_msgs/cmake/simulation_msgs__rosidl_typesupport_introspection_cExport.cmake
-- Installing: /home/adam/Desktop/SBSN/ros2_ws/install/simulation_msgs/share/simulation_msgs/cmake/simulation_msgs__rosidl_typesupport_introspection_cExport-release.cmake
-- Installing: /home/adam/Desktop/SBSN/ros2_ws/install/simulation_msgs/share/simulation_msgs/cmake/simulation_msgs__rosidl_typesupport_cExport.cmake
-- Installing: /home/adam/Desktop/SBSN/ros2_ws/install/simulation_msgs/share/simulation_msgs/cmake/simulation_msgs__rosidl_typesupport_cExport-release.cmake
-- Installing: /home/adam/Desktop/SBSN/ros2_ws/install/simulation_msgs/share/simulation_msgs/cmake/simulation_msgs__rosidl_typesupport_introspection_cppExport.cmake
-- Installing: /home/adam/Desktop/SBSN/ros2_ws/install/simulation_msgs/share/simulation_msgs/cmake/simulation_msgs__rosidl_typesupport_introspection_cppExport-release.cmake
-- Installing: /home/adam/Desktop/SBSN/ros2_ws/install/simulation_msgs/share/simulation_msgs/cmake/simulation_msgs__rosidl_typesupport_cppExport.cmake
-- Installing: /home/adam/Desktop/SBSN/ros2_ws/install/simulation_msgs/share/simulation_msgs/cmake/simulation_msgs__rosidl_typesupport_cppExport-release.cmake
-- Installing: /home/adam/Desktop/SBSN/ros2_ws/install/simulation_msgs/share/simulation_msgs/cmake/export_simulation_msgs__rosidl_generator_pyExport.cmake
-- Installing: /home/adam/Desktop/SBSN/ros2_ws/install/simulation_msgs/share/simulation_msgs/cmake/export_simulation_msgs__rosidl_generator_pyExport-release.cmake
-- Installing: /home/adam/Desktop/SBSN/ros2_ws/install/simulation_msgs/share/simulation_msgs/cmake/rosidl_cmake-extras.cmake
-- Installing: /home/adam/Desktop/SBSN/ros2_ws/install/simulation_msgs/share/simulation_msgs/cmake/ament_cmake_export_dependencies-extras.cmake
-- Installing: /home/adam/Desktop/SBSN/ros2_ws/install/simulation_msgs/share/simulation_msgs/cmake/ament_cmake_export_include_directories-extras.cmake
-- Installing: /home/adam/Desktop/SBSN/ros2_ws/install/simulation_msgs/share/simulation_msgs/cmake/ament_cmake_export_libraries-extras.cmake
-- Installing: /home/adam/Desktop/SBSN/ros2_ws/install/simulation_msgs/share/simulation_msgs/cmake/ament_cmake_export_targets-extras.cmake
-- Installing: /home/adam/Desktop/SBSN/ros2_ws/install/simulation_msgs/share/simulation_msgs/cmake/rosidl_cmake_export_typesupport_targets-extras.cmake
-- Installing: /home/adam/Desktop/SBSN/ros2_ws/install/simulation_msgs/share/simulation_msgs/cmake/rosidl_cmake_export_typesupport_libraries-extras.cmake
-- Installing: /home/adam/Desktop/SBSN/ros2_ws/install/simulation_msgs/share/simulation_msgs/cmake/simulation_msgsConfig.cmake
-- Installing: /home/adam/Desktop/SBSN/ros2_ws/install/simulation_msgs/share/simulation_msgs/cmake/simulation_msgsConfig-version.cmake
-- Installing: /home/adam/Desktop/SBSN/ros2_ws/install/simulation_msgs/share/simulation_msgs/package.xml
