[0.284s] Invoking command in '/home/adam/Desktop/SBSN/ros2_ws/build/simulation_msgs': CMAKE_PREFIX_PATH=/opt/ros/humble /home/adam/.local/bin/cmake /home/adam/Desktop/SBSN/ros2_ws/src/msgs/simulation_msgs -DCMAKE_INSTALL_PREFIX=/home/adam/Desktop/SBSN/ros2_ws/install/simulation_msgs
[0.395s] -- The C compiler identification is GNU 11.4.0
[0.454s] -- The CXX compiler identification is GNU 11.4.0
[0.466s] -- Detecting C compiler ABI info
[0.519s] -- Detecting C compiler ABI info - done
[0.541s] -- Check for working C compiler: /usr/bin/cc - skipped
[0.541s] -- Detecting C compile features
[0.541s] -- Detecting C compile features - done
[0.546s] -- Detecting CXX compiler ABI info
[0.613s] -- Detecting CXX compiler ABI info - done
[0.636s] -- Check for working CXX compiler: /usr/bin/c++ - skipped
[0.637s] -- Detecting CXX compile features
[0.637s] -- Detecting CXX compile features - done
[0.638s] [0msimulation_msgs: You did not request a specific build type: Choosing 'Release' for maximum performance[0m
[0.640s] -- Found ament_cmake: 1.3.9 (/opt/ros/humble/share/ament_cmake/cmake)
[0.733s] -- Found Python3: /usr/bin/python3 (found version "3.10.12") found components: Interpreter
[0.815s] -- Found std_msgs: 4.2.4 (/opt/ros/humble/share/std_msgs/cmake)
[0.858s] -- Found rosidl_generator_c: 3.1.5 (/opt/ros/humble/share/rosidl_generator_c/cmake)
[0.862s] -- Found rosidl_adapter: 3.1.5 (/opt/ros/humble/share/rosidl_adapter/cmake)
[0.870s] -- Found rosidl_generator_cpp: 3.1.5 (/opt/ros/humble/share/rosidl_generator_cpp/cmake)
[0.883s] -- Using all available rosidl_typesupport_c: rosidl_typesupport_fastrtps_c;rosidl_typesupport_introspection_c
[0.902s] -- Using all available rosidl_typesupport_cpp: rosidl_typesupport_fastrtps_cpp;rosidl_typesupport_introspection_cpp
[0.957s] -- Found geometry_msgs: 4.2.4 (/opt/ros/humble/share/geometry_msgs/cmake)
[1.003s] -- Found rosidl_default_generators: 1.2.0 (/opt/ros/humble/share/rosidl_default_generators/cmake)
[1.407s] -- Found ament_cmake_ros: 0.10.0 (/opt/ros/humble/share/ament_cmake_ros/cmake)
[2.034s] -- Using all available rosidl_typesupport_c: rosidl_typesupport_fastrtps_c;rosidl_typesupport_introspection_c
[2.294s] -- Using all available rosidl_typesupport_cpp: rosidl_typesupport_fastrtps_cpp;rosidl_typesupport_introspection_cpp
[2.298s] [33mCMake Warning (dev) at /opt/ros/humble/share/rosidl_generator_py/cmake/rosidl_generator_py_generate_interfaces.cmake:20 (find_package):
[2.299s]   Policy CMP0148 is not set: The FindPythonInterp and FindPythonLibs modules
[2.299s]   are removed.  Run "cmake --help-policy CMP0148" for policy details.  Use
[2.299s]   the cmake_policy command to set the policy and suppress this warning.
[2.299s] 
[2.299s] Call Stack (most recent call first):
[2.299s]   /opt/ros/humble/share/ament_cmake_core/cmake/core/ament_execute_extensions.cmake:48 (include)
[2.300s]   /opt/ros/humble/share/rosidl_cmake/cmake/rosidl_generate_interfaces.cmake:286 (ament_execute_extensions)
[2.300s]   CMakeLists.txt:29 (rosidl_generate_interfaces)
[2.300s] This warning is for project developers.  Use -Wno-dev to suppress it.
[2.300s] [0m
[2.316s] -- Found PythonInterp: /usr/bin/python3 (found suitable version "3.10.12", minimum required is "3.6")
[2.318s] -- Found python_cmake_module: 0.10.0 (/opt/ros/humble/share/python_cmake_module/cmake)
[2.319s] [33mCMake Warning (dev) at /opt/ros/humble/share/python_cmake_module/cmake/Modules/FindPythonExtra.cmake:52 (find_package):
[2.319s]   Policy CMP0148 is not set: The FindPythonInterp and FindPythonLibs modules
[2.319s]   are removed.  Run "cmake --help-policy CMP0148" for policy details.  Use
[2.319s]   the cmake_policy command to set the policy and suppress this warning.
[2.319s] 
[2.319s] Call Stack (most recent call first):
[2.319s]   /opt/ros/humble/share/rosidl_generator_py/cmake/rosidl_generator_py_generate_interfaces.cmake:23 (find_package)
[2.319s]   /opt/ros/humble/share/ament_cmake_core/cmake/core/ament_execute_extensions.cmake:48 (include)
[2.319s]   /opt/ros/humble/share/rosidl_cmake/cmake/rosidl_generate_interfaces.cmake:286 (ament_execute_extensions)
[2.319s]   CMakeLists.txt:29 (rosidl_generate_interfaces)
[2.319s] This warning is for project developers.  Use -Wno-dev to suppress it.
[2.319s] [0m
[2.336s] [33mCMake Warning (dev) at /opt/ros/humble/share/python_cmake_module/cmake/Modules/FindPythonExtra.cmake:140 (find_package):
[2.336s]   Policy CMP0148 is not set: The FindPythonInterp and FindPythonLibs modules
[2.336s]   are removed.  Run "cmake --help-policy CMP0148" for policy details.  Use
[2.336s]   the cmake_policy command to set the policy and suppress this warning.
[2.336s] 
[2.336s] Call Stack (most recent call first):
[2.336s]   /opt/ros/humble/share/rosidl_generator_py/cmake/rosidl_generator_py_generate_interfaces.cmake:23 (find_package)
[2.336s]   /opt/ros/humble/share/ament_cmake_core/cmake/core/ament_execute_extensions.cmake:48 (include)
[2.336s]   /opt/ros/humble/share/rosidl_cmake/cmake/rosidl_generate_interfaces.cmake:286 (ament_execute_extensions)
[2.336s]   CMakeLists.txt:29 (rosidl_generate_interfaces)
[2.336s] This warning is for project developers.  Use -Wno-dev to suppress it.
[2.336s] [0m
[2.344s] -- Found PythonLibs: /usr/lib/x86_64-linux-gnu/libpython3.10.so (found suitable version "3.10.12", minimum required is "3.5")
[2.344s] -- Using PYTHON_EXECUTABLE: /usr/bin/python3
[2.344s] -- Using PYTHON_INCLUDE_DIRS: /usr/include/python3.10
[2.344s] -- Using PYTHON_LIBRARIES: /usr/lib/x86_64-linux-gnu/libpython3.10.so
[2.359s] -- Found PythonExtra: .so
[2.427s] -- Configuring done (2.1s)
[2.492s] -- Generating done (0.1s)
[2.494s] -- Build files have been written to: /home/adam/Desktop/SBSN/ros2_ws/build/simulation_msgs
[2.514s] Invoked command in '/home/adam/Desktop/SBSN/ros2_ws/build/simulation_msgs' returned '0': CMAKE_PREFIX_PATH=/opt/ros/humble /home/adam/.local/bin/cmake /home/adam/Desktop/SBSN/ros2_ws/src/msgs/simulation_msgs -DCMAKE_INSTALL_PREFIX=/home/adam/Desktop/SBSN/ros2_ws/install/simulation_msgs
[2.515s] Invoking command in '/home/adam/Desktop/SBSN/ros2_ws/build/simulation_msgs': CMAKE_PREFIX_PATH=/opt/ros/humble /home/adam/.local/bin/cmake --build /home/adam/Desktop/SBSN/ros2_ws/build/simulation_msgs -- -j16 -l16
[2.590s] [  1%] [34m[1mGenerating C code for ROS interfaces[0m
[2.597s] [  3%] [34m[1mGenerating C++ code for ROS interfaces[0m
[2.599s] [  3%] Built target ament_cmake_python_copy_simulation_msgs
[2.911s] running egg_info
[2.912s] creating simulation_msgs.egg-info
[2.912s] writing simulation_msgs.egg-info/PKG-INFO
[2.913s] writing dependency_links to simulation_msgs.egg-info/dependency_links.txt
[2.913s] writing top-level names to simulation_msgs.egg-info/top_level.txt
[2.913s] writing manifest file 'simulation_msgs.egg-info/SOURCES.txt'
[2.915s] reading manifest file 'simulation_msgs.egg-info/SOURCES.txt'
[2.916s] writing manifest file 'simulation_msgs.egg-info/SOURCES.txt'
[2.958s] [  3%] Built target ament_cmake_python_build_simulation_msgs_egg
[3.657s] [  3%] Built target simulation_msgs__cpp
[3.680s] [  4%] [34m[1mGenerating C++ type support for eProsima Fast-RTPS[0m
[3.680s] [  6%] [34m[1mGenerating C++ introspection for ROS interfaces[0m
[3.680s] [  7%] [32mBuilding C object CMakeFiles/simulation_msgs__rosidl_generator_c.dir/rosidl_generator_c/simulation_msgs/msg/detail/person_entry__functions.c.o[0m
[3.680s] [  9%] [34m[1mGenerating C++ type support dispatch for ROS interfaces[0m
[3.680s] [ 11%] [32mBuilding C object CMakeFiles/simulation_msgs__rosidl_generator_c.dir/rosidl_generator_c/simulation_msgs/msg/detail/person_entry_array__functions.c.o[0m
[3.703s] [ 12%] [32mBuilding C object CMakeFiles/simulation_msgs__rosidl_generator_c.dir/rosidl_generator_c/simulation_msgs/msg/detail/real_depth_image__functions.c.o[0m
[3.703s] [ 14%] [32mBuilding C object CMakeFiles/simulation_msgs__rosidl_generator_c.dir/rosidl_generator_c/simulation_msgs/msg/detail/scene_info__functions.c.o[0m
[3.710s] [ 15%] [32mBuilding C object CMakeFiles/simulation_msgs__rosidl_generator_c.dir/rosidl_generator_c/simulation_msgs/msg/detail/trial_start__functions.c.o[0m
[4.116s] [ 17%] [32m[1mLinking C shared library libsimulation_msgs__rosidl_generator_c.so[0m
[4.198s] [ 17%] Built target simulation_msgs__rosidl_generator_c
[4.215s] [ 19%] [34m[1mGenerating C type support for eProsima Fast-RTPS[0m
[4.220s] [ 20%] [34m[1mGenerating C type support dispatch for ROS interfaces[0m
[4.225s] [ 22%] [34m[1mGenerating C introspection for ROS interfaces[0m
[5.259s] [ 23%] [32mBuilding CXX object CMakeFiles/simulation_msgs__rosidl_typesupport_cpp.dir/rosidl_typesupport_cpp/simulation_msgs/msg/person_entry__type_support.cpp.o[0m
[5.259s] [ 25%] [32mBuilding CXX object CMakeFiles/simulation_msgs__rosidl_typesupport_cpp.dir/rosidl_typesupport_cpp/simulation_msgs/msg/person_entry_array__type_support.cpp.o[0m
[5.260s] [ 26%] [32mBuilding CXX object CMakeFiles/simulation_msgs__rosidl_typesupport_cpp.dir/rosidl_typesupport_cpp/simulation_msgs/msg/scene_info__type_support.cpp.o[0m
[5.263s] [ 28%] [32mBuilding CXX object CMakeFiles/simulation_msgs__rosidl_typesupport_cpp.dir/rosidl_typesupport_cpp/simulation_msgs/msg/real_depth_image__type_support.cpp.o[0m
[5.263s] [ 30%] [32mBuilding CXX object CMakeFiles/simulation_msgs__rosidl_typesupport_cpp.dir/rosidl_typesupport_cpp/simulation_msgs/msg/trial_start__type_support.cpp.o[0m
[5.349s] [ 31%] [32mBuilding CXX object CMakeFiles/simulation_msgs__rosidl_typesupport_introspection_cpp.dir/rosidl_typesupport_introspection_cpp/simulation_msgs/msg/detail/person_entry__type_support.cpp.o[0m
[5.352s] [ 33%] [32mBuilding CXX object CMakeFiles/simulation_msgs__rosidl_typesupport_introspection_cpp.dir/rosidl_typesupport_introspection_cpp/simulation_msgs/msg/detail/person_entry_array__type_support.cpp.o[0m
[5.352s] [ 34%] [32mBuilding CXX object CMakeFiles/simulation_msgs__rosidl_typesupport_introspection_cpp.dir/rosidl_typesupport_introspection_cpp/simulation_msgs/msg/detail/real_depth_image__type_support.cpp.o[0m
[5.362s] [ 36%] [32mBuilding CXX object CMakeFiles/simulation_msgs__rosidl_typesupport_introspection_cpp.dir/rosidl_typesupport_introspection_cpp/simulation_msgs/msg/detail/trial_start__type_support.cpp.o[0m
[5.362s] [ 38%] [32mBuilding CXX object CMakeFiles/simulation_msgs__rosidl_typesupport_introspection_cpp.dir/rosidl_typesupport_introspection_cpp/simulation_msgs/msg/detail/scene_info__type_support.cpp.o[0m
[5.432s] [ 39%] [32mBuilding CXX object CMakeFiles/simulation_msgs__rosidl_typesupport_fastrtps_cpp.dir/rosidl_typesupport_fastrtps_cpp/simulation_msgs/msg/detail/dds_fastrtps/person_entry__type_support.cpp.o[0m
[5.438s] [ 41%] [32mBuilding CXX object CMakeFiles/simulation_msgs__rosidl_typesupport_fastrtps_cpp.dir/rosidl_typesupport_fastrtps_cpp/simulation_msgs/msg/detail/dds_fastrtps/person_entry_array__type_support.cpp.o[0m
[5.448s] [ 42%] [32mBuilding CXX object CMakeFiles/simulation_msgs__rosidl_typesupport_fastrtps_cpp.dir/rosidl_typesupport_fastrtps_cpp/simulation_msgs/msg/detail/dds_fastrtps/real_depth_image__type_support.cpp.o[0m
[5.462s] [ 44%] [32mBuilding C object CMakeFiles/simulation_msgs__rosidl_typesupport_introspection_c.dir/rosidl_typesupport_introspection_c/simulation_msgs/msg/detail/person_entry__type_support.c.o[0m
[5.513s] [ 46%] [32mBuilding CXX object CMakeFiles/simulation_msgs__rosidl_typesupport_c.dir/rosidl_typesupport_c/simulation_msgs/msg/person_entry__type_support.cpp.o[0m
[5.514s] [ 47%] [32mBuilding C object CMakeFiles/simulation_msgs__rosidl_typesupport_introspection_c.dir/rosidl_typesupport_introspection_c/simulation_msgs/msg/detail/person_entry_array__type_support.c.o[0m
[5.552s] [ 49%] [32mBuilding CXX object CMakeFiles/simulation_msgs__rosidl_typesupport_c.dir/rosidl_typesupport_c/simulation_msgs/msg/person_entry_array__type_support.cpp.o[0m
[5.622s] [ 50%] [32mBuilding CXX object CMakeFiles/simulation_msgs__rosidl_typesupport_c.dir/rosidl_typesupport_c/simulation_msgs/msg/real_depth_image__type_support.cpp.o[0m
[5.623s] [ 52%] [32mBuilding CXX object CMakeFiles/simulation_msgs__rosidl_typesupport_c.dir/rosidl_typesupport_c/simulation_msgs/msg/scene_info__type_support.cpp.o[0m
[5.626s] [ 53%] [32mBuilding C object CMakeFiles/simulation_msgs__rosidl_typesupport_introspection_c.dir/rosidl_typesupport_introspection_c/simulation_msgs/msg/detail/real_depth_image__type_support.c.o[0m
[5.634s] [ 55%] [32mBuilding CXX object CMakeFiles/simulation_msgs__rosidl_typesupport_fastrtps_c.dir/rosidl_typesupport_fastrtps_c/simulation_msgs/msg/detail/person_entry__type_support_c.cpp.o[0m
[5.653s] [ 57%] [32mBuilding CXX object CMakeFiles/simulation_msgs__rosidl_typesupport_fastrtps_c.dir/rosidl_typesupport_fastrtps_c/simulation_msgs/msg/detail/person_entry_array__type_support_c.cpp.o[0m
[5.658s] [ 58%] [32mBuilding C object CMakeFiles/simulation_msgs__rosidl_typesupport_introspection_c.dir/rosidl_typesupport_introspection_c/simulation_msgs/msg/detail/scene_info__type_support.c.o[0m
[5.664s] [ 60%] [32mBuilding CXX object CMakeFiles/simulation_msgs__rosidl_typesupport_fastrtps_c.dir/rosidl_typesupport_fastrtps_c/simulation_msgs/msg/detail/real_depth_image__type_support_c.cpp.o[0m
[5.681s] [ 61%] [32mBuilding CXX object CMakeFiles/simulation_msgs__rosidl_typesupport_c.dir/rosidl_typesupport_c/simulation_msgs/msg/trial_start__type_support.cpp.o[0m
[5.692s] [ 63%] [32mBuilding CXX object CMakeFiles/simulation_msgs__rosidl_typesupport_fastrtps_cpp.dir/rosidl_typesupport_fastrtps_cpp/simulation_msgs/msg/detail/dds_fastrtps/scene_info__type_support.cpp.o[0m
[5.704s] [ 65%] [32m[1mLinking CXX shared library libsimulation_msgs__rosidl_typesupport_cpp.so[0m
[5.710s] [ 66%] [32mBuilding CXX object CMakeFiles/simulation_msgs__rosidl_typesupport_fastrtps_cpp.dir/rosidl_typesupport_fastrtps_cpp/simulation_msgs/msg/detail/dds_fastrtps/trial_start__type_support.cpp.o[0m
[5.731s] [ 68%] [32mBuilding C object CMakeFiles/simulation_msgs__rosidl_typesupport_introspection_c.dir/rosidl_typesupport_introspection_c/simulation_msgs/msg/detail/trial_start__type_support.c.o[0m
[5.757s] [ 69%] [32m[1mLinking CXX shared library libsimulation_msgs__rosidl_typesupport_c.so[0m
[5.773s] [ 69%] Built target simulation_msgs__rosidl_typesupport_cpp
[5.784s] [ 71%] [32mBuilding CXX object CMakeFiles/simulation_msgs__rosidl_typesupport_fastrtps_c.dir/rosidl_typesupport_fastrtps_c/simulation_msgs/msg/detail/scene_info__type_support_c.cpp.o[0m
[5.816s] [ 73%] [32m[1mLinking C shared library libsimulation_msgs__rosidl_typesupport_introspection_c.so[0m
[5.833s] [ 73%] Built target simulation_msgs__rosidl_typesupport_c
[5.849s] [ 74%] [32mBuilding CXX object CMakeFiles/simulation_msgs__rosidl_typesupport_fastrtps_c.dir/rosidl_typesupport_fastrtps_c/simulation_msgs/msg/detail/trial_start__type_support_c.cpp.o[0m
[5.871s] [ 74%] Built target simulation_msgs__rosidl_typesupport_introspection_c
[6.155s] [ 76%] [32m[1mLinking CXX shared library libsimulation_msgs__rosidl_typesupport_introspection_cpp.so[0m
[6.214s] [ 76%] Built target simulation_msgs__rosidl_typesupport_introspection_cpp
[6.293s] [ 77%] [32m[1mLinking CXX shared library libsimulation_msgs__rosidl_typesupport_fastrtps_cpp.so[0m
[6.342s] [ 79%] [32m[1mLinking CXX shared library libsimulation_msgs__rosidl_typesupport_fastrtps_c.so[0m
[6.356s] [ 79%] Built target simulation_msgs__rosidl_typesupport_fastrtps_cpp
[6.399s] [ 79%] Built target simulation_msgs__rosidl_typesupport_fastrtps_c
[6.406s] [ 79%] Built target simulation_msgs
[6.413s] [ 80%] [34m[1mGenerating Python code for ROS interfaces[0m
[7.325s] [ 80%] Built target simulation_msgs__py
[7.339s] [ 82%] [32mBuilding C object CMakeFiles/simulation_msgs__rosidl_generator_py.dir/rosidl_generator_py/simulation_msgs/msg/_real_depth_image_s.c.o[0m
[7.339s] [ 84%] [32mBuilding C object CMakeFiles/simulation_msgs__rosidl_generator_py.dir/rosidl_generator_py/simulation_msgs/msg/_scene_info_s.c.o[0m
[7.340s] [ 85%] [32mBuilding C object CMakeFiles/simulation_msgs__rosidl_generator_py.dir/rosidl_generator_py/simulation_msgs/msg/_person_entry_s.c.o[0m
[7.341s] [ 87%] [32mBuilding C object CMakeFiles/simulation_msgs__rosidl_generator_py.dir/rosidl_generator_py/simulation_msgs/msg/_person_entry_array_s.c.o[0m
[7.341s] [ 88%] [32mBuilding C object CMakeFiles/simulation_msgs__rosidl_generator_py.dir/rosidl_generator_py/simulation_msgs/msg/_trial_start_s.c.o[0m
[7.470s] [ 90%] [32m[1mLinking C shared library rosidl_generator_py/simulation_msgs/libsimulation_msgs__rosidl_generator_py.so[0m
[7.502s] [ 90%] Built target simulation_msgs__rosidl_generator_py
[7.521s] [ 92%] [32mBuilding C object CMakeFiles/simulation_msgs__rosidl_typesupport_fastrtps_c__pyext.dir/rosidl_generator_py/simulation_msgs/_simulation_msgs_s.ep.rosidl_typesupport_fastrtps_c.c.o[0m
[7.522s] [ 93%] [32mBuilding C object CMakeFiles/simulation_msgs__rosidl_typesupport_introspection_c__pyext.dir/rosidl_generator_py/simulation_msgs/_simulation_msgs_s.ep.rosidl_typesupport_introspection_c.c.o[0m
[7.523s] [ 95%] [32mBuilding C object CMakeFiles/simulation_msgs__rosidl_typesupport_c__pyext.dir/rosidl_generator_py/simulation_msgs/_simulation_msgs_s.ep.rosidl_typesupport_c.c.o[0m
[7.660s] [ 96%] [32m[1mLinking C shared library rosidl_generator_py/simulation_msgs/simulation_msgs_s__rosidl_typesupport_fastrtps_c.cpython-310-x86_64-linux-gnu.so[0m
[7.678s] [ 98%] [32m[1mLinking C shared library rosidl_generator_py/simulation_msgs/simulation_msgs_s__rosidl_typesupport_c.cpython-310-x86_64-linux-gnu.so[0m
[7.696s] [100%] [32m[1mLinking C shared library rosidl_generator_py/simulation_msgs/simulation_msgs_s__rosidl_typesupport_introspection_c.cpython-310-x86_64-linux-gnu.so[0m
[7.707s] [100%] Built target simulation_msgs__rosidl_typesupport_fastrtps_c__pyext
[7.724s] [100%] Built target simulation_msgs__rosidl_typesupport_c__pyext
[7.727s] [100%] Built target simulation_msgs__rosidl_typesupport_introspection_c__pyext
[7.752s] Invoked command in '/home/adam/Desktop/SBSN/ros2_ws/build/simulation_msgs' returned '0': CMAKE_PREFIX_PATH=/opt/ros/humble /home/adam/.local/bin/cmake --build /home/adam/Desktop/SBSN/ros2_ws/build/simulation_msgs -- -j16 -l16
[8.121s] Invoking command in '/home/adam/Desktop/SBSN/ros2_ws/build/simulation_msgs': CMAKE_PREFIX_PATH=/opt/ros/humble /home/adam/.local/bin/cmake --install /home/adam/Desktop/SBSN/ros2_ws/build/simulation_msgs
[8.211s] -- Install configuration: "Release"
[8.212s] -- Installing: /home/adam/Desktop/SBSN/ros2_ws/install/simulation_msgs/share/ament_index/resource_index/rosidl_interfaces/simulation_msgs
[8.212s] -- Installing: /home/adam/Desktop/SBSN/ros2_ws/install/simulation_msgs/include/simulation_msgs/simulation_msgs
[8.212s] -- Installing: /home/adam/Desktop/SBSN/ros2_ws/install/simulation_msgs/include/simulation_msgs/simulation_msgs/msg
[8.212s] -- Installing: /home/adam/Desktop/SBSN/ros2_ws/install/simulation_msgs/include/simulation_msgs/simulation_msgs/msg/person_entry.h
[8.212s] -- Installing: /home/adam/Desktop/SBSN/ros2_ws/install/simulation_msgs/include/simulation_msgs/simulation_msgs/msg/trial_start.h
[8.213s] -- Installing: /home/adam/Desktop/SBSN/ros2_ws/install/simulation_msgs/include/simulation_msgs/simulation_msgs/msg/detail
[8.213s] -- Installing: /home/adam/Desktop/SBSN/ros2_ws/install/simulation_msgs/include/simulation_msgs/simulation_msgs/msg/detail/person_entry_array__type_support.h
[8.213s] -- Installing: /home/adam/Desktop/SBSN/ros2_ws/install/simulation_msgs/include/simulation_msgs/simulation_msgs/msg/detail/person_entry_array__functions.h
[8.213s] -- Installing: /home/adam/Desktop/SBSN/ros2_ws/install/simulation_msgs/include/simulation_msgs/simulation_msgs/msg/detail/person_entry__functions.h
[8.213s] -- Installing: /home/adam/Desktop/SBSN/ros2_ws/install/simulation_msgs/include/simulation_msgs/simulation_msgs/msg/detail/real_depth_image__functions.c
[8.213s] -- Installing: /home/adam/Desktop/SBSN/ros2_ws/install/simulation_msgs/include/simulation_msgs/simulation_msgs/msg/detail/scene_info__functions.h
[8.213s] -- Installing: /home/adam/Desktop/SBSN/ros2_ws/install/simulation_msgs/include/simulation_msgs/simulation_msgs/msg/detail/trial_start__functions.h
[8.214s] -- Installing: /home/adam/Desktop/SBSN/ros2_ws/install/simulation_msgs/include/simulation_msgs/simulation_msgs/msg/detail/real_depth_image__functions.h
[8.214s] -- Installing: /home/adam/Desktop/SBSN/ros2_ws/install/simulation_msgs/include/simulation_msgs/simulation_msgs/msg/detail/real_depth_image__type_support.h
[8.214s] -- Installing: /home/adam/Desktop/SBSN/ros2_ws/install/simulation_msgs/include/simulation_msgs/simulation_msgs/msg/detail/scene_info__struct.h
[8.214s] -- Installing: /home/adam/Desktop/SBSN/ros2_ws/install/simulation_msgs/include/simulation_msgs/simulation_msgs/msg/detail/person_entry_array__functions.c
[8.214s] -- Installing: /home/adam/Desktop/SBSN/ros2_ws/install/simulation_msgs/include/simulation_msgs/simulation_msgs/msg/detail/person_entry__type_support.h
[8.215s] -- Installing: /home/adam/Desktop/SBSN/ros2_ws/install/simulation_msgs/include/simulation_msgs/simulation_msgs/msg/detail/trial_start__type_support.h
[8.215s] -- Installing: /home/adam/Desktop/SBSN/ros2_ws/install/simulation_msgs/include/simulation_msgs/simulation_msgs/msg/detail/trial_start__struct.h
[8.215s] -- Installing: /home/adam/Desktop/SBSN/ros2_ws/install/simulation_msgs/include/simulation_msgs/simulation_msgs/msg/detail/person_entry__struct.h
[8.215s] -- Installing: /home/adam/Desktop/SBSN/ros2_ws/install/simulation_msgs/include/simulation_msgs/simulation_msgs/msg/detail/scene_info__functions.c
[8.216s] -- Installing: /home/adam/Desktop/SBSN/ros2_ws/install/simulation_msgs/include/simulation_msgs/simulation_msgs/msg/detail/scene_info__type_support.h
[8.216s] -- Installing: /home/adam/Desktop/SBSN/ros2_ws/install/simulation_msgs/include/simulation_msgs/simulation_msgs/msg/detail/trial_start__functions.c
[8.216s] -- Installing: /home/adam/Desktop/SBSN/ros2_ws/install/simulation_msgs/include/simulation_msgs/simulation_msgs/msg/detail/real_depth_image__struct.h
[8.216s] -- Installing: /home/adam/Desktop/SBSN/ros2_ws/install/simulation_msgs/include/simulation_msgs/simulation_msgs/msg/detail/person_entry__functions.c
[8.216s] -- Installing: /home/adam/Desktop/SBSN/ros2_ws/install/simulation_msgs/include/simulation_msgs/simulation_msgs/msg/detail/person_entry_array__struct.h
[8.216s] -- Installing: /home/adam/Desktop/SBSN/ros2_ws/install/simulation_msgs/include/simulation_msgs/simulation_msgs/msg/rosidl_generator_c__visibility_control.h
[8.216s] -- Installing: /home/adam/Desktop/SBSN/ros2_ws/install/simulation_msgs/include/simulation_msgs/simulation_msgs/msg/real_depth_image.h
[8.217s] -- Installing: /home/adam/Desktop/SBSN/ros2_ws/install/simulation_msgs/include/simulation_msgs/simulation_msgs/msg/scene_info.h
[8.217s] -- Installing: /home/adam/Desktop/SBSN/ros2_ws/install/simulation_msgs/include/simulation_msgs/simulation_msgs/msg/person_entry_array.h
[8.217s] -- Installing: /home/adam/Desktop/SBSN/ros2_ws/install/simulation_msgs/share/simulation_msgs/environment/library_path.sh
[8.217s] -- Installing: /home/adam/Desktop/SBSN/ros2_ws/install/simulation_msgs/share/simulation_msgs/environment/library_path.dsv
[8.218s] -- Installing: /home/adam/Desktop/SBSN/ros2_ws/install/simulation_msgs/lib/libsimulation_msgs__rosidl_generator_c.so
[8.218s] -- Set non-toolchain portion of runtime path of "/home/adam/Desktop/SBSN/ros2_ws/install/simulation_msgs/lib/libsimulation_msgs__rosidl_generator_c.so" to ""
[8.218s] -- Up-to-date: /home/adam/Desktop/SBSN/ros2_ws/install/simulation_msgs/include/simulation_msgs/simulation_msgs
[8.218s] -- Up-to-date: /home/adam/Desktop/SBSN/ros2_ws/install/simulation_msgs/include/simulation_msgs/simulation_msgs/msg
[8.218s] -- Installing: /home/adam/Desktop/SBSN/ros2_ws/install/simulation_msgs/include/simulation_msgs/simulation_msgs/msg/rosidl_typesupport_fastrtps_c__visibility_control.h
[8.218s] -- Up-to-date: /home/adam/Desktop/SBSN/ros2_ws/install/simulation_msgs/include/simulation_msgs/simulation_msgs/msg/detail
[8.218s] -- Installing: /home/adam/Desktop/SBSN/ros2_ws/install/simulation_msgs/include/simulation_msgs/simulation_msgs/msg/detail/real_depth_image__rosidl_typesupport_fastrtps_c.h
[8.219s] -- Installing: /home/adam/Desktop/SBSN/ros2_ws/install/simulation_msgs/include/simulation_msgs/simulation_msgs/msg/detail/trial_start__rosidl_typesupport_fastrtps_c.h
[8.219s] -- Installing: /home/adam/Desktop/SBSN/ros2_ws/install/simulation_msgs/include/simulation_msgs/simulation_msgs/msg/detail/person_entry__rosidl_typesupport_fastrtps_c.h
[8.219s] -- Installing: /home/adam/Desktop/SBSN/ros2_ws/install/simulation_msgs/include/simulation_msgs/simulation_msgs/msg/detail/scene_info__rosidl_typesupport_fastrtps_c.h
[8.219s] -- Installing: /home/adam/Desktop/SBSN/ros2_ws/install/simulation_msgs/include/simulation_msgs/simulation_msgs/msg/detail/person_entry_array__rosidl_typesupport_fastrtps_c.h
[8.219s] -- Installing: /home/adam/Desktop/SBSN/ros2_ws/install/simulation_msgs/lib/libsimulation_msgs__rosidl_typesupport_fastrtps_c.so
[8.219s] -- Set non-toolchain portion of runtime path of "/home/adam/Desktop/SBSN/ros2_ws/install/simulation_msgs/lib/libsimulation_msgs__rosidl_typesupport_fastrtps_c.so" to ""
[8.220s] -- Up-to-date: /home/adam/Desktop/SBSN/ros2_ws/install/simulation_msgs/include/simulation_msgs/simulation_msgs
[8.220s] -- Up-to-date: /home/adam/Desktop/SBSN/ros2_ws/install/simulation_msgs/include/simulation_msgs/simulation_msgs/msg
[8.220s] -- Installing: /home/adam/Desktop/SBSN/ros2_ws/install/simulation_msgs/include/simulation_msgs/simulation_msgs/msg/person_entry_array.hpp
[8.220s] -- Installing: /home/adam/Desktop/SBSN/ros2_ws/install/simulation_msgs/include/simulation_msgs/simulation_msgs/msg/real_depth_image.hpp
[8.220s] -- Installing: /home/adam/Desktop/SBSN/ros2_ws/install/simulation_msgs/include/simulation_msgs/simulation_msgs/msg/scene_info.hpp
[8.220s] -- Up-to-date: /home/adam/Desktop/SBSN/ros2_ws/install/simulation_msgs/include/simulation_msgs/simulation_msgs/msg/detail
[8.221s] -- Installing: /home/adam/Desktop/SBSN/ros2_ws/install/simulation_msgs/include/simulation_msgs/simulation_msgs/msg/detail/scene_info__builder.hpp
[8.221s] -- Installing: /home/adam/Desktop/SBSN/ros2_ws/install/simulation_msgs/include/simulation_msgs/simulation_msgs/msg/detail/person_entry_array__traits.hpp
[8.221s] -- Installing: /home/adam/Desktop/SBSN/ros2_ws/install/simulation_msgs/include/simulation_msgs/simulation_msgs/msg/detail/person_entry__builder.hpp
[8.221s] -- Installing: /home/adam/Desktop/SBSN/ros2_ws/install/simulation_msgs/include/simulation_msgs/simulation_msgs/msg/detail/real_depth_image__traits.hpp
[8.221s] -- Installing: /home/adam/Desktop/SBSN/ros2_ws/install/simulation_msgs/include/simulation_msgs/simulation_msgs/msg/detail/real_depth_image__builder.hpp
[8.221s] -- Installing: /home/adam/Desktop/SBSN/ros2_ws/install/simulation_msgs/include/simulation_msgs/simulation_msgs/msg/detail/trial_start__traits.hpp
[8.221s] -- Installing: /home/adam/Desktop/SBSN/ros2_ws/install/simulation_msgs/include/simulation_msgs/simulation_msgs/msg/detail/scene_info__traits.hpp
[8.222s] -- Installing: /home/adam/Desktop/SBSN/ros2_ws/install/simulation_msgs/include/simulation_msgs/simulation_msgs/msg/detail/scene_info__struct.hpp
[8.222s] -- Installing: /home/adam/Desktop/SBSN/ros2_ws/install/simulation_msgs/include/simulation_msgs/simulation_msgs/msg/detail/trial_start__struct.hpp
[8.222s] -- Installing: /home/adam/Desktop/SBSN/ros2_ws/install/simulation_msgs/include/simulation_msgs/simulation_msgs/msg/detail/person_entry_array__struct.hpp
[8.222s] -- Installing: /home/adam/Desktop/SBSN/ros2_ws/install/simulation_msgs/include/simulation_msgs/simulation_msgs/msg/detail/trial_start__builder.hpp
[8.222s] -- Installing: /home/adam/Desktop/SBSN/ros2_ws/install/simulation_msgs/include/simulation_msgs/simulation_msgs/msg/detail/person_entry_array__builder.hpp
[8.222s] -- Installing: /home/adam/Desktop/SBSN/ros2_ws/install/simulation_msgs/include/simulation_msgs/simulation_msgs/msg/detail/person_entry__traits.hpp
[8.222s] -- Installing: /home/adam/Desktop/SBSN/ros2_ws/install/simulation_msgs/include/simulation_msgs/simulation_msgs/msg/detail/person_entry__struct.hpp
[8.222s] -- Installing: /home/adam/Desktop/SBSN/ros2_ws/install/simulation_msgs/include/simulation_msgs/simulation_msgs/msg/detail/real_depth_image__struct.hpp
[8.223s] -- Installing: /home/adam/Desktop/SBSN/ros2_ws/install/simulation_msgs/include/simulation_msgs/simulation_msgs/msg/person_entry.hpp
[8.223s] -- Installing: /home/adam/Desktop/SBSN/ros2_ws/install/simulation_msgs/include/simulation_msgs/simulation_msgs/msg/trial_start.hpp
[8.223s] -- Up-to-date: /home/adam/Desktop/SBSN/ros2_ws/install/simulation_msgs/include/simulation_msgs/simulation_msgs
[8.223s] -- Up-to-date: /home/adam/Desktop/SBSN/ros2_ws/install/simulation_msgs/include/simulation_msgs/simulation_msgs/msg
[8.223s] -- Installing: /home/adam/Desktop/SBSN/ros2_ws/install/simulation_msgs/include/simulation_msgs/simulation_msgs/msg/rosidl_typesupport_fastrtps_cpp__visibility_control.h
[8.223s] -- Up-to-date: /home/adam/Desktop/SBSN/ros2_ws/install/simulation_msgs/include/simulation_msgs/simulation_msgs/msg/detail
[8.223s] -- Installing: /home/adam/Desktop/SBSN/ros2_ws/install/simulation_msgs/include/simulation_msgs/simulation_msgs/msg/detail/person_entry_array__rosidl_typesupport_fastrtps_cpp.hpp
[8.223s] -- Installing: /home/adam/Desktop/SBSN/ros2_ws/install/simulation_msgs/include/simulation_msgs/simulation_msgs/msg/detail/scene_info__rosidl_typesupport_fastrtps_cpp.hpp
[8.224s] -- Installing: /home/adam/Desktop/SBSN/ros2_ws/install/simulation_msgs/include/simulation_msgs/simulation_msgs/msg/detail/trial_start__rosidl_typesupport_fastrtps_cpp.hpp
[8.224s] -- Installing: /home/adam/Desktop/SBSN/ros2_ws/install/simulation_msgs/include/simulation_msgs/simulation_msgs/msg/detail/dds_fastrtps
[8.224s] -- Installing: /home/adam/Desktop/SBSN/ros2_ws/install/simulation_msgs/include/simulation_msgs/simulation_msgs/msg/detail/person_entry__rosidl_typesupport_fastrtps_cpp.hpp
[8.224s] -- Installing: /home/adam/Desktop/SBSN/ros2_ws/install/simulation_msgs/include/simulation_msgs/simulation_msgs/msg/detail/real_depth_image__rosidl_typesupport_fastrtps_cpp.hpp
[8.224s] -- Installing: /home/adam/Desktop/SBSN/ros2_ws/install/simulation_msgs/lib/libsimulation_msgs__rosidl_typesupport_fastrtps_cpp.so
[8.224s] -- Set non-toolchain portion of runtime path of "/home/adam/Desktop/SBSN/ros2_ws/install/simulation_msgs/lib/libsimulation_msgs__rosidl_typesupport_fastrtps_cpp.so" to ""
[8.224s] -- Up-to-date: /home/adam/Desktop/SBSN/ros2_ws/install/simulation_msgs/include/simulation_msgs/simulation_msgs
[8.224s] -- Up-to-date: /home/adam/Desktop/SBSN/ros2_ws/install/simulation_msgs/include/simulation_msgs/simulation_msgs/msg
[8.225s] -- Up-to-date: /home/adam/Desktop/SBSN/ros2_ws/install/simulation_msgs/include/simulation_msgs/simulation_msgs/msg/detail
[8.225s] -- Installing: /home/adam/Desktop/SBSN/ros2_ws/install/simulation_msgs/include/simulation_msgs/simulation_msgs/msg/detail/person_entry__type_support.c
[8.225s] -- Installing: /home/adam/Desktop/SBSN/ros2_ws/install/simulation_msgs/include/simulation_msgs/simulation_msgs/msg/detail/scene_info__type_support.c
[8.225s] -- Installing: /home/adam/Desktop/SBSN/ros2_ws/install/simulation_msgs/include/simulation_msgs/simulation_msgs/msg/detail/person_entry_array__type_support.c
[8.225s] -- Installing: /home/adam/Desktop/SBSN/ros2_ws/install/simulation_msgs/include/simulation_msgs/simulation_msgs/msg/detail/scene_info__rosidl_typesupport_introspection_c.h
[8.225s] -- Installing: /home/adam/Desktop/SBSN/ros2_ws/install/simulation_msgs/include/simulation_msgs/simulation_msgs/msg/detail/trial_start__type_support.c
[8.225s] -- Installing: /home/adam/Desktop/SBSN/ros2_ws/install/simulation_msgs/include/simulation_msgs/simulation_msgs/msg/detail/real_depth_image__rosidl_typesupport_introspection_c.h
[8.226s] -- Installing: /home/adam/Desktop/SBSN/ros2_ws/install/simulation_msgs/include/simulation_msgs/simulation_msgs/msg/detail/trial_start__rosidl_typesupport_introspection_c.h
[8.226s] -- Installing: /home/adam/Desktop/SBSN/ros2_ws/install/simulation_msgs/include/simulation_msgs/simulation_msgs/msg/detail/real_depth_image__type_support.c
[8.226s] -- Installing: /home/adam/Desktop/SBSN/ros2_ws/install/simulation_msgs/include/simulation_msgs/simulation_msgs/msg/detail/person_entry__rosidl_typesupport_introspection_c.h
[8.226s] -- Installing: /home/adam/Desktop/SBSN/ros2_ws/install/simulation_msgs/include/simulation_msgs/simulation_msgs/msg/detail/person_entry_array__rosidl_typesupport_introspection_c.h
[8.226s] -- Installing: /home/adam/Desktop/SBSN/ros2_ws/install/simulation_msgs/include/simulation_msgs/simulation_msgs/msg/rosidl_typesupport_introspection_c__visibility_control.h
[8.226s] -- Installing: /home/adam/Desktop/SBSN/ros2_ws/install/simulation_msgs/lib/libsimulation_msgs__rosidl_typesupport_introspection_c.so
[8.226s] -- Set non-toolchain portion of runtime path of "/home/adam/Desktop/SBSN/ros2_ws/install/simulation_msgs/lib/libsimulation_msgs__rosidl_typesupport_introspection_c.so" to ""
[8.226s] -- Installing: /home/adam/Desktop/SBSN/ros2_ws/install/simulation_msgs/lib/libsimulation_msgs__rosidl_typesupport_c.so
[8.226s] -- Set non-toolchain portion of runtime path of "/home/adam/Desktop/SBSN/ros2_ws/install/simulation_msgs/lib/libsimulation_msgs__rosidl_typesupport_c.so" to ""
[8.226s] -- Up-to-date: /home/adam/Desktop/SBSN/ros2_ws/install/simulation_msgs/include/simulation_msgs/simulation_msgs
[8.227s] -- Up-to-date: /home/adam/Desktop/SBSN/ros2_ws/install/simulation_msgs/include/simulation_msgs/simulation_msgs/msg
[8.227s] -- Up-to-date: /home/adam/Desktop/SBSN/ros2_ws/install/simulation_msgs/include/simulation_msgs/simulation_msgs/msg/detail
[8.227s] -- Installing: /home/adam/Desktop/SBSN/ros2_ws/install/simulation_msgs/include/simulation_msgs/simulation_msgs/msg/detail/person_entry__type_support.cpp
[8.227s] -- Installing: /home/adam/Desktop/SBSN/ros2_ws/install/simulation_msgs/include/simulation_msgs/simulation_msgs/msg/detail/scene_info__rosidl_typesupport_introspection_cpp.hpp
[8.227s] -- Installing: /home/adam/Desktop/SBSN/ros2_ws/install/simulation_msgs/include/simulation_msgs/simulation_msgs/msg/detail/person_entry_array__type_support.cpp
[8.227s] -- Installing: /home/adam/Desktop/SBSN/ros2_ws/install/simulation_msgs/include/simulation_msgs/simulation_msgs/msg/detail/scene_info__type_support.cpp
[8.227s] -- Installing: /home/adam/Desktop/SBSN/ros2_ws/install/simulation_msgs/include/simulation_msgs/simulation_msgs/msg/detail/person_entry_array__rosidl_typesupport_introspection_cpp.hpp
[8.227s] -- Installing: /home/adam/Desktop/SBSN/ros2_ws/install/simulation_msgs/include/simulation_msgs/simulation_msgs/msg/detail/real_depth_image__type_support.cpp
[8.227s] -- Installing: /home/adam/Desktop/SBSN/ros2_ws/install/simulation_msgs/include/simulation_msgs/simulation_msgs/msg/detail/real_depth_image__rosidl_typesupport_introspection_cpp.hpp
[8.227s] -- Installing: /home/adam/Desktop/SBSN/ros2_ws/install/simulation_msgs/include/simulation_msgs/simulation_msgs/msg/detail/trial_start__rosidl_typesupport_introspection_cpp.hpp
[8.227s] -- Installing: /home/adam/Desktop/SBSN/ros2_ws/install/simulation_msgs/include/simulation_msgs/simulation_msgs/msg/detail/trial_start__type_support.cpp
[8.227s] -- Installing: /home/adam/Desktop/SBSN/ros2_ws/install/simulation_msgs/include/simulation_msgs/simulation_msgs/msg/detail/person_entry__rosidl_typesupport_introspection_cpp.hpp
[8.228s] -- Installing: /home/adam/Desktop/SBSN/ros2_ws/install/simulation_msgs/lib/libsimulation_msgs__rosidl_typesupport_introspection_cpp.so
[8.228s] -- Set non-toolchain portion of runtime path of "/home/adam/Desktop/SBSN/ros2_ws/install/simulation_msgs/lib/libsimulation_msgs__rosidl_typesupport_introspection_cpp.so" to ""
[8.228s] -- Installing: /home/adam/Desktop/SBSN/ros2_ws/install/simulation_msgs/lib/libsimulation_msgs__rosidl_typesupport_cpp.so
[8.228s] -- Set non-toolchain portion of runtime path of "/home/adam/Desktop/SBSN/ros2_ws/install/simulation_msgs/lib/libsimulation_msgs__rosidl_typesupport_cpp.so" to ""
[8.228s] -- Installing: /home/adam/Desktop/SBSN/ros2_ws/install/simulation_msgs/share/simulation_msgs/environment/pythonpath.sh
[8.228s] -- Installing: /home/adam/Desktop/SBSN/ros2_ws/install/simulation_msgs/share/simulation_msgs/environment/pythonpath.dsv
[8.228s] -- Installing: /home/adam/Desktop/SBSN/ros2_ws/install/simulation_msgs/local/lib/python3.10/dist-packages/simulation_msgs-0.0.0-py3.10.egg-info
[8.228s] -- Installing: /home/adam/Desktop/SBSN/ros2_ws/install/simulation_msgs/local/lib/python3.10/dist-packages/simulation_msgs-0.0.0-py3.10.egg-info/dependency_links.txt
[8.228s] -- Installing: /home/adam/Desktop/SBSN/ros2_ws/install/simulation_msgs/local/lib/python3.10/dist-packages/simulation_msgs-0.0.0-py3.10.egg-info/SOURCES.txt
[8.228s] -- Installing: /home/adam/Desktop/SBSN/ros2_ws/install/simulation_msgs/local/lib/python3.10/dist-packages/simulation_msgs-0.0.0-py3.10.egg-info/PKG-INFO
[8.229s] -- Installing: /home/adam/Desktop/SBSN/ros2_ws/install/simulation_msgs/local/lib/python3.10/dist-packages/simulation_msgs-0.0.0-py3.10.egg-info/top_level.txt
[8.229s] -- Installing: /home/adam/Desktop/SBSN/ros2_ws/install/simulation_msgs/local/lib/python3.10/dist-packages/simulation_msgs
[8.229s] -- Installing: /home/adam/Desktop/SBSN/ros2_ws/install/simulation_msgs/local/lib/python3.10/dist-packages/simulation_msgs/msg
[8.229s] -- Installing: /home/adam/Desktop/SBSN/ros2_ws/install/simulation_msgs/local/lib/python3.10/dist-packages/simulation_msgs/msg/_person_entry_array_s.c
[8.229s] -- Installing: /home/adam/Desktop/SBSN/ros2_ws/install/simulation_msgs/local/lib/python3.10/dist-packages/simulation_msgs/msg/_person_entry_array.py
[8.229s] -- Installing: /home/adam/Desktop/SBSN/ros2_ws/install/simulation_msgs/local/lib/python3.10/dist-packages/simulation_msgs/msg/_scene_info_s.c
[8.229s] -- Installing: /home/adam/Desktop/SBSN/ros2_ws/install/simulation_msgs/local/lib/python3.10/dist-packages/simulation_msgs/msg/_scene_info.py
[8.229s] -- Installing: /home/adam/Desktop/SBSN/ros2_ws/install/simulation_msgs/local/lib/python3.10/dist-packages/simulation_msgs/msg/_person_entry_s.c
[8.230s] -- Installing: /home/adam/Desktop/SBSN/ros2_ws/install/simulation_msgs/local/lib/python3.10/dist-packages/simulation_msgs/msg/_trial_start_s.c
[8.230s] -- Installing: /home/adam/Desktop/SBSN/ros2_ws/install/simulation_msgs/local/lib/python3.10/dist-packages/simulation_msgs/msg/_person_entry.py
[8.230s] -- Installing: /home/adam/Desktop/SBSN/ros2_ws/install/simulation_msgs/local/lib/python3.10/dist-packages/simulation_msgs/msg/_real_depth_image_s.c
[8.230s] -- Installing: /home/adam/Desktop/SBSN/ros2_ws/install/simulation_msgs/local/lib/python3.10/dist-packages/simulation_msgs/msg/__init__.py
[8.230s] -- Installing: /home/adam/Desktop/SBSN/ros2_ws/install/simulation_msgs/local/lib/python3.10/dist-packages/simulation_msgs/msg/_real_depth_image.py
[8.230s] -- Installing: /home/adam/Desktop/SBSN/ros2_ws/install/simulation_msgs/local/lib/python3.10/dist-packages/simulation_msgs/msg/_trial_start.py
[8.230s] -- Installing: /home/adam/Desktop/SBSN/ros2_ws/install/simulation_msgs/local/lib/python3.10/dist-packages/simulation_msgs/_simulation_msgs_s.ep.rosidl_typesupport_fastrtps_c.c
[8.230s] -- Installing: /home/adam/Desktop/SBSN/ros2_ws/install/simulation_msgs/local/lib/python3.10/dist-packages/simulation_msgs/libsimulation_msgs__rosidl_generator_py.so
[8.231s] -- Installing: /home/adam/Desktop/SBSN/ros2_ws/install/simulation_msgs/local/lib/python3.10/dist-packages/simulation_msgs/__init__.py
[8.231s] -- Installing: /home/adam/Desktop/SBSN/ros2_ws/install/simulation_msgs/local/lib/python3.10/dist-packages/simulation_msgs/simulation_msgs_s__rosidl_typesupport_fastrtps_c.cpython-310-x86_64-linux-gnu.so
[8.231s] -- Installing: /home/adam/Desktop/SBSN/ros2_ws/install/simulation_msgs/local/lib/python3.10/dist-packages/simulation_msgs/simulation_msgs_s__rosidl_typesupport_c.cpython-310-x86_64-linux-gnu.so
[8.231s] -- Installing: /home/adam/Desktop/SBSN/ros2_ws/install/simulation_msgs/local/lib/python3.10/dist-packages/simulation_msgs/_simulation_msgs_s.ep.rosidl_typesupport_introspection_c.c
[8.231s] -- Installing: /home/adam/Desktop/SBSN/ros2_ws/install/simulation_msgs/local/lib/python3.10/dist-packages/simulation_msgs/_simulation_msgs_s.ep.rosidl_typesupport_c.c
[8.231s] -- Installing: /home/adam/Desktop/SBSN/ros2_ws/install/simulation_msgs/local/lib/python3.10/dist-packages/simulation_msgs/simulation_msgs_s__rosidl_typesupport_introspection_c.cpython-310-x86_64-linux-gnu.so
[8.251s] Listing '/home/adam/Desktop/SBSN/ros2_ws/install/simulation_msgs/local/lib/python3.10/dist-packages/simulation_msgs'...
[8.252s] Compiling '/home/adam/Desktop/SBSN/ros2_ws/install/simulation_msgs/local/lib/python3.10/dist-packages/simulation_msgs/__init__.py'...
[8.252s] Listing '/home/adam/Desktop/SBSN/ros2_ws/install/simulation_msgs/local/lib/python3.10/dist-packages/simulation_msgs/msg'...
[8.252s] Compiling '/home/adam/Desktop/SBSN/ros2_ws/install/simulation_msgs/local/lib/python3.10/dist-packages/simulation_msgs/msg/__init__.py'...
[8.252s] Compiling '/home/adam/Desktop/SBSN/ros2_ws/install/simulation_msgs/local/lib/python3.10/dist-packages/simulation_msgs/msg/_person_entry.py'...
[8.252s] Compiling '/home/adam/Desktop/SBSN/ros2_ws/install/simulation_msgs/local/lib/python3.10/dist-packages/simulation_msgs/msg/_person_entry_array.py'...
[8.252s] Compiling '/home/adam/Desktop/SBSN/ros2_ws/install/simulation_msgs/local/lib/python3.10/dist-packages/simulation_msgs/msg/_real_depth_image.py'...
[8.252s] Compiling '/home/adam/Desktop/SBSN/ros2_ws/install/simulation_msgs/local/lib/python3.10/dist-packages/simulation_msgs/msg/_scene_info.py'...
[8.253s] Compiling '/home/adam/Desktop/SBSN/ros2_ws/install/simulation_msgs/local/lib/python3.10/dist-packages/simulation_msgs/msg/_trial_start.py'...
[8.256s] -- Installing: /home/adam/Desktop/SBSN/ros2_ws/install/simulation_msgs/local/lib/python3.10/dist-packages/simulation_msgs/simulation_msgs_s__rosidl_typesupport_fastrtps_c.cpython-310-x86_64-linux-gnu.so
[8.256s] -- Set non-toolchain portion of runtime path of "/home/adam/Desktop/SBSN/ros2_ws/install/simulation_msgs/local/lib/python3.10/dist-packages/simulation_msgs/simulation_msgs_s__rosidl_typesupport_fastrtps_c.cpython-310-x86_64-linux-gnu.so" to ""
[8.256s] -- Installing: /home/adam/Desktop/SBSN/ros2_ws/install/simulation_msgs/local/lib/python3.10/dist-packages/simulation_msgs/simulation_msgs_s__rosidl_typesupport_introspection_c.cpython-310-x86_64-linux-gnu.so
[8.256s] -- Set non-toolchain portion of runtime path of "/home/adam/Desktop/SBSN/ros2_ws/install/simulation_msgs/local/lib/python3.10/dist-packages/simulation_msgs/simulation_msgs_s__rosidl_typesupport_introspection_c.cpython-310-x86_64-linux-gnu.so" to ""
[8.256s] -- Installing: /home/adam/Desktop/SBSN/ros2_ws/install/simulation_msgs/local/lib/python3.10/dist-packages/simulation_msgs/simulation_msgs_s__rosidl_typesupport_c.cpython-310-x86_64-linux-gnu.so
[8.257s] -- Set non-toolchain portion of runtime path of "/home/adam/Desktop/SBSN/ros2_ws/install/simulation_msgs/local/lib/python3.10/dist-packages/simulation_msgs/simulation_msgs_s__rosidl_typesupport_c.cpython-310-x86_64-linux-gnu.so" to ""
[8.257s] -- Installing: /home/adam/Desktop/SBSN/ros2_ws/install/simulation_msgs/lib/libsimulation_msgs__rosidl_generator_py.so
[8.257s] -- Set non-toolchain portion of runtime path of "/home/adam/Desktop/SBSN/ros2_ws/install/simulation_msgs/lib/libsimulation_msgs__rosidl_generator_py.so" to ""
[8.257s] -- Installing: /home/adam/Desktop/SBSN/ros2_ws/install/simulation_msgs/share/simulation_msgs/msg/PersonEntry.idl
[8.257s] -- Installing: /home/adam/Desktop/SBSN/ros2_ws/install/simulation_msgs/share/simulation_msgs/msg/PersonEntryArray.idl
[8.257s] -- Installing: /home/adam/Desktop/SBSN/ros2_ws/install/simulation_msgs/share/simulation_msgs/msg/RealDepthImage.idl
[8.258s] -- Installing: /home/adam/Desktop/SBSN/ros2_ws/install/simulation_msgs/share/simulation_msgs/msg/SceneInfo.idl
[8.258s] -- Installing: /home/adam/Desktop/SBSN/ros2_ws/install/simulation_msgs/share/simulation_msgs/msg/TrialStart.idl
[8.258s] -- Installing: /home/adam/Desktop/SBSN/ros2_ws/install/simulation_msgs/share/simulation_msgs/msg/PersonEntry.msg
[8.258s] -- Installing: /home/adam/Desktop/SBSN/ros2_ws/install/simulation_msgs/share/simulation_msgs/msg/PersonEntryArray.msg
[8.258s] -- Installing: /home/adam/Desktop/SBSN/ros2_ws/install/simulation_msgs/share/simulation_msgs/msg/RealDepthImage.msg
[8.258s] -- Installing: /home/adam/Desktop/SBSN/ros2_ws/install/simulation_msgs/share/simulation_msgs/msg/SceneInfo.msg
[8.259s] -- Installing: /home/adam/Desktop/SBSN/ros2_ws/install/simulation_msgs/share/simulation_msgs/msg/TrialStart.msg
[8.259s] -- Installing: /home/adam/Desktop/SBSN/ros2_ws/install/simulation_msgs/share/simulation_msgs/bridge_mapping.yaml
[8.259s] -- Installing: /home/adam/Desktop/SBSN/ros2_ws/install/simulation_msgs/share/ament_index/resource_index/package_run_dependencies/simulation_msgs
[8.259s] -- Installing: /home/adam/Desktop/SBSN/ros2_ws/install/simulation_msgs/share/ament_index/resource_index/parent_prefix_path/simulation_msgs
[8.259s] -- Installing: /home/adam/Desktop/SBSN/ros2_ws/install/simulation_msgs/share/simulation_msgs/environment/ament_prefix_path.sh
[8.259s] -- Installing: /home/adam/Desktop/SBSN/ros2_ws/install/simulation_msgs/share/simulation_msgs/environment/ament_prefix_path.dsv
[8.259s] -- Installing: /home/adam/Desktop/SBSN/ros2_ws/install/simulation_msgs/share/simulation_msgs/environment/path.sh
[8.260s] -- Installing: /home/adam/Desktop/SBSN/ros2_ws/install/simulation_msgs/share/simulation_msgs/environment/path.dsv
[8.260s] -- Installing: /home/adam/Desktop/SBSN/ros2_ws/install/simulation_msgs/share/simulation_msgs/local_setup.bash
[8.260s] -- Installing: /home/adam/Desktop/SBSN/ros2_ws/install/simulation_msgs/share/simulation_msgs/local_setup.sh
[8.260s] -- Installing: /home/adam/Desktop/SBSN/ros2_ws/install/simulation_msgs/share/simulation_msgs/local_setup.zsh
[8.260s] -- Installing: /home/adam/Desktop/SBSN/ros2_ws/install/simulation_msgs/share/simulation_msgs/local_setup.dsv
[8.260s] -- Installing: /home/adam/Desktop/SBSN/ros2_ws/install/simulation_msgs/share/simulation_msgs/package.dsv
[8.260s] -- Installing: /home/adam/Desktop/SBSN/ros2_ws/install/simulation_msgs/share/ament_index/resource_index/packages/simulation_msgs
[8.261s] -- Installing: /home/adam/Desktop/SBSN/ros2_ws/install/simulation_msgs/share/simulation_msgs/cmake/export_simulation_msgs__rosidl_generator_cExport.cmake
[8.261s] -- Installing: /home/adam/Desktop/SBSN/ros2_ws/install/simulation_msgs/share/simulation_msgs/cmake/export_simulation_msgs__rosidl_generator_cExport-release.cmake
[8.261s] -- Installing: /home/adam/Desktop/SBSN/ros2_ws/install/simulation_msgs/share/simulation_msgs/cmake/export_simulation_msgs__rosidl_typesupport_fastrtps_cExport.cmake
[8.261s] -- Installing: /home/adam/Desktop/SBSN/ros2_ws/install/simulation_msgs/share/simulation_msgs/cmake/export_simulation_msgs__rosidl_typesupport_fastrtps_cExport-release.cmake
[8.261s] -- Installing: /home/adam/Desktop/SBSN/ros2_ws/install/simulation_msgs/share/simulation_msgs/cmake/export_simulation_msgs__rosidl_generator_cppExport.cmake
[8.262s] -- Installing: /home/adam/Desktop/SBSN/ros2_ws/install/simulation_msgs/share/simulation_msgs/cmake/export_simulation_msgs__rosidl_typesupport_fastrtps_cppExport.cmake
[8.262s] -- Installing: /home/adam/Desktop/SBSN/ros2_ws/install/simulation_msgs/share/simulation_msgs/cmake/export_simulation_msgs__rosidl_typesupport_fastrtps_cppExport-release.cmake
[8.262s] -- Installing: /home/adam/Desktop/SBSN/ros2_ws/install/simulation_msgs/share/simulation_msgs/cmake/simulation_msgs__rosidl_typesupport_introspection_cExport.cmake
[8.262s] -- Installing: /home/adam/Desktop/SBSN/ros2_ws/install/simulation_msgs/share/simulation_msgs/cmake/simulation_msgs__rosidl_typesupport_introspection_cExport-release.cmake
[8.262s] -- Installing: /home/adam/Desktop/SBSN/ros2_ws/install/simulation_msgs/share/simulation_msgs/cmake/simulation_msgs__rosidl_typesupport_cExport.cmake
[8.262s] -- Installing: /home/adam/Desktop/SBSN/ros2_ws/install/simulation_msgs/share/simulation_msgs/cmake/simulation_msgs__rosidl_typesupport_cExport-release.cmake
[8.262s] -- Installing: /home/adam/Desktop/SBSN/ros2_ws/install/simulation_msgs/share/simulation_msgs/cmake/simulation_msgs__rosidl_typesupport_introspection_cppExport.cmake
[8.263s] -- Installing: /home/adam/Desktop/SBSN/ros2_ws/install/simulation_msgs/share/simulation_msgs/cmake/simulation_msgs__rosidl_typesupport_introspection_cppExport-release.cmake
[8.263s] -- Installing: /home/adam/Desktop/SBSN/ros2_ws/install/simulation_msgs/share/simulation_msgs/cmake/simulation_msgs__rosidl_typesupport_cppExport.cmake
[8.263s] -- Installing: /home/adam/Desktop/SBSN/ros2_ws/install/simulation_msgs/share/simulation_msgs/cmake/simulation_msgs__rosidl_typesupport_cppExport-release.cmake
[8.263s] -- Installing: /home/adam/Desktop/SBSN/ros2_ws/install/simulation_msgs/share/simulation_msgs/cmake/export_simulation_msgs__rosidl_generator_pyExport.cmake
[8.263s] -- Installing: /home/adam/Desktop/SBSN/ros2_ws/install/simulation_msgs/share/simulation_msgs/cmake/export_simulation_msgs__rosidl_generator_pyExport-release.cmake
[8.263s] -- Installing: /home/adam/Desktop/SBSN/ros2_ws/install/simulation_msgs/share/simulation_msgs/cmake/rosidl_cmake-extras.cmake
[8.263s] -- Installing: /home/adam/Desktop/SBSN/ros2_ws/install/simulation_msgs/share/simulation_msgs/cmake/ament_cmake_export_dependencies-extras.cmake
[8.264s] -- Installing: /home/adam/Desktop/SBSN/ros2_ws/install/simulation_msgs/share/simulation_msgs/cmake/ament_cmake_export_include_directories-extras.cmake
[8.264s] -- Installing: /home/adam/Desktop/SBSN/ros2_ws/install/simulation_msgs/share/simulation_msgs/cmake/ament_cmake_export_libraries-extras.cmake
[8.264s] -- Installing: /home/adam/Desktop/SBSN/ros2_ws/install/simulation_msgs/share/simulation_msgs/cmake/ament_cmake_export_targets-extras.cmake
[8.264s] -- Installing: /home/adam/Desktop/SBSN/ros2_ws/install/simulation_msgs/share/simulation_msgs/cmake/rosidl_cmake_export_typesupport_targets-extras.cmake
[8.264s] -- Installing: /home/adam/Desktop/SBSN/ros2_ws/install/simulation_msgs/share/simulation_msgs/cmake/rosidl_cmake_export_typesupport_libraries-extras.cmake
[8.264s] -- Installing: /home/adam/Desktop/SBSN/ros2_ws/install/simulation_msgs/share/simulation_msgs/cmake/simulation_msgsConfig.cmake
[8.264s] -- Installing: /home/adam/Desktop/SBSN/ros2_ws/install/simulation_msgs/share/simulation_msgs/cmake/simulation_msgsConfig-version.cmake
[8.264s] -- Installing: /home/adam/Desktop/SBSN/ros2_ws/install/simulation_msgs/share/simulation_msgs/package.xml
[8.278s] Invoked command in '/home/adam/Desktop/SBSN/ros2_ws/build/simulation_msgs' returned '0': CMAKE_PREFIX_PATH=/opt/ros/humble /home/adam/.local/bin/cmake --install /home/adam/Desktop/SBSN/ros2_ws/build/simulation_msgs
