[0.058s] Invoking command in '/home/adam/Desktop/SBSN/ros2_ws/build/graph_msgs': CMAKE_PREFIX_PATH=/opt/ros/humble /home/adam/.local/bin/cmake --build /home/adam/Desktop/SBSN/ros2_ws/build/graph_msgs -- -j16 -l16
[0.337s] [  2%] Built target graph_msgs__cpp
[0.337s] [  2%] Built target ament_cmake_python_copy_graph_msgs
[0.337s] [ 12%] Built target graph_msgs__rosidl_generator_c
[0.338s] [ 23%] Built target graph_msgs__rosidl_typesupport_fastrtps_cpp
[0.338s] [ 34%] Built target graph_msgs__rosidl_typesupport_cpp
[0.338s] [ 44%] Built target graph_msgs__rosidl_typesupport_introspection_cpp
[0.338s] [ 55%] Built target graph_msgs__rosidl_typesupport_fastrtps_c
[0.338s] [ 65%] Built target graph_msgs__rosidl_typesupport_introspection_c
[0.338s] [ 76%] Built target graph_msgs__rosidl_typesupport_c
[0.338s] [ 76%] Built target graph_msgs
[0.338s] [ 78%] Built target graph_msgs__py
[0.338s] [ 87%] Built target graph_msgs__rosidl_generator_py
[0.338s] [ 91%] Built target graph_msgs__rosidl_typesupport_fastrtps_c__pyext
[0.338s] [ 95%] Built target graph_msgs__rosidl_typesupport_introspection_c__pyext
[0.339s] [100%] Built target graph_msgs__rosidl_typesupport_c__pyext
[0.371s] running egg_info
[0.372s] writing graph_msgs.egg-info/PKG-INFO
[0.372s] writing dependency_links to graph_msgs.egg-info/dependency_links.txt
[0.372s] writing top-level names to graph_msgs.egg-info/top_level.txt
[0.374s] reading manifest file 'graph_msgs.egg-info/SOURCES.txt'
[0.375s] writing manifest file 'graph_msgs.egg-info/SOURCES.txt'
[0.412s] [100%] Built target ament_cmake_python_build_graph_msgs_egg
[0.428s] Invoked command in '/home/adam/Desktop/SBSN/ros2_ws/build/graph_msgs' returned '0': CMAKE_PREFIX_PATH=/opt/ros/humble /home/adam/.local/bin/cmake --build /home/adam/Desktop/SBSN/ros2_ws/build/graph_msgs -- -j16 -l16
[0.596s] Invoking command in '/home/adam/Desktop/SBSN/ros2_ws/build/graph_msgs': CMAKE_PREFIX_PATH=/opt/ros/humble /home/adam/.local/bin/cmake --install /home/adam/Desktop/SBSN/ros2_ws/build/graph_msgs
[0.680s] -- Install configuration: "Release"
[0.680s] -- Up-to-date: /home/adam/Desktop/SBSN/ros2_ws/install/graph_msgs/share/ament_index/resource_index/rosidl_interfaces/graph_msgs
[0.680s] -- Up-to-date: /home/adam/Desktop/SBSN/ros2_ws/install/graph_msgs/include/graph_msgs/graph_msgs
[0.680s] -- Up-to-date: /home/adam/Desktop/SBSN/ros2_ws/install/graph_msgs/include/graph_msgs/graph_msgs/msg
[0.681s] -- Up-to-date: /home/adam/Desktop/SBSN/ros2_ws/install/graph_msgs/include/graph_msgs/graph_msgs/msg/graph_node.h
[0.681s] -- Up-to-date: /home/adam/Desktop/SBSN/ros2_ws/install/graph_msgs/include/graph_msgs/graph_msgs/msg/graph_edge.h
[0.681s] -- Up-to-date: /home/adam/Desktop/SBSN/ros2_ws/install/graph_msgs/include/graph_msgs/graph_msgs/msg/graph_nav.h
[0.681s] -- Up-to-date: /home/adam/Desktop/SBSN/ros2_ws/install/graph_msgs/include/graph_msgs/graph_msgs/msg/detail
[0.681s] -- Up-to-date: /home/adam/Desktop/SBSN/ros2_ws/install/graph_msgs/include/graph_msgs/graph_msgs/msg/detail/graph_node__type_support.h
[0.681s] -- Up-to-date: /home/adam/Desktop/SBSN/ros2_ws/install/graph_msgs/include/graph_msgs/graph_msgs/msg/detail/graph_nav__functions.c
[0.681s] -- Up-to-date: /home/adam/Desktop/SBSN/ros2_ws/install/graph_msgs/include/graph_msgs/graph_msgs/msg/detail/graph_node__functions.c
[0.681s] -- Up-to-date: /home/adam/Desktop/SBSN/ros2_ws/install/graph_msgs/include/graph_msgs/graph_msgs/msg/detail/graph_edge__functions.h
[0.682s] -- Up-to-date: /home/adam/Desktop/SBSN/ros2_ws/install/graph_msgs/include/graph_msgs/graph_msgs/msg/detail/graph_edge__functions.c
[0.682s] -- Up-to-date: /home/adam/Desktop/SBSN/ros2_ws/install/graph_msgs/include/graph_msgs/graph_msgs/msg/detail/graph_node__struct.h
[0.682s] -- Up-to-date: /home/adam/Desktop/SBSN/ros2_ws/install/graph_msgs/include/graph_msgs/graph_msgs/msg/detail/graph_nav__functions.h
[0.682s] -- Up-to-date: /home/adam/Desktop/SBSN/ros2_ws/install/graph_msgs/include/graph_msgs/graph_msgs/msg/detail/graph_nav__type_support.h
[0.682s] -- Up-to-date: /home/adam/Desktop/SBSN/ros2_ws/install/graph_msgs/include/graph_msgs/graph_msgs/msg/detail/graph_node__functions.h
[0.682s] -- Up-to-date: /home/adam/Desktop/SBSN/ros2_ws/install/graph_msgs/include/graph_msgs/graph_msgs/msg/detail/graph_edge__type_support.h
[0.682s] -- Up-to-date: /home/adam/Desktop/SBSN/ros2_ws/install/graph_msgs/include/graph_msgs/graph_msgs/msg/detail/graph_edge__struct.h
[0.682s] -- Up-to-date: /home/adam/Desktop/SBSN/ros2_ws/install/graph_msgs/include/graph_msgs/graph_msgs/msg/detail/graph_nav__struct.h
[0.682s] -- Up-to-date: /home/adam/Desktop/SBSN/ros2_ws/install/graph_msgs/include/graph_msgs/graph_msgs/msg/rosidl_generator_c__visibility_control.h
[0.682s] -- Up-to-date: /home/adam/Desktop/SBSN/ros2_ws/install/graph_msgs/share/graph_msgs/environment/library_path.sh
[0.683s] -- Up-to-date: /home/adam/Desktop/SBSN/ros2_ws/install/graph_msgs/share/graph_msgs/environment/library_path.dsv
[0.684s] -- Up-to-date: /home/adam/Desktop/SBSN/ros2_ws/install/graph_msgs/lib/libgraph_msgs__rosidl_generator_c.so
[0.684s] -- Up-to-date: /home/adam/Desktop/SBSN/ros2_ws/install/graph_msgs/include/graph_msgs/graph_msgs
[0.684s] -- Up-to-date: /home/adam/Desktop/SBSN/ros2_ws/install/graph_msgs/include/graph_msgs/graph_msgs/msg
[0.684s] -- Up-to-date: /home/adam/Desktop/SBSN/ros2_ws/install/graph_msgs/include/graph_msgs/graph_msgs/msg/rosidl_typesupport_fastrtps_c__visibility_control.h
[0.684s] -- Up-to-date: /home/adam/Desktop/SBSN/ros2_ws/install/graph_msgs/include/graph_msgs/graph_msgs/msg/detail
[0.684s] -- Up-to-date: /home/adam/Desktop/SBSN/ros2_ws/install/graph_msgs/include/graph_msgs/graph_msgs/msg/detail/graph_edge__rosidl_typesupport_fastrtps_c.h
[0.684s] -- Up-to-date: /home/adam/Desktop/SBSN/ros2_ws/install/graph_msgs/include/graph_msgs/graph_msgs/msg/detail/graph_node__rosidl_typesupport_fastrtps_c.h
[0.684s] -- Up-to-date: /home/adam/Desktop/SBSN/ros2_ws/install/graph_msgs/include/graph_msgs/graph_msgs/msg/detail/graph_nav__rosidl_typesupport_fastrtps_c.h
[0.685s] -- Up-to-date: /home/adam/Desktop/SBSN/ros2_ws/install/graph_msgs/lib/libgraph_msgs__rosidl_typesupport_fastrtps_c.so
[0.685s] -- Up-to-date: /home/adam/Desktop/SBSN/ros2_ws/install/graph_msgs/include/graph_msgs/graph_msgs
[0.685s] -- Up-to-date: /home/adam/Desktop/SBSN/ros2_ws/install/graph_msgs/include/graph_msgs/graph_msgs/msg
[0.685s] -- Up-to-date: /home/adam/Desktop/SBSN/ros2_ws/install/graph_msgs/include/graph_msgs/graph_msgs/msg/graph_edge.hpp
[0.685s] -- Up-to-date: /home/adam/Desktop/SBSN/ros2_ws/install/graph_msgs/include/graph_msgs/graph_msgs/msg/graph_nav.hpp
[0.685s] -- Up-to-date: /home/adam/Desktop/SBSN/ros2_ws/install/graph_msgs/include/graph_msgs/graph_msgs/msg/graph_node.hpp
[0.685s] -- Up-to-date: /home/adam/Desktop/SBSN/ros2_ws/install/graph_msgs/include/graph_msgs/graph_msgs/msg/detail
[0.686s] -- Up-to-date: /home/adam/Desktop/SBSN/ros2_ws/install/graph_msgs/include/graph_msgs/graph_msgs/msg/detail/graph_nav__builder.hpp
[0.686s] -- Up-to-date: /home/adam/Desktop/SBSN/ros2_ws/install/graph_msgs/include/graph_msgs/graph_msgs/msg/detail/graph_node__builder.hpp
[0.686s] -- Up-to-date: /home/adam/Desktop/SBSN/ros2_ws/install/graph_msgs/include/graph_msgs/graph_msgs/msg/detail/graph_nav__traits.hpp
[0.686s] -- Up-to-date: /home/adam/Desktop/SBSN/ros2_ws/install/graph_msgs/include/graph_msgs/graph_msgs/msg/detail/graph_node__traits.hpp
[0.686s] -- Up-to-date: /home/adam/Desktop/SBSN/ros2_ws/install/graph_msgs/include/graph_msgs/graph_msgs/msg/detail/graph_edge__builder.hpp
[0.686s] -- Up-to-date: /home/adam/Desktop/SBSN/ros2_ws/install/graph_msgs/include/graph_msgs/graph_msgs/msg/detail/graph_nav__struct.hpp
[0.686s] -- Up-to-date: /home/adam/Desktop/SBSN/ros2_ws/install/graph_msgs/include/graph_msgs/graph_msgs/msg/detail/graph_node__struct.hpp
[0.686s] -- Up-to-date: /home/adam/Desktop/SBSN/ros2_ws/install/graph_msgs/include/graph_msgs/graph_msgs/msg/detail/graph_edge__struct.hpp
[0.686s] -- Up-to-date: /home/adam/Desktop/SBSN/ros2_ws/install/graph_msgs/include/graph_msgs/graph_msgs/msg/detail/graph_edge__traits.hpp
[0.686s] -- Up-to-date: /home/adam/Desktop/SBSN/ros2_ws/install/graph_msgs/include/graph_msgs/graph_msgs
[0.686s] -- Up-to-date: /home/adam/Desktop/SBSN/ros2_ws/install/graph_msgs/include/graph_msgs/graph_msgs/msg
[0.686s] -- Up-to-date: /home/adam/Desktop/SBSN/ros2_ws/install/graph_msgs/include/graph_msgs/graph_msgs/msg/rosidl_typesupport_fastrtps_cpp__visibility_control.h
[0.686s] -- Up-to-date: /home/adam/Desktop/SBSN/ros2_ws/install/graph_msgs/include/graph_msgs/graph_msgs/msg/detail
[0.686s] -- Up-to-date: /home/adam/Desktop/SBSN/ros2_ws/install/graph_msgs/include/graph_msgs/graph_msgs/msg/detail/graph_node__rosidl_typesupport_fastrtps_cpp.hpp
[0.686s] -- Up-to-date: /home/adam/Desktop/SBSN/ros2_ws/install/graph_msgs/include/graph_msgs/graph_msgs/msg/detail/graph_edge__rosidl_typesupport_fastrtps_cpp.hpp
[0.687s] -- Up-to-date: /home/adam/Desktop/SBSN/ros2_ws/install/graph_msgs/include/graph_msgs/graph_msgs/msg/detail/graph_nav__rosidl_typesupport_fastrtps_cpp.hpp
[0.687s] -- Up-to-date: /home/adam/Desktop/SBSN/ros2_ws/install/graph_msgs/include/graph_msgs/graph_msgs/msg/detail/dds_fastrtps
[0.687s] -- Up-to-date: /home/adam/Desktop/SBSN/ros2_ws/install/graph_msgs/lib/libgraph_msgs__rosidl_typesupport_fastrtps_cpp.so
[0.687s] -- Up-to-date: /home/adam/Desktop/SBSN/ros2_ws/install/graph_msgs/include/graph_msgs/graph_msgs
[0.688s] -- Up-to-date: /home/adam/Desktop/SBSN/ros2_ws/install/graph_msgs/include/graph_msgs/graph_msgs/msg
[0.688s] -- Up-to-date: /home/adam/Desktop/SBSN/ros2_ws/install/graph_msgs/include/graph_msgs/graph_msgs/msg/detail
[0.688s] -- Up-to-date: /home/adam/Desktop/SBSN/ros2_ws/install/graph_msgs/include/graph_msgs/graph_msgs/msg/detail/graph_edge__type_support.c
[0.688s] -- Up-to-date: /home/adam/Desktop/SBSN/ros2_ws/install/graph_msgs/include/graph_msgs/graph_msgs/msg/detail/graph_node__type_support.c
[0.688s] -- Up-to-date: /home/adam/Desktop/SBSN/ros2_ws/install/graph_msgs/include/graph_msgs/graph_msgs/msg/detail/graph_edge__rosidl_typesupport_introspection_c.h
[0.688s] -- Up-to-date: /home/adam/Desktop/SBSN/ros2_ws/install/graph_msgs/include/graph_msgs/graph_msgs/msg/detail/graph_nav__type_support.c
[0.689s] -- Up-to-date: /home/adam/Desktop/SBSN/ros2_ws/install/graph_msgs/include/graph_msgs/graph_msgs/msg/detail/graph_nav__rosidl_typesupport_introspection_c.h
[0.689s] -- Up-to-date: /home/adam/Desktop/SBSN/ros2_ws/install/graph_msgs/include/graph_msgs/graph_msgs/msg/detail/graph_node__rosidl_typesupport_introspection_c.h
[0.689s] -- Up-to-date: /home/adam/Desktop/SBSN/ros2_ws/install/graph_msgs/include/graph_msgs/graph_msgs/msg/rosidl_typesupport_introspection_c__visibility_control.h
[0.689s] -- Up-to-date: /home/adam/Desktop/SBSN/ros2_ws/install/graph_msgs/lib/libgraph_msgs__rosidl_typesupport_introspection_c.so
[0.689s] -- Up-to-date: /home/adam/Desktop/SBSN/ros2_ws/install/graph_msgs/lib/libgraph_msgs__rosidl_typesupport_c.so
[0.689s] -- Up-to-date: /home/adam/Desktop/SBSN/ros2_ws/install/graph_msgs/include/graph_msgs/graph_msgs
[0.689s] -- Up-to-date: /home/adam/Desktop/SBSN/ros2_ws/install/graph_msgs/include/graph_msgs/graph_msgs/msg
[0.689s] -- Up-to-date: /home/adam/Desktop/SBSN/ros2_ws/install/graph_msgs/include/graph_msgs/graph_msgs/msg/detail
[0.689s] -- Up-to-date: /home/adam/Desktop/SBSN/ros2_ws/install/graph_msgs/include/graph_msgs/graph_msgs/msg/detail/graph_node__type_support.cpp
[0.689s] -- Up-to-date: /home/adam/Desktop/SBSN/ros2_ws/install/graph_msgs/include/graph_msgs/graph_msgs/msg/detail/graph_nav__type_support.cpp
[0.689s] -- Up-to-date: /home/adam/Desktop/SBSN/ros2_ws/install/graph_msgs/include/graph_msgs/graph_msgs/msg/detail/graph_edge__rosidl_typesupport_introspection_cpp.hpp
[0.690s] -- Up-to-date: /home/adam/Desktop/SBSN/ros2_ws/install/graph_msgs/include/graph_msgs/graph_msgs/msg/detail/graph_edge__type_support.cpp
[0.690s] -- Up-to-date: /home/adam/Desktop/SBSN/ros2_ws/install/graph_msgs/include/graph_msgs/graph_msgs/msg/detail/graph_nav__rosidl_typesupport_introspection_cpp.hpp
[0.690s] -- Up-to-date: /home/adam/Desktop/SBSN/ros2_ws/install/graph_msgs/include/graph_msgs/graph_msgs/msg/detail/graph_node__rosidl_typesupport_introspection_cpp.hpp
[0.690s] -- Up-to-date: /home/adam/Desktop/SBSN/ros2_ws/install/graph_msgs/lib/libgraph_msgs__rosidl_typesupport_introspection_cpp.so
[0.690s] -- Up-to-date: /home/adam/Desktop/SBSN/ros2_ws/install/graph_msgs/lib/libgraph_msgs__rosidl_typesupport_cpp.so
[0.690s] -- Up-to-date: /home/adam/Desktop/SBSN/ros2_ws/install/graph_msgs/share/graph_msgs/environment/pythonpath.sh
[0.690s] -- Up-to-date: /home/adam/Desktop/SBSN/ros2_ws/install/graph_msgs/share/graph_msgs/environment/pythonpath.dsv
[0.690s] -- Up-to-date: /home/adam/Desktop/SBSN/ros2_ws/install/graph_msgs/local/lib/python3.10/dist-packages/graph_msgs-0.0.0-py3.10.egg-info
[0.690s] -- Installing: /home/adam/Desktop/SBSN/ros2_ws/install/graph_msgs/local/lib/python3.10/dist-packages/graph_msgs-0.0.0-py3.10.egg-info/dependency_links.txt
[0.690s] -- Installing: /home/adam/Desktop/SBSN/ros2_ws/install/graph_msgs/local/lib/python3.10/dist-packages/graph_msgs-0.0.0-py3.10.egg-info/SOURCES.txt
[0.690s] -- Installing: /home/adam/Desktop/SBSN/ros2_ws/install/graph_msgs/local/lib/python3.10/dist-packages/graph_msgs-0.0.0-py3.10.egg-info/PKG-INFO
[0.691s] -- Installing: /home/adam/Desktop/SBSN/ros2_ws/install/graph_msgs/local/lib/python3.10/dist-packages/graph_msgs-0.0.0-py3.10.egg-info/top_level.txt
[0.691s] -- Up-to-date: /home/adam/Desktop/SBSN/ros2_ws/install/graph_msgs/local/lib/python3.10/dist-packages/graph_msgs
[0.691s] -- Up-to-date: /home/adam/Desktop/SBSN/ros2_ws/install/graph_msgs/local/lib/python3.10/dist-packages/graph_msgs/libgraph_msgs__rosidl_generator_py.so
[0.691s] -- Up-to-date: /home/adam/Desktop/SBSN/ros2_ws/install/graph_msgs/local/lib/python3.10/dist-packages/graph_msgs/_graph_msgs_s.ep.rosidl_typesupport_fastrtps_c.c
[0.691s] -- Up-to-date: /home/adam/Desktop/SBSN/ros2_ws/install/graph_msgs/local/lib/python3.10/dist-packages/graph_msgs/_graph_msgs_s.ep.rosidl_typesupport_c.c
[0.691s] -- Up-to-date: /home/adam/Desktop/SBSN/ros2_ws/install/graph_msgs/local/lib/python3.10/dist-packages/graph_msgs/msg
[0.691s] -- Up-to-date: /home/adam/Desktop/SBSN/ros2_ws/install/graph_msgs/local/lib/python3.10/dist-packages/graph_msgs/msg/_graph_node_s.c
[0.691s] -- Up-to-date: /home/adam/Desktop/SBSN/ros2_ws/install/graph_msgs/local/lib/python3.10/dist-packages/graph_msgs/msg/_graph_node.py
[0.691s] -- Up-to-date: /home/adam/Desktop/SBSN/ros2_ws/install/graph_msgs/local/lib/python3.10/dist-packages/graph_msgs/msg/_graph_nav.py
[0.691s] -- Up-to-date: /home/adam/Desktop/SBSN/ros2_ws/install/graph_msgs/local/lib/python3.10/dist-packages/graph_msgs/msg/_graph_edge_s.c
[0.691s] -- Up-to-date: /home/adam/Desktop/SBSN/ros2_ws/install/graph_msgs/local/lib/python3.10/dist-packages/graph_msgs/msg/_graph_edge.py
[0.691s] -- Up-to-date: /home/adam/Desktop/SBSN/ros2_ws/install/graph_msgs/local/lib/python3.10/dist-packages/graph_msgs/msg/__init__.py
[0.691s] -- Up-to-date: /home/adam/Desktop/SBSN/ros2_ws/install/graph_msgs/local/lib/python3.10/dist-packages/graph_msgs/msg/_graph_nav_s.c
[0.691s] -- Up-to-date: /home/adam/Desktop/SBSN/ros2_ws/install/graph_msgs/local/lib/python3.10/dist-packages/graph_msgs/graph_msgs_s__rosidl_typesupport_c.cpython-310-x86_64-linux-gnu.so
[0.691s] -- Up-to-date: /home/adam/Desktop/SBSN/ros2_ws/install/graph_msgs/local/lib/python3.10/dist-packages/graph_msgs/__init__.py
[0.692s] -- Up-to-date: /home/adam/Desktop/SBSN/ros2_ws/install/graph_msgs/local/lib/python3.10/dist-packages/graph_msgs/_graph_msgs_s.ep.rosidl_typesupport_introspection_c.c
[0.692s] -- Up-to-date: /home/adam/Desktop/SBSN/ros2_ws/install/graph_msgs/local/lib/python3.10/dist-packages/graph_msgs/graph_msgs_s__rosidl_typesupport_introspection_c.cpython-310-x86_64-linux-gnu.so
[0.692s] -- Up-to-date: /home/adam/Desktop/SBSN/ros2_ws/install/graph_msgs/local/lib/python3.10/dist-packages/graph_msgs/graph_msgs_s__rosidl_typesupport_fastrtps_c.cpython-310-x86_64-linux-gnu.so
[0.712s] Listing '/home/adam/Desktop/SBSN/ros2_ws/install/graph_msgs/local/lib/python3.10/dist-packages/graph_msgs'...
[0.712s] Listing '/home/adam/Desktop/SBSN/ros2_ws/install/graph_msgs/local/lib/python3.10/dist-packages/graph_msgs/msg'...
[0.717s] -- Up-to-date: /home/adam/Desktop/SBSN/ros2_ws/install/graph_msgs/local/lib/python3.10/dist-packages/graph_msgs/graph_msgs_s__rosidl_typesupport_fastrtps_c.cpython-310-x86_64-linux-gnu.so
[0.717s] -- Up-to-date: /home/adam/Desktop/SBSN/ros2_ws/install/graph_msgs/local/lib/python3.10/dist-packages/graph_msgs/graph_msgs_s__rosidl_typesupport_introspection_c.cpython-310-x86_64-linux-gnu.so
[0.718s] -- Up-to-date: /home/adam/Desktop/SBSN/ros2_ws/install/graph_msgs/local/lib/python3.10/dist-packages/graph_msgs/graph_msgs_s__rosidl_typesupport_c.cpython-310-x86_64-linux-gnu.so
[0.718s] -- Up-to-date: /home/adam/Desktop/SBSN/ros2_ws/install/graph_msgs/lib/libgraph_msgs__rosidl_generator_py.so
[0.718s] -- Up-to-date: /home/adam/Desktop/SBSN/ros2_ws/install/graph_msgs/share/graph_msgs/msg/GraphNode.idl
[0.718s] -- Up-to-date: /home/adam/Desktop/SBSN/ros2_ws/install/graph_msgs/share/graph_msgs/msg/GraphNav.idl
[0.718s] -- Up-to-date: /home/adam/Desktop/SBSN/ros2_ws/install/graph_msgs/share/graph_msgs/msg/GraphEdge.idl
[0.718s] -- Up-to-date: /home/adam/Desktop/SBSN/ros2_ws/install/graph_msgs/share/graph_msgs/msg/GraphNode.msg
[0.718s] -- Up-to-date: /home/adam/Desktop/SBSN/ros2_ws/install/graph_msgs/share/graph_msgs/msg/GraphNav.msg
[0.719s] -- Up-to-date: /home/adam/Desktop/SBSN/ros2_ws/install/graph_msgs/share/graph_msgs/msg/GraphEdge.msg
[0.719s] -- Up-to-date: /home/adam/Desktop/SBSN/ros2_ws/install/graph_msgs/share/graph_msgs/bridge_mapping.yaml
[0.719s] -- Up-to-date: /home/adam/Desktop/SBSN/ros2_ws/install/graph_msgs/share/ament_index/resource_index/package_run_dependencies/graph_msgs
[0.719s] -- Up-to-date: /home/adam/Desktop/SBSN/ros2_ws/install/graph_msgs/share/ament_index/resource_index/parent_prefix_path/graph_msgs
[0.719s] -- Up-to-date: /home/adam/Desktop/SBSN/ros2_ws/install/graph_msgs/share/graph_msgs/environment/ament_prefix_path.sh
[0.721s] -- Up-to-date: /home/adam/Desktop/SBSN/ros2_ws/install/graph_msgs/share/graph_msgs/environment/ament_prefix_path.dsv
[0.721s] -- Up-to-date: /home/adam/Desktop/SBSN/ros2_ws/install/graph_msgs/share/graph_msgs/environment/path.sh
[0.721s] -- Up-to-date: /home/adam/Desktop/SBSN/ros2_ws/install/graph_msgs/share/graph_msgs/environment/path.dsv
[0.722s] -- Up-to-date: /home/adam/Desktop/SBSN/ros2_ws/install/graph_msgs/share/graph_msgs/local_setup.bash
[0.722s] -- Up-to-date: /home/adam/Desktop/SBSN/ros2_ws/install/graph_msgs/share/graph_msgs/local_setup.sh
[0.722s] -- Up-to-date: /home/adam/Desktop/SBSN/ros2_ws/install/graph_msgs/share/graph_msgs/local_setup.zsh
[0.722s] -- Up-to-date: /home/adam/Desktop/SBSN/ros2_ws/install/graph_msgs/share/graph_msgs/local_setup.dsv
[0.723s] -- Installing: /home/adam/Desktop/SBSN/ros2_ws/install/graph_msgs/share/graph_msgs/package.dsv
[0.723s] -- Up-to-date: /home/adam/Desktop/SBSN/ros2_ws/install/graph_msgs/share/ament_index/resource_index/packages/graph_msgs
[0.724s] -- Up-to-date: /home/adam/Desktop/SBSN/ros2_ws/install/graph_msgs/share/graph_msgs/cmake/export_graph_msgs__rosidl_generator_cExport.cmake
[0.724s] -- Up-to-date: /home/adam/Desktop/SBSN/ros2_ws/install/graph_msgs/share/graph_msgs/cmake/export_graph_msgs__rosidl_generator_cExport-release.cmake
[0.725s] -- Up-to-date: /home/adam/Desktop/SBSN/ros2_ws/install/graph_msgs/share/graph_msgs/cmake/export_graph_msgs__rosidl_typesupport_fastrtps_cExport.cmake
[0.725s] -- Up-to-date: /home/adam/Desktop/SBSN/ros2_ws/install/graph_msgs/share/graph_msgs/cmake/export_graph_msgs__rosidl_typesupport_fastrtps_cExport-release.cmake
[0.725s] -- Up-to-date: /home/adam/Desktop/SBSN/ros2_ws/install/graph_msgs/share/graph_msgs/cmake/export_graph_msgs__rosidl_generator_cppExport.cmake
[0.726s] -- Up-to-date: /home/adam/Desktop/SBSN/ros2_ws/install/graph_msgs/share/graph_msgs/cmake/export_graph_msgs__rosidl_typesupport_fastrtps_cppExport.cmake
[0.726s] -- Up-to-date: /home/adam/Desktop/SBSN/ros2_ws/install/graph_msgs/share/graph_msgs/cmake/export_graph_msgs__rosidl_typesupport_fastrtps_cppExport-release.cmake
[0.730s] -- Up-to-date: /home/adam/Desktop/SBSN/ros2_ws/install/graph_msgs/share/graph_msgs/cmake/graph_msgs__rosidl_typesupport_introspection_cExport.cmake
[0.731s] -- Up-to-date: /home/adam/Desktop/SBSN/ros2_ws/install/graph_msgs/share/graph_msgs/cmake/graph_msgs__rosidl_typesupport_introspection_cExport-release.cmake
[0.731s] -- Up-to-date: /home/adam/Desktop/SBSN/ros2_ws/install/graph_msgs/share/graph_msgs/cmake/graph_msgs__rosidl_typesupport_cExport.cmake
[0.731s] -- Up-to-date: /home/adam/Desktop/SBSN/ros2_ws/install/graph_msgs/share/graph_msgs/cmake/graph_msgs__rosidl_typesupport_cExport-release.cmake
[0.731s] -- Up-to-date: /home/adam/Desktop/SBSN/ros2_ws/install/graph_msgs/share/graph_msgs/cmake/graph_msgs__rosidl_typesupport_introspection_cppExport.cmake
[0.731s] -- Up-to-date: /home/adam/Desktop/SBSN/ros2_ws/install/graph_msgs/share/graph_msgs/cmake/graph_msgs__rosidl_typesupport_introspection_cppExport-release.cmake
[0.731s] -- Up-to-date: /home/adam/Desktop/SBSN/ros2_ws/install/graph_msgs/share/graph_msgs/cmake/graph_msgs__rosidl_typesupport_cppExport.cmake
[0.731s] -- Up-to-date: /home/adam/Desktop/SBSN/ros2_ws/install/graph_msgs/share/graph_msgs/cmake/graph_msgs__rosidl_typesupport_cppExport-release.cmake
[0.732s] -- Up-to-date: /home/adam/Desktop/SBSN/ros2_ws/install/graph_msgs/share/graph_msgs/cmake/export_graph_msgs__rosidl_generator_pyExport.cmake
[0.732s] -- Up-to-date: /home/adam/Desktop/SBSN/ros2_ws/install/graph_msgs/share/graph_msgs/cmake/export_graph_msgs__rosidl_generator_pyExport-release.cmake
[0.732s] -- Up-to-date: /home/adam/Desktop/SBSN/ros2_ws/install/graph_msgs/share/graph_msgs/cmake/rosidl_cmake-extras.cmake
[0.732s] -- Up-to-date: /home/adam/Desktop/SBSN/ros2_ws/install/graph_msgs/share/graph_msgs/cmake/ament_cmake_export_dependencies-extras.cmake
[0.732s] -- Up-to-date: /home/adam/Desktop/SBSN/ros2_ws/install/graph_msgs/share/graph_msgs/cmake/ament_cmake_export_include_directories-extras.cmake
[0.732s] -- Up-to-date: /home/adam/Desktop/SBSN/ros2_ws/install/graph_msgs/share/graph_msgs/cmake/ament_cmake_export_libraries-extras.cmake
[0.732s] -- Up-to-date: /home/adam/Desktop/SBSN/ros2_ws/install/graph_msgs/share/graph_msgs/cmake/ament_cmake_export_targets-extras.cmake
[0.732s] -- Up-to-date: /home/adam/Desktop/SBSN/ros2_ws/install/graph_msgs/share/graph_msgs/cmake/rosidl_cmake_export_typesupport_targets-extras.cmake
[0.732s] -- Up-to-date: /home/adam/Desktop/SBSN/ros2_ws/install/graph_msgs/share/graph_msgs/cmake/rosidl_cmake_export_typesupport_libraries-extras.cmake
[0.732s] -- Up-to-date: /home/adam/Desktop/SBSN/ros2_ws/install/graph_msgs/share/graph_msgs/cmake/graph_msgsConfig.cmake
[0.732s] -- Up-to-date: /home/adam/Desktop/SBSN/ros2_ws/install/graph_msgs/share/graph_msgs/cmake/graph_msgsConfig-version.cmake
[0.732s] -- Up-to-date: /home/adam/Desktop/SBSN/ros2_ws/install/graph_msgs/share/graph_msgs/package.xml
[0.767s] Invoked command in '/home/adam/Desktop/SBSN/ros2_ws/build/graph_msgs' returned '0': CMAKE_PREFIX_PATH=/opt/ros/humble /home/adam/.local/bin/cmake --install /home/adam/Desktop/SBSN/ros2_ws/build/graph_msgs
