-- The C compiler identification is GNU 11.4.0
-- The CXX compiler identification is GNU 11.4.0
-- Detecting C compiler ABI info
-- Detecting C compiler ABI info - done
-- Check for working C compiler: /usr/bin/cc - skipped
-- Detecting C compile features
-- Detecting C compile features - done
-- Detecting CXX compiler ABI info
-- Detecting CXX compiler ABI info - done
-- Check for working CXX compiler: /usr/bin/c++ - skipped
-- Detecting CXX compile features
-- Detecting CXX compile features - done
[0mmetric_msgs: You did not request a specific build type: Choosing 'Release' for maximum performance[0m
-- Found ament_cmake: 1.3.9 (/opt/ros/humble/share/ament_cmake/cmake)
-- Found Python3: /usr/bin/python3 (found version "3.10.12") found components: Interpreter
-- Found std_msgs: 4.2.4 (/opt/ros/humble/share/std_msgs/cmake)
-- Found rosidl_generator_c: 3.1.5 (/opt/ros/humble/share/rosidl_generator_c/cmake)
-- Found rosidl_adapter: 3.1.5 (/opt/ros/humble/share/rosidl_adapter/cmake)
-- Found rosidl_generator_cpp: 3.1.5 (/opt/ros/humble/share/rosidl_generator_cpp/cmake)
-- Using all available rosidl_typesupport_c: rosidl_typesupport_fastrtps_c;rosidl_typesupport_introspection_c
-- Using all available rosidl_typesupport_cpp: rosidl_typesupport_fastrtps_cpp;rosidl_typesupport_introspection_cpp
-- Found geometry_msgs: 4.2.4 (/opt/ros/humble/share/geometry_msgs/cmake)
-- Found rosidl_default_generators: 1.2.0 (/opt/ros/humble/share/rosidl_default_generators/cmake)
-- Found ament_cmake_ros: 0.10.0 (/opt/ros/humble/share/ament_cmake_ros/cmake)
-- Using all available rosidl_typesupport_c: rosidl_typesupport_fastrtps_c;rosidl_typesupport_introspection_c
-- Using all available rosidl_typesupport_cpp: rosidl_typesupport_fastrtps_cpp;rosidl_typesupport_introspection_cpp
[33mCMake Warning (dev) at /opt/ros/humble/share/rosidl_generator_py/cmake/rosidl_generator_py_generate_interfaces.cmake:20 (find_package):
  Policy CMP0148 is not set: The FindPythonInterp and FindPythonLibs modules
  are removed.  Run "cmake --help-policy CMP0148" for policy details.  Use
  the cmake_policy command to set the policy and suppress this warning.

Call Stack (most recent call first):
  /opt/ros/humble/share/ament_cmake_core/cmake/core/ament_execute_extensions.cmake:48 (include)
  /opt/ros/humble/share/rosidl_cmake/cmake/rosidl_generate_interfaces.cmake:286 (ament_execute_extensions)
  CMakeLists.txt:42 (rosidl_generate_interfaces)
This warning is for project developers.  Use -Wno-dev to suppress it.
[0m
-- Found PythonInterp: /usr/bin/python3 (found suitable version "3.10.12", minimum required is "3.6")
-- Found python_cmake_module: 0.10.0 (/opt/ros/humble/share/python_cmake_module/cmake)
[33mCMake Warning (dev) at /opt/ros/humble/share/python_cmake_module/cmake/Modules/FindPythonExtra.cmake:52 (find_package):
  Policy CMP0148 is not set: The FindPythonInterp and FindPythonLibs modules
  are removed.  Run "cmake --help-policy CMP0148" for policy details.  Use
  the cmake_policy command to set the policy and suppress this warning.

Call Stack (most recent call first):
  /opt/ros/humble/share/rosidl_generator_py/cmake/rosidl_generator_py_generate_interfaces.cmake:23 (find_package)
  /opt/ros/humble/share/ament_cmake_core/cmake/core/ament_execute_extensions.cmake:48 (include)
  /opt/ros/humble/share/rosidl_cmake/cmake/rosidl_generate_interfaces.cmake:286 (ament_execute_extensions)
  CMakeLists.txt:42 (rosidl_generate_interfaces)
This warning is for project developers.  Use -Wno-dev to suppress it.
[0m
[33mCMake Warning (dev) at /opt/ros/humble/share/python_cmake_module/cmake/Modules/FindPythonExtra.cmake:140 (find_package):
  Policy CMP0148 is not set: The FindPythonInterp and FindPythonLibs modules
  are removed.  Run "cmake --help-policy CMP0148" for policy details.  Use
  the cmake_policy command to set the policy and suppress this warning.

Call Stack (most recent call first):
  /opt/ros/humble/share/rosidl_generator_py/cmake/rosidl_generator_py_generate_interfaces.cmake:23 (find_package)
  /opt/ros/humble/share/ament_cmake_core/cmake/core/ament_execute_extensions.cmake:48 (include)
  /opt/ros/humble/share/rosidl_cmake/cmake/rosidl_generate_interfaces.cmake:286 (ament_execute_extensions)
  CMakeLists.txt:42 (rosidl_generate_interfaces)
This warning is for project developers.  Use -Wno-dev to suppress it.
[0m
-- Found PythonLibs: /usr/lib/x86_64-linux-gnu/libpython3.10.so (found suitable version "3.10.12", minimum required is "3.5")
-- Using PYTHON_EXECUTABLE: /usr/bin/python3
-- Using PYTHON_INCLUDE_DIRS: /usr/include/python3.10
-- Using PYTHON_LIBRARIES: /usr/lib/x86_64-linux-gnu/libpython3.10.so
-- Found PythonExtra: .so
-- Found ament_lint_auto: 0.12.11 (/opt/ros/humble/share/ament_lint_auto/cmake)
-- Added test 'copyright' to check source files copyright and LICENSE
-- Added test 'lint_cmake' to check CMake code style
-- Added test 'xmllint' to check XML markup files
-- Configuring done (2.3s)
-- Generating done (0.0s)
-- Build files have been written to: /home/adam/Desktop/SBSN/ros2_ws/build/metric_msgs
[  3%] [34m[1mGenerating C code for ROS interfaces[0m
[  6%] [34m[1mGenerating C++ code for ROS interfaces[0m
[  6%] Built target ament_cmake_python_copy_metric_msgs
running egg_info
creating metric_msgs.egg-info
writing metric_msgs.egg-info/PKG-INFO
writing dependency_links to metric_msgs.egg-info/dependency_links.txt
writing top-level names to metric_msgs.egg-info/top_level.txt
writing manifest file 'metric_msgs.egg-info/SOURCES.txt'
reading manifest file 'metric_msgs.egg-info/SOURCES.txt'
writing manifest file 'metric_msgs.egg-info/SOURCES.txt'
[  6%] Built target ament_cmake_python_build_metric_msgs_egg
[  6%] Built target metric_msgs__cpp
[  9%] [34m[1mGenerating C++ type support for eProsima Fast-RTPS[0m
[ 12%] [34m[1mGenerating C++ introspection for ROS interfaces[0m
[ 16%] [34m[1mGenerating C++ type support dispatch for ROS interfaces[0m
[ 19%] [32mBuilding C object CMakeFiles/metric_msgs__rosidl_generator_c.dir/rosidl_generator_c/metric_msgs/msg/detail/trial_info__functions.c.o[0m
[ 22%] [32m[1mLinking C shared library libmetric_msgs__rosidl_generator_c.so[0m
[ 22%] Built target metric_msgs__rosidl_generator_c
[ 25%] [34m[1mGenerating C introspection for ROS interfaces[0m
[ 29%] [34m[1mGenerating C type support dispatch for ROS interfaces[0m
[ 32%] [34m[1mGenerating C type support for eProsima Fast-RTPS[0m
[ 35%] [32mBuilding CXX object CMakeFiles/metric_msgs__rosidl_typesupport_fastrtps_cpp.dir/rosidl_typesupport_fastrtps_cpp/metric_msgs/msg/detail/dds_fastrtps/trial_info__type_support.cpp.o[0m
[ 38%] [32mBuilding CXX object CMakeFiles/metric_msgs__rosidl_typesupport_cpp.dir/rosidl_typesupport_cpp/metric_msgs/msg/trial_info__type_support.cpp.o[0m
[ 41%] [32mBuilding CXX object CMakeFiles/metric_msgs__rosidl_typesupport_introspection_cpp.dir/rosidl_typesupport_introspection_cpp/metric_msgs/msg/detail/trial_info__type_support.cpp.o[0m
[ 48%] [32m[1mLinking CXX shared library libmetric_msgs__rosidl_typesupport_cpp.so[0m
[ 48%] [32mBuilding C object CMakeFiles/metric_msgs__rosidl_typesupport_introspection_c.dir/rosidl_typesupport_introspection_c/metric_msgs/msg/detail/trial_info__type_support.c.o[0m
[ 51%] [32mBuilding CXX object CMakeFiles/metric_msgs__rosidl_typesupport_c.dir/rosidl_typesupport_c/metric_msgs/msg/trial_info__type_support.cpp.o[0m
[ 51%] Built target metric_msgs__rosidl_typesupport_cpp
[ 54%] [32m[1mLinking CXX shared library libmetric_msgs__rosidl_typesupport_c.so[0m
[ 58%] [32m[1mLinking C shared library libmetric_msgs__rosidl_typesupport_introspection_c.so[0m
[ 58%] Built target metric_msgs__rosidl_typesupport_introspection_c
[ 58%] Built target metric_msgs__rosidl_typesupport_c
[ 61%] [32m[1mLinking CXX shared library libmetric_msgs__rosidl_typesupport_fastrtps_cpp.so[0m
[ 64%] [32mBuilding CXX object CMakeFiles/metric_msgs__rosidl_typesupport_fastrtps_c.dir/rosidl_typesupport_fastrtps_c/metric_msgs/msg/detail/trial_info__type_support_c.cpp.o[0m
[ 64%] Built target metric_msgs__rosidl_typesupport_fastrtps_cpp
[ 67%] [32m[1mLinking CXX shared library libmetric_msgs__rosidl_typesupport_introspection_cpp.so[0m
[ 67%] Built target metric_msgs__rosidl_typesupport_introspection_cpp
[ 70%] [32m[1mLinking CXX shared library libmetric_msgs__rosidl_typesupport_fastrtps_c.so[0m
[ 70%] Built target metric_msgs__rosidl_typesupport_fastrtps_c
[ 70%] Built target metric_msgs
[ 74%] [34m[1mGenerating Python code for ROS interfaces[0m
[ 74%] Built target metric_msgs__py
[ 77%] [32mBuilding C object CMakeFiles/metric_msgs__rosidl_generator_py.dir/rosidl_generator_py/metric_msgs/msg/_trial_info_s.c.o[0m
[ 80%] [32m[1mLinking C shared library rosidl_generator_py/metric_msgs/libmetric_msgs__rosidl_generator_py.so[0m
[ 80%] Built target metric_msgs__rosidl_generator_py
[ 83%] [32mBuilding C object CMakeFiles/metric_msgs__rosidl_typesupport_introspection_c__pyext.dir/rosidl_generator_py/metric_msgs/_metric_msgs_s.ep.rosidl_typesupport_introspection_c.c.o[0m
[ 87%] [32mBuilding C object CMakeFiles/metric_msgs__rosidl_typesupport_fastrtps_c__pyext.dir/rosidl_generator_py/metric_msgs/_metric_msgs_s.ep.rosidl_typesupport_fastrtps_c.c.o[0m
[ 90%] [32mBuilding C object CMakeFiles/metric_msgs__rosidl_typesupport_c__pyext.dir/rosidl_generator_py/metric_msgs/_metric_msgs_s.ep.rosidl_typesupport_c.c.o[0m
[ 93%] [32m[1mLinking C shared library rosidl_generator_py/metric_msgs/metric_msgs_s__rosidl_typesupport_fastrtps_c.cpython-310-x86_64-linux-gnu.so[0m
[ 96%] [32m[1mLinking C shared library rosidl_generator_py/metric_msgs/metric_msgs_s__rosidl_typesupport_c.cpython-310-x86_64-linux-gnu.so[0m
[100%] [32m[1mLinking C shared library rosidl_generator_py/metric_msgs/metric_msgs_s__rosidl_typesupport_introspection_c.cpython-310-x86_64-linux-gnu.so[0m
[100%] Built target metric_msgs__rosidl_typesupport_fastrtps_c__pyext
[100%] Built target metric_msgs__rosidl_typesupport_introspection_c__pyext
[100%] Built target metric_msgs__rosidl_typesupport_c__pyext
-- Install configuration: "Release"
-- Installing: /home/adam/Desktop/SBSN/ros2_ws/install/metric_msgs/share/ament_index/resource_index/rosidl_interfaces/metric_msgs
-- Installing: /home/adam/Desktop/SBSN/ros2_ws/install/metric_msgs/include/metric_msgs/metric_msgs
-- Installing: /home/adam/Desktop/SBSN/ros2_ws/install/metric_msgs/include/metric_msgs/metric_msgs/msg
-- Installing: /home/adam/Desktop/SBSN/ros2_ws/install/metric_msgs/include/metric_msgs/metric_msgs/msg/trial_info.h
-- Installing: /home/adam/Desktop/SBSN/ros2_ws/install/metric_msgs/include/metric_msgs/metric_msgs/msg/detail
-- Installing: /home/adam/Desktop/SBSN/ros2_ws/install/metric_msgs/include/metric_msgs/metric_msgs/msg/detail/trial_info__functions.c
-- Installing: /home/adam/Desktop/SBSN/ros2_ws/install/metric_msgs/include/metric_msgs/metric_msgs/msg/detail/trial_info__functions.h
-- Installing: /home/adam/Desktop/SBSN/ros2_ws/install/metric_msgs/include/metric_msgs/metric_msgs/msg/detail/trial_info__type_support.h
-- Installing: /home/adam/Desktop/SBSN/ros2_ws/install/metric_msgs/include/metric_msgs/metric_msgs/msg/detail/trial_info__struct.h
-- Installing: /home/adam/Desktop/SBSN/ros2_ws/install/metric_msgs/include/metric_msgs/metric_msgs/msg/rosidl_generator_c__visibility_control.h
-- Installing: /home/adam/Desktop/SBSN/ros2_ws/install/metric_msgs/share/metric_msgs/environment/library_path.sh
-- Installing: /home/adam/Desktop/SBSN/ros2_ws/install/metric_msgs/share/metric_msgs/environment/library_path.dsv
-- Installing: /home/adam/Desktop/SBSN/ros2_ws/install/metric_msgs/lib/libmetric_msgs__rosidl_generator_c.so
-- Set non-toolchain portion of runtime path of "/home/adam/Desktop/SBSN/ros2_ws/install/metric_msgs/lib/libmetric_msgs__rosidl_generator_c.so" to ""
-- Up-to-date: /home/adam/Desktop/SBSN/ros2_ws/install/metric_msgs/include/metric_msgs/metric_msgs
-- Up-to-date: /home/adam/Desktop/SBSN/ros2_ws/install/metric_msgs/include/metric_msgs/metric_msgs/msg
-- Installing: /home/adam/Desktop/SBSN/ros2_ws/install/metric_msgs/include/metric_msgs/metric_msgs/msg/rosidl_typesupport_fastrtps_c__visibility_control.h
-- Up-to-date: /home/adam/Desktop/SBSN/ros2_ws/install/metric_msgs/include/metric_msgs/metric_msgs/msg/detail
-- Installing: /home/adam/Desktop/SBSN/ros2_ws/install/metric_msgs/include/metric_msgs/metric_msgs/msg/detail/trial_info__rosidl_typesupport_fastrtps_c.h
-- Installing: /home/adam/Desktop/SBSN/ros2_ws/install/metric_msgs/lib/libmetric_msgs__rosidl_typesupport_fastrtps_c.so
-- Set non-toolchain portion of runtime path of "/home/adam/Desktop/SBSN/ros2_ws/install/metric_msgs/lib/libmetric_msgs__rosidl_typesupport_fastrtps_c.so" to ""
-- Up-to-date: /home/adam/Desktop/SBSN/ros2_ws/install/metric_msgs/include/metric_msgs/metric_msgs
-- Up-to-date: /home/adam/Desktop/SBSN/ros2_ws/install/metric_msgs/include/metric_msgs/metric_msgs/msg
-- Installing: /home/adam/Desktop/SBSN/ros2_ws/install/metric_msgs/include/metric_msgs/metric_msgs/msg/trial_info.hpp
-- Up-to-date: /home/adam/Desktop/SBSN/ros2_ws/install/metric_msgs/include/metric_msgs/metric_msgs/msg/detail
-- Installing: /home/adam/Desktop/SBSN/ros2_ws/install/metric_msgs/include/metric_msgs/metric_msgs/msg/detail/trial_info__builder.hpp
-- Installing: /home/adam/Desktop/SBSN/ros2_ws/install/metric_msgs/include/metric_msgs/metric_msgs/msg/detail/trial_info__struct.hpp
-- Installing: /home/adam/Desktop/SBSN/ros2_ws/install/metric_msgs/include/metric_msgs/metric_msgs/msg/detail/trial_info__traits.hpp
-- Up-to-date: /home/adam/Desktop/SBSN/ros2_ws/install/metric_msgs/include/metric_msgs/metric_msgs
-- Up-to-date: /home/adam/Desktop/SBSN/ros2_ws/install/metric_msgs/include/metric_msgs/metric_msgs/msg
-- Installing: /home/adam/Desktop/SBSN/ros2_ws/install/metric_msgs/include/metric_msgs/metric_msgs/msg/rosidl_typesupport_fastrtps_cpp__visibility_control.h
-- Up-to-date: /home/adam/Desktop/SBSN/ros2_ws/install/metric_msgs/include/metric_msgs/metric_msgs/msg/detail
-- Installing: /home/adam/Desktop/SBSN/ros2_ws/install/metric_msgs/include/metric_msgs/metric_msgs/msg/detail/trial_info__rosidl_typesupport_fastrtps_cpp.hpp
-- Installing: /home/adam/Desktop/SBSN/ros2_ws/install/metric_msgs/include/metric_msgs/metric_msgs/msg/detail/dds_fastrtps
-- Installing: /home/adam/Desktop/SBSN/ros2_ws/install/metric_msgs/lib/libmetric_msgs__rosidl_typesupport_fastrtps_cpp.so
-- Set non-toolchain portion of runtime path of "/home/adam/Desktop/SBSN/ros2_ws/install/metric_msgs/lib/libmetric_msgs__rosidl_typesupport_fastrtps_cpp.so" to ""
-- Up-to-date: /home/adam/Desktop/SBSN/ros2_ws/install/metric_msgs/include/metric_msgs/metric_msgs
-- Up-to-date: /home/adam/Desktop/SBSN/ros2_ws/install/metric_msgs/include/metric_msgs/metric_msgs/msg
-- Up-to-date: /home/adam/Desktop/SBSN/ros2_ws/install/metric_msgs/include/metric_msgs/metric_msgs/msg/detail
-- Installing: /home/adam/Desktop/SBSN/ros2_ws/install/metric_msgs/include/metric_msgs/metric_msgs/msg/detail/trial_info__rosidl_typesupport_introspection_c.h
-- Installing: /home/adam/Desktop/SBSN/ros2_ws/install/metric_msgs/include/metric_msgs/metric_msgs/msg/detail/trial_info__type_support.c
-- Installing: /home/adam/Desktop/SBSN/ros2_ws/install/metric_msgs/include/metric_msgs/metric_msgs/msg/rosidl_typesupport_introspection_c__visibility_control.h
-- Installing: /home/adam/Desktop/SBSN/ros2_ws/install/metric_msgs/lib/libmetric_msgs__rosidl_typesupport_introspection_c.so
-- Set non-toolchain portion of runtime path of "/home/adam/Desktop/SBSN/ros2_ws/install/metric_msgs/lib/libmetric_msgs__rosidl_typesupport_introspection_c.so" to ""
-- Installing: /home/adam/Desktop/SBSN/ros2_ws/install/metric_msgs/lib/libmetric_msgs__rosidl_typesupport_c.so
-- Set non-toolchain portion of runtime path of "/home/adam/Desktop/SBSN/ros2_ws/install/metric_msgs/lib/libmetric_msgs__rosidl_typesupport_c.so" to ""
-- Up-to-date: /home/adam/Desktop/SBSN/ros2_ws/install/metric_msgs/include/metric_msgs/metric_msgs
-- Up-to-date: /home/adam/Desktop/SBSN/ros2_ws/install/metric_msgs/include/metric_msgs/metric_msgs/msg
-- Up-to-date: /home/adam/Desktop/SBSN/ros2_ws/install/metric_msgs/include/metric_msgs/metric_msgs/msg/detail
-- Installing: /home/adam/Desktop/SBSN/ros2_ws/install/metric_msgs/include/metric_msgs/metric_msgs/msg/detail/trial_info__rosidl_typesupport_introspection_cpp.hpp
-- Installing: /home/adam/Desktop/SBSN/ros2_ws/install/metric_msgs/include/metric_msgs/metric_msgs/msg/detail/trial_info__type_support.cpp
-- Installing: /home/adam/Desktop/SBSN/ros2_ws/install/metric_msgs/lib/libmetric_msgs__rosidl_typesupport_introspection_cpp.so
-- Set non-toolchain portion of runtime path of "/home/adam/Desktop/SBSN/ros2_ws/install/metric_msgs/lib/libmetric_msgs__rosidl_typesupport_introspection_cpp.so" to ""
-- Installing: /home/adam/Desktop/SBSN/ros2_ws/install/metric_msgs/lib/libmetric_msgs__rosidl_typesupport_cpp.so
-- Set non-toolchain portion of runtime path of "/home/adam/Desktop/SBSN/ros2_ws/install/metric_msgs/lib/libmetric_msgs__rosidl_typesupport_cpp.so" to ""
-- Installing: /home/adam/Desktop/SBSN/ros2_ws/install/metric_msgs/share/metric_msgs/environment/pythonpath.sh
-- Installing: /home/adam/Desktop/SBSN/ros2_ws/install/metric_msgs/share/metric_msgs/environment/pythonpath.dsv
-- Installing: /home/adam/Desktop/SBSN/ros2_ws/install/metric_msgs/local/lib/python3.10/dist-packages/metric_msgs-0.0.0-py3.10.egg-info
-- Installing: /home/adam/Desktop/SBSN/ros2_ws/install/metric_msgs/local/lib/python3.10/dist-packages/metric_msgs-0.0.0-py3.10.egg-info/dependency_links.txt
-- Installing: /home/adam/Desktop/SBSN/ros2_ws/install/metric_msgs/local/lib/python3.10/dist-packages/metric_msgs-0.0.0-py3.10.egg-info/SOURCES.txt
-- Installing: /home/adam/Desktop/SBSN/ros2_ws/install/metric_msgs/local/lib/python3.10/dist-packages/metric_msgs-0.0.0-py3.10.egg-info/PKG-INFO
-- Installing: /home/adam/Desktop/SBSN/ros2_ws/install/metric_msgs/local/lib/python3.10/dist-packages/metric_msgs-0.0.0-py3.10.egg-info/top_level.txt
-- Installing: /home/adam/Desktop/SBSN/ros2_ws/install/metric_msgs/local/lib/python3.10/dist-packages/metric_msgs
-- Installing: /home/adam/Desktop/SBSN/ros2_ws/install/metric_msgs/local/lib/python3.10/dist-packages/metric_msgs/msg
-- Installing: /home/adam/Desktop/SBSN/ros2_ws/install/metric_msgs/local/lib/python3.10/dist-packages/metric_msgs/msg/__init__.py
-- Installing: /home/adam/Desktop/SBSN/ros2_ws/install/metric_msgs/local/lib/python3.10/dist-packages/metric_msgs/msg/_trial_info_s.c
-- Installing: /home/adam/Desktop/SBSN/ros2_ws/install/metric_msgs/local/lib/python3.10/dist-packages/metric_msgs/msg/_trial_info.py
-- Installing: /home/adam/Desktop/SBSN/ros2_ws/install/metric_msgs/local/lib/python3.10/dist-packages/metric_msgs/_metric_msgs_s.ep.rosidl_typesupport_fastrtps_c.c
-- Installing: /home/adam/Desktop/SBSN/ros2_ws/install/metric_msgs/local/lib/python3.10/dist-packages/metric_msgs/metric_msgs_s__rosidl_typesupport_c.cpython-310-x86_64-linux-gnu.so
-- Installing: /home/adam/Desktop/SBSN/ros2_ws/install/metric_msgs/local/lib/python3.10/dist-packages/metric_msgs/__init__.py
-- Installing: /home/adam/Desktop/SBSN/ros2_ws/install/metric_msgs/local/lib/python3.10/dist-packages/metric_msgs/metric_msgs_s__rosidl_typesupport_fastrtps_c.cpython-310-x86_64-linux-gnu.so
-- Installing: /home/adam/Desktop/SBSN/ros2_ws/install/metric_msgs/local/lib/python3.10/dist-packages/metric_msgs/_metric_msgs_s.ep.rosidl_typesupport_introspection_c.c
-- Installing: /home/adam/Desktop/SBSN/ros2_ws/install/metric_msgs/local/lib/python3.10/dist-packages/metric_msgs/_metric_msgs_s.ep.rosidl_typesupport_c.c
-- Installing: /home/adam/Desktop/SBSN/ros2_ws/install/metric_msgs/local/lib/python3.10/dist-packages/metric_msgs/libmetric_msgs__rosidl_generator_py.so
-- Installing: /home/adam/Desktop/SBSN/ros2_ws/install/metric_msgs/local/lib/python3.10/dist-packages/metric_msgs/metric_msgs_s__rosidl_typesupport_introspection_c.cpython-310-x86_64-linux-gnu.so
Listing '/home/adam/Desktop/SBSN/ros2_ws/install/metric_msgs/local/lib/python3.10/dist-packages/metric_msgs'...
Compiling '/home/adam/Desktop/SBSN/ros2_ws/install/metric_msgs/local/lib/python3.10/dist-packages/metric_msgs/__init__.py'...
Listing '/home/adam/Desktop/SBSN/ros2_ws/install/metric_msgs/local/lib/python3.10/dist-packages/metric_msgs/msg'...
Compiling '/home/adam/Desktop/SBSN/ros2_ws/install/metric_msgs/local/lib/python3.10/dist-packages/metric_msgs/msg/__init__.py'...
Compiling '/home/adam/Desktop/SBSN/ros2_ws/install/metric_msgs/local/lib/python3.10/dist-packages/metric_msgs/msg/_trial_info.py'...
-- Installing: /home/adam/Desktop/SBSN/ros2_ws/install/metric_msgs/local/lib/python3.10/dist-packages/metric_msgs/metric_msgs_s__rosidl_typesupport_fastrtps_c.cpython-310-x86_64-linux-gnu.so
-- Set non-toolchain portion of runtime path of "/home/adam/Desktop/SBSN/ros2_ws/install/metric_msgs/local/lib/python3.10/dist-packages/metric_msgs/metric_msgs_s__rosidl_typesupport_fastrtps_c.cpython-310-x86_64-linux-gnu.so" to ""
-- Installing: /home/adam/Desktop/SBSN/ros2_ws/install/metric_msgs/local/lib/python3.10/dist-packages/metric_msgs/metric_msgs_s__rosidl_typesupport_introspection_c.cpython-310-x86_64-linux-gnu.so
-- Set non-toolchain portion of runtime path of "/home/adam/Desktop/SBSN/ros2_ws/install/metric_msgs/local/lib/python3.10/dist-packages/metric_msgs/metric_msgs_s__rosidl_typesupport_introspection_c.cpython-310-x86_64-linux-gnu.so" to ""
-- Installing: /home/adam/Desktop/SBSN/ros2_ws/install/metric_msgs/local/lib/python3.10/dist-packages/metric_msgs/metric_msgs_s__rosidl_typesupport_c.cpython-310-x86_64-linux-gnu.so
-- Set non-toolchain portion of runtime path of "/home/adam/Desktop/SBSN/ros2_ws/install/metric_msgs/local/lib/python3.10/dist-packages/metric_msgs/metric_msgs_s__rosidl_typesupport_c.cpython-310-x86_64-linux-gnu.so" to ""
-- Installing: /home/adam/Desktop/SBSN/ros2_ws/install/metric_msgs/lib/libmetric_msgs__rosidl_generator_py.so
-- Set non-toolchain portion of runtime path of "/home/adam/Desktop/SBSN/ros2_ws/install/metric_msgs/lib/libmetric_msgs__rosidl_generator_py.so" to ""
-- Installing: /home/adam/Desktop/SBSN/ros2_ws/install/metric_msgs/share/metric_msgs/msg/TrialInfo.idl
-- Installing: /home/adam/Desktop/SBSN/ros2_ws/install/metric_msgs/share/metric_msgs/msg/TrialInfo.msg
-- Installing: /home/adam/Desktop/SBSN/ros2_ws/install/metric_msgs/share/metric_msgs/bridge_mapping.yaml
-- Installing: /home/adam/Desktop/SBSN/ros2_ws/install/metric_msgs/share/ament_index/resource_index/package_run_dependencies/metric_msgs
-- Installing: /home/adam/Desktop/SBSN/ros2_ws/install/metric_msgs/share/ament_index/resource_index/parent_prefix_path/metric_msgs
-- Installing: /home/adam/Desktop/SBSN/ros2_ws/install/metric_msgs/share/metric_msgs/environment/ament_prefix_path.sh
-- Installing: /home/adam/Desktop/SBSN/ros2_ws/install/metric_msgs/share/metric_msgs/environment/ament_prefix_path.dsv
-- Installing: /home/adam/Desktop/SBSN/ros2_ws/install/metric_msgs/share/metric_msgs/environment/path.sh
-- Installing: /home/adam/Desktop/SBSN/ros2_ws/install/metric_msgs/share/metric_msgs/environment/path.dsv
-- Installing: /home/adam/Desktop/SBSN/ros2_ws/install/metric_msgs/share/metric_msgs/local_setup.bash
-- Installing: /home/adam/Desktop/SBSN/ros2_ws/install/metric_msgs/share/metric_msgs/local_setup.sh
-- Installing: /home/adam/Desktop/SBSN/ros2_ws/install/metric_msgs/share/metric_msgs/local_setup.zsh
-- Installing: /home/adam/Desktop/SBSN/ros2_ws/install/metric_msgs/share/metric_msgs/local_setup.dsv
-- Installing: /home/adam/Desktop/SBSN/ros2_ws/install/metric_msgs/share/metric_msgs/package.dsv
-- Installing: /home/adam/Desktop/SBSN/ros2_ws/install/metric_msgs/share/ament_index/resource_index/packages/metric_msgs
-- Installing: /home/adam/Desktop/SBSN/ros2_ws/install/metric_msgs/share/metric_msgs/cmake/export_metric_msgs__rosidl_generator_cExport.cmake
-- Installing: /home/adam/Desktop/SBSN/ros2_ws/install/metric_msgs/share/metric_msgs/cmake/export_metric_msgs__rosidl_generator_cExport-release.cmake
-- Installing: /home/adam/Desktop/SBSN/ros2_ws/install/metric_msgs/share/metric_msgs/cmake/export_metric_msgs__rosidl_typesupport_fastrtps_cExport.cmake
-- Installing: /home/adam/Desktop/SBSN/ros2_ws/install/metric_msgs/share/metric_msgs/cmake/export_metric_msgs__rosidl_typesupport_fastrtps_cExport-release.cmake
-- Installing: /home/adam/Desktop/SBSN/ros2_ws/install/metric_msgs/share/metric_msgs/cmake/export_metric_msgs__rosidl_generator_cppExport.cmake
-- Installing: /home/adam/Desktop/SBSN/ros2_ws/install/metric_msgs/share/metric_msgs/cmake/export_metric_msgs__rosidl_typesupport_fastrtps_cppExport.cmake
-- Installing: /home/adam/Desktop/SBSN/ros2_ws/install/metric_msgs/share/metric_msgs/cmake/export_metric_msgs__rosidl_typesupport_fastrtps_cppExport-release.cmake
-- Installing: /home/adam/Desktop/SBSN/ros2_ws/install/metric_msgs/share/metric_msgs/cmake/metric_msgs__rosidl_typesupport_introspection_cExport.cmake
-- Installing: /home/adam/Desktop/SBSN/ros2_ws/install/metric_msgs/share/metric_msgs/cmake/metric_msgs__rosidl_typesupport_introspection_cExport-release.cmake
-- Installing: /home/adam/Desktop/SBSN/ros2_ws/install/metric_msgs/share/metric_msgs/cmake/metric_msgs__rosidl_typesupport_cExport.cmake
-- Installing: /home/adam/Desktop/SBSN/ros2_ws/install/metric_msgs/share/metric_msgs/cmake/metric_msgs__rosidl_typesupport_cExport-release.cmake
-- Installing: /home/adam/Desktop/SBSN/ros2_ws/install/metric_msgs/share/metric_msgs/cmake/metric_msgs__rosidl_typesupport_introspection_cppExport.cmake
-- Installing: /home/adam/Desktop/SBSN/ros2_ws/install/metric_msgs/share/metric_msgs/cmake/metric_msgs__rosidl_typesupport_introspection_cppExport-release.cmake
-- Installing: /home/adam/Desktop/SBSN/ros2_ws/install/metric_msgs/share/metric_msgs/cmake/metric_msgs__rosidl_typesupport_cppExport.cmake
-- Installing: /home/adam/Desktop/SBSN/ros2_ws/install/metric_msgs/share/metric_msgs/cmake/metric_msgs__rosidl_typesupport_cppExport-release.cmake
-- Installing: /home/adam/Desktop/SBSN/ros2_ws/install/metric_msgs/share/metric_msgs/cmake/export_metric_msgs__rosidl_generator_pyExport.cmake
-- Installing: /home/adam/Desktop/SBSN/ros2_ws/install/metric_msgs/share/metric_msgs/cmake/export_metric_msgs__rosidl_generator_pyExport-release.cmake
-- Installing: /home/adam/Desktop/SBSN/ros2_ws/install/metric_msgs/share/metric_msgs/cmake/rosidl_cmake-extras.cmake
-- Installing: /home/adam/Desktop/SBSN/ros2_ws/install/metric_msgs/share/metric_msgs/cmake/ament_cmake_export_dependencies-extras.cmake
-- Installing: /home/adam/Desktop/SBSN/ros2_ws/install/metric_msgs/share/metric_msgs/cmake/ament_cmake_export_include_directories-extras.cmake
-- Installing: /home/adam/Desktop/SBSN/ros2_ws/install/metric_msgs/share/metric_msgs/cmake/ament_cmake_export_libraries-extras.cmake
-- Installing: /home/adam/Desktop/SBSN/ros2_ws/install/metric_msgs/share/metric_msgs/cmake/ament_cmake_export_targets-extras.cmake
-- Installing: /home/adam/Desktop/SBSN/ros2_ws/install/metric_msgs/share/metric_msgs/cmake/rosidl_cmake_export_typesupport_targets-extras.cmake
-- Installing: /home/adam/Desktop/SBSN/ros2_ws/install/metric_msgs/share/metric_msgs/cmake/rosidl_cmake_export_typesupport_libraries-extras.cmake
-- Installing: /home/adam/Desktop/SBSN/ros2_ws/install/metric_msgs/share/metric_msgs/cmake/metric_msgsConfig.cmake
-- Installing: /home/adam/Desktop/SBSN/ros2_ws/install/metric_msgs/share/metric_msgs/cmake/metric_msgsConfig-version.cmake
-- Installing: /home/adam/Desktop/SBSN/ros2_ws/install/metric_msgs/share/metric_msgs/package.xml
