[0.042s] Invoking command in '/home/adam/Desktop/SBSN/ros2_ws/build/graph_msgs': CMAKE_PREFIX_PATH=/opt/ros/humble /home/adam/.local/bin/cmake --build /home/adam/Desktop/SBSN/ros2_ws/build/graph_msgs -- -j16 -l16
[0.386s] [  2%] Built target graph_msgs__cpp
[0.386s] [ 12%] Built target graph_msgs__rosidl_generator_c
[0.386s] [ 12%] Built target ament_cmake_python_copy_graph_msgs
[0.386s] [ 23%] Built target graph_msgs__rosidl_typesupport_cpp
[0.386s] [ 34%] Built target graph_msgs__rosidl_typesupport_fastrtps_cpp
[0.386s] [ 44%] Built target graph_msgs__rosidl_typesupport_introspection_cpp
[0.386s] [ 55%] Built target graph_msgs__rosidl_typesupport_introspection_c
[0.386s] [ 65%] Built target graph_msgs__rosidl_typesupport_fastrtps_c
[0.387s] [ 76%] Built target graph_msgs__rosidl_typesupport_c
[0.387s] [ 76%] Built target graph_msgs
[0.387s] [ 78%] Built target graph_msgs__py
[0.387s] [ 87%] Built target graph_msgs__rosidl_generator_py
[0.387s] [ 95%] Built target graph_msgs__rosidl_typesupport_c__pyext
[0.387s] [ 95%] Built target graph_msgs__rosidl_typesupport_fastrtps_c__pyext
[0.387s] [100%] Built target graph_msgs__rosidl_typesupport_introspection_c__pyext
[0.539s] running egg_info
[0.539s] writing graph_msgs.egg-info/PKG-INFO
[0.539s] writing dependency_links to graph_msgs.egg-info/dependency_links.txt
[0.540s] writing top-level names to graph_msgs.egg-info/top_level.txt
[0.548s] reading manifest file 'graph_msgs.egg-info/SOURCES.txt'
[0.548s] writing manifest file 'graph_msgs.egg-info/SOURCES.txt'
[0.593s] [100%] Built target ament_cmake_python_build_graph_msgs_egg
[0.668s] Invoked command in '/home/adam/Desktop/SBSN/ros2_ws/build/graph_msgs' returned '0': CMAKE_PREFIX_PATH=/opt/ros/humble /home/adam/.local/bin/cmake --build /home/adam/Desktop/SBSN/ros2_ws/build/graph_msgs -- -j16 -l16
[0.918s] Invoking command in '/home/adam/Desktop/SBSN/ros2_ws/build/graph_msgs': CMAKE_PREFIX_PATH=/opt/ros/humble /home/adam/.local/bin/cmake --install /home/adam/Desktop/SBSN/ros2_ws/build/graph_msgs
[1.014s] -- Install configuration: "Release"
[1.014s] -- Up-to-date: /home/adam/Desktop/SBSN/ros2_ws/install/graph_msgs/share/ament_index/resource_index/rosidl_interfaces/graph_msgs
[1.014s] -- Up-to-date: /home/adam/Desktop/SBSN/ros2_ws/install/graph_msgs/include/graph_msgs/graph_msgs
[1.014s] -- Up-to-date: /home/adam/Desktop/SBSN/ros2_ws/install/graph_msgs/include/graph_msgs/graph_msgs/msg
[1.014s] -- Up-to-date: /home/adam/Desktop/SBSN/ros2_ws/install/graph_msgs/include/graph_msgs/graph_msgs/msg/graph_node.h
[1.014s] -- Up-to-date: /home/adam/Desktop/SBSN/ros2_ws/install/graph_msgs/include/graph_msgs/graph_msgs/msg/graph_edge.h
[1.014s] -- Up-to-date: /home/adam/Desktop/SBSN/ros2_ws/install/graph_msgs/include/graph_msgs/graph_msgs/msg/graph_nav.h
[1.014s] -- Up-to-date: /home/adam/Desktop/SBSN/ros2_ws/install/graph_msgs/include/graph_msgs/graph_msgs/msg/detail
[1.014s] -- Up-to-date: /home/adam/Desktop/SBSN/ros2_ws/install/graph_msgs/include/graph_msgs/graph_msgs/msg/detail/graph_node__type_support.h
[1.015s] -- Up-to-date: /home/adam/Desktop/SBSN/ros2_ws/install/graph_msgs/include/graph_msgs/graph_msgs/msg/detail/graph_nav__functions.c
[1.015s] -- Up-to-date: /home/adam/Desktop/SBSN/ros2_ws/install/graph_msgs/include/graph_msgs/graph_msgs/msg/detail/graph_node__functions.c
[1.015s] -- Up-to-date: /home/adam/Desktop/SBSN/ros2_ws/install/graph_msgs/include/graph_msgs/graph_msgs/msg/detail/graph_edge__functions.h
[1.015s] -- Up-to-date: /home/adam/Desktop/SBSN/ros2_ws/install/graph_msgs/include/graph_msgs/graph_msgs/msg/detail/graph_edge__functions.c
[1.015s] -- Up-to-date: /home/adam/Desktop/SBSN/ros2_ws/install/graph_msgs/include/graph_msgs/graph_msgs/msg/detail/graph_node__struct.h
[1.015s] -- Up-to-date: /home/adam/Desktop/SBSN/ros2_ws/install/graph_msgs/include/graph_msgs/graph_msgs/msg/detail/graph_nav__functions.h
[1.015s] -- Up-to-date: /home/adam/Desktop/SBSN/ros2_ws/install/graph_msgs/include/graph_msgs/graph_msgs/msg/detail/graph_nav__type_support.h
[1.016s] -- Up-to-date: /home/adam/Desktop/SBSN/ros2_ws/install/graph_msgs/include/graph_msgs/graph_msgs/msg/detail/graph_node__functions.h
[1.016s] -- Up-to-date: /home/adam/Desktop/SBSN/ros2_ws/install/graph_msgs/include/graph_msgs/graph_msgs/msg/detail/graph_edge__type_support.h
[1.017s] -- Up-to-date: /home/adam/Desktop/SBSN/ros2_ws/install/graph_msgs/include/graph_msgs/graph_msgs/msg/detail/graph_edge__struct.h
[1.017s] -- Up-to-date: /home/adam/Desktop/SBSN/ros2_ws/install/graph_msgs/include/graph_msgs/graph_msgs/msg/detail/graph_nav__struct.h
[1.017s] -- Up-to-date: /home/adam/Desktop/SBSN/ros2_ws/install/graph_msgs/include/graph_msgs/graph_msgs/msg/rosidl_generator_c__visibility_control.h
[1.017s] -- Up-to-date: /home/adam/Desktop/SBSN/ros2_ws/install/graph_msgs/share/graph_msgs/environment/library_path.sh
[1.017s] -- Up-to-date: /home/adam/Desktop/SBSN/ros2_ws/install/graph_msgs/share/graph_msgs/environment/library_path.dsv
[1.017s] -- Up-to-date: /home/adam/Desktop/SBSN/ros2_ws/install/graph_msgs/lib/libgraph_msgs__rosidl_generator_c.so
[1.017s] -- Up-to-date: /home/adam/Desktop/SBSN/ros2_ws/install/graph_msgs/include/graph_msgs/graph_msgs
[1.017s] -- Up-to-date: /home/adam/Desktop/SBSN/ros2_ws/install/graph_msgs/include/graph_msgs/graph_msgs/msg
[1.018s] -- Up-to-date: /home/adam/Desktop/SBSN/ros2_ws/install/graph_msgs/include/graph_msgs/graph_msgs/msg/rosidl_typesupport_fastrtps_c__visibility_control.h
[1.018s] -- Up-to-date: /home/adam/Desktop/SBSN/ros2_ws/install/graph_msgs/include/graph_msgs/graph_msgs/msg/detail
[1.018s] -- Up-to-date: /home/adam/Desktop/SBSN/ros2_ws/install/graph_msgs/include/graph_msgs/graph_msgs/msg/detail/graph_edge__rosidl_typesupport_fastrtps_c.h
[1.018s] -- Up-to-date: /home/adam/Desktop/SBSN/ros2_ws/install/graph_msgs/include/graph_msgs/graph_msgs/msg/detail/graph_node__rosidl_typesupport_fastrtps_c.h
[1.018s] -- Up-to-date: /home/adam/Desktop/SBSN/ros2_ws/install/graph_msgs/include/graph_msgs/graph_msgs/msg/detail/graph_nav__rosidl_typesupport_fastrtps_c.h
[1.018s] -- Up-to-date: /home/adam/Desktop/SBSN/ros2_ws/install/graph_msgs/lib/libgraph_msgs__rosidl_typesupport_fastrtps_c.so
[1.018s] -- Up-to-date: /home/adam/Desktop/SBSN/ros2_ws/install/graph_msgs/include/graph_msgs/graph_msgs
[1.018s] -- Up-to-date: /home/adam/Desktop/SBSN/ros2_ws/install/graph_msgs/include/graph_msgs/graph_msgs/msg
[1.018s] -- Up-to-date: /home/adam/Desktop/SBSN/ros2_ws/install/graph_msgs/include/graph_msgs/graph_msgs/msg/graph_edge.hpp
[1.018s] -- Up-to-date: /home/adam/Desktop/SBSN/ros2_ws/install/graph_msgs/include/graph_msgs/graph_msgs/msg/graph_nav.hpp
[1.018s] -- Up-to-date: /home/adam/Desktop/SBSN/ros2_ws/install/graph_msgs/include/graph_msgs/graph_msgs/msg/graph_node.hpp
[1.018s] -- Up-to-date: /home/adam/Desktop/SBSN/ros2_ws/install/graph_msgs/include/graph_msgs/graph_msgs/msg/detail
[1.018s] -- Up-to-date: /home/adam/Desktop/SBSN/ros2_ws/install/graph_msgs/include/graph_msgs/graph_msgs/msg/detail/graph_nav__builder.hpp
[1.018s] -- Up-to-date: /home/adam/Desktop/SBSN/ros2_ws/install/graph_msgs/include/graph_msgs/graph_msgs/msg/detail/graph_node__builder.hpp
[1.019s] -- Up-to-date: /home/adam/Desktop/SBSN/ros2_ws/install/graph_msgs/include/graph_msgs/graph_msgs/msg/detail/graph_nav__traits.hpp
[1.019s] -- Up-to-date: /home/adam/Desktop/SBSN/ros2_ws/install/graph_msgs/include/graph_msgs/graph_msgs/msg/detail/graph_node__traits.hpp
[1.019s] -- Up-to-date: /home/adam/Desktop/SBSN/ros2_ws/install/graph_msgs/include/graph_msgs/graph_msgs/msg/detail/graph_edge__builder.hpp
[1.019s] -- Up-to-date: /home/adam/Desktop/SBSN/ros2_ws/install/graph_msgs/include/graph_msgs/graph_msgs/msg/detail/graph_nav__struct.hpp
[1.019s] -- Up-to-date: /home/adam/Desktop/SBSN/ros2_ws/install/graph_msgs/include/graph_msgs/graph_msgs/msg/detail/graph_node__struct.hpp
[1.019s] -- Up-to-date: /home/adam/Desktop/SBSN/ros2_ws/install/graph_msgs/include/graph_msgs/graph_msgs/msg/detail/graph_edge__struct.hpp
[1.019s] -- Up-to-date: /home/adam/Desktop/SBSN/ros2_ws/install/graph_msgs/include/graph_msgs/graph_msgs/msg/detail/graph_edge__traits.hpp
[1.019s] -- Up-to-date: /home/adam/Desktop/SBSN/ros2_ws/install/graph_msgs/include/graph_msgs/graph_msgs
[1.019s] -- Up-to-date: /home/adam/Desktop/SBSN/ros2_ws/install/graph_msgs/include/graph_msgs/graph_msgs/msg
[1.019s] -- Up-to-date: /home/adam/Desktop/SBSN/ros2_ws/install/graph_msgs/include/graph_msgs/graph_msgs/msg/rosidl_typesupport_fastrtps_cpp__visibility_control.h
[1.019s] -- Up-to-date: /home/adam/Desktop/SBSN/ros2_ws/install/graph_msgs/include/graph_msgs/graph_msgs/msg/detail
[1.019s] -- Up-to-date: /home/adam/Desktop/SBSN/ros2_ws/install/graph_msgs/include/graph_msgs/graph_msgs/msg/detail/graph_node__rosidl_typesupport_fastrtps_cpp.hpp
[1.019s] -- Up-to-date: /home/adam/Desktop/SBSN/ros2_ws/install/graph_msgs/include/graph_msgs/graph_msgs/msg/detail/graph_edge__rosidl_typesupport_fastrtps_cpp.hpp
[1.019s] -- Up-to-date: /home/adam/Desktop/SBSN/ros2_ws/install/graph_msgs/include/graph_msgs/graph_msgs/msg/detail/graph_nav__rosidl_typesupport_fastrtps_cpp.hpp
[1.019s] -- Up-to-date: /home/adam/Desktop/SBSN/ros2_ws/install/graph_msgs/include/graph_msgs/graph_msgs/msg/detail/dds_fastrtps
[1.020s] -- Up-to-date: /home/adam/Desktop/SBSN/ros2_ws/install/graph_msgs/lib/libgraph_msgs__rosidl_typesupport_fastrtps_cpp.so
[1.020s] -- Up-to-date: /home/adam/Desktop/SBSN/ros2_ws/install/graph_msgs/include/graph_msgs/graph_msgs
[1.020s] -- Up-to-date: /home/adam/Desktop/SBSN/ros2_ws/install/graph_msgs/include/graph_msgs/graph_msgs/msg
[1.020s] -- Up-to-date: /home/adam/Desktop/SBSN/ros2_ws/install/graph_msgs/include/graph_msgs/graph_msgs/msg/detail
[1.020s] -- Up-to-date: /home/adam/Desktop/SBSN/ros2_ws/install/graph_msgs/include/graph_msgs/graph_msgs/msg/detail/graph_edge__type_support.c
[1.020s] -- Up-to-date: /home/adam/Desktop/SBSN/ros2_ws/install/graph_msgs/include/graph_msgs/graph_msgs/msg/detail/graph_node__type_support.c
[1.020s] -- Up-to-date: /home/adam/Desktop/SBSN/ros2_ws/install/graph_msgs/include/graph_msgs/graph_msgs/msg/detail/graph_edge__rosidl_typesupport_introspection_c.h
[1.020s] -- Up-to-date: /home/adam/Desktop/SBSN/ros2_ws/install/graph_msgs/include/graph_msgs/graph_msgs/msg/detail/graph_nav__type_support.c
[1.020s] -- Up-to-date: /home/adam/Desktop/SBSN/ros2_ws/install/graph_msgs/include/graph_msgs/graph_msgs/msg/detail/graph_nav__rosidl_typesupport_introspection_c.h
[1.020s] -- Up-to-date: /home/adam/Desktop/SBSN/ros2_ws/install/graph_msgs/include/graph_msgs/graph_msgs/msg/detail/graph_node__rosidl_typesupport_introspection_c.h
[1.020s] -- Up-to-date: /home/adam/Desktop/SBSN/ros2_ws/install/graph_msgs/include/graph_msgs/graph_msgs/msg/rosidl_typesupport_introspection_c__visibility_control.h
[1.020s] -- Up-to-date: /home/adam/Desktop/SBSN/ros2_ws/install/graph_msgs/lib/libgraph_msgs__rosidl_typesupport_introspection_c.so
[1.024s] -- Up-to-date: /home/adam/Desktop/SBSN/ros2_ws/install/graph_msgs/lib/libgraph_msgs__rosidl_typesupport_c.so
[1.025s] -- Up-to-date: /home/adam/Desktop/SBSN/ros2_ws/install/graph_msgs/include/graph_msgs/graph_msgs
[1.025s] -- Up-to-date: /home/adam/Desktop/SBSN/ros2_ws/install/graph_msgs/include/graph_msgs/graph_msgs/msg
[1.025s] -- Up-to-date: /home/adam/Desktop/SBSN/ros2_ws/install/graph_msgs/include/graph_msgs/graph_msgs/msg/detail
[1.025s] -- Up-to-date: /home/adam/Desktop/SBSN/ros2_ws/install/graph_msgs/include/graph_msgs/graph_msgs/msg/detail/graph_node__type_support.cpp
[1.025s] -- Up-to-date: /home/adam/Desktop/SBSN/ros2_ws/install/graph_msgs/include/graph_msgs/graph_msgs/msg/detail/graph_nav__type_support.cpp
[1.025s] -- Up-to-date: /home/adam/Desktop/SBSN/ros2_ws/install/graph_msgs/include/graph_msgs/graph_msgs/msg/detail/graph_edge__rosidl_typesupport_introspection_cpp.hpp
[1.025s] -- Up-to-date: /home/adam/Desktop/SBSN/ros2_ws/install/graph_msgs/include/graph_msgs/graph_msgs/msg/detail/graph_edge__type_support.cpp
[1.025s] -- Up-to-date: /home/adam/Desktop/SBSN/ros2_ws/install/graph_msgs/include/graph_msgs/graph_msgs/msg/detail/graph_nav__rosidl_typesupport_introspection_cpp.hpp
[1.025s] -- Up-to-date: /home/adam/Desktop/SBSN/ros2_ws/install/graph_msgs/include/graph_msgs/graph_msgs/msg/detail/graph_node__rosidl_typesupport_introspection_cpp.hpp
[1.026s] -- Up-to-date: /home/adam/Desktop/SBSN/ros2_ws/install/graph_msgs/lib/libgraph_msgs__rosidl_typesupport_introspection_cpp.so
[1.026s] -- Up-to-date: /home/adam/Desktop/SBSN/ros2_ws/install/graph_msgs/lib/libgraph_msgs__rosidl_typesupport_cpp.so
[1.026s] -- Up-to-date: /home/adam/Desktop/SBSN/ros2_ws/install/graph_msgs/share/graph_msgs/environment/pythonpath.sh
[1.026s] -- Up-to-date: /home/adam/Desktop/SBSN/ros2_ws/install/graph_msgs/share/graph_msgs/environment/pythonpath.dsv
[1.026s] -- Up-to-date: /home/adam/Desktop/SBSN/ros2_ws/install/graph_msgs/local/lib/python3.10/dist-packages/graph_msgs-0.0.0-py3.10.egg-info
[1.026s] -- Installing: /home/adam/Desktop/SBSN/ros2_ws/install/graph_msgs/local/lib/python3.10/dist-packages/graph_msgs-0.0.0-py3.10.egg-info/dependency_links.txt
[1.028s] -- Installing: /home/adam/Desktop/SBSN/ros2_ws/install/graph_msgs/local/lib/python3.10/dist-packages/graph_msgs-0.0.0-py3.10.egg-info/SOURCES.txt
[1.028s] -- Installing: /home/adam/Desktop/SBSN/ros2_ws/install/graph_msgs/local/lib/python3.10/dist-packages/graph_msgs-0.0.0-py3.10.egg-info/PKG-INFO
[1.028s] -- Installing: /home/adam/Desktop/SBSN/ros2_ws/install/graph_msgs/local/lib/python3.10/dist-packages/graph_msgs-0.0.0-py3.10.egg-info/top_level.txt
[1.028s] -- Up-to-date: /home/adam/Desktop/SBSN/ros2_ws/install/graph_msgs/local/lib/python3.10/dist-packages/graph_msgs
[1.028s] -- Up-to-date: /home/adam/Desktop/SBSN/ros2_ws/install/graph_msgs/local/lib/python3.10/dist-packages/graph_msgs/libgraph_msgs__rosidl_generator_py.so
[1.028s] -- Up-to-date: /home/adam/Desktop/SBSN/ros2_ws/install/graph_msgs/local/lib/python3.10/dist-packages/graph_msgs/_graph_msgs_s.ep.rosidl_typesupport_fastrtps_c.c
[1.029s] -- Up-to-date: /home/adam/Desktop/SBSN/ros2_ws/install/graph_msgs/local/lib/python3.10/dist-packages/graph_msgs/_graph_msgs_s.ep.rosidl_typesupport_c.c
[1.029s] -- Up-to-date: /home/adam/Desktop/SBSN/ros2_ws/install/graph_msgs/local/lib/python3.10/dist-packages/graph_msgs/msg
[1.029s] -- Up-to-date: /home/adam/Desktop/SBSN/ros2_ws/install/graph_msgs/local/lib/python3.10/dist-packages/graph_msgs/msg/_graph_node_s.c
[1.029s] -- Up-to-date: /home/adam/Desktop/SBSN/ros2_ws/install/graph_msgs/local/lib/python3.10/dist-packages/graph_msgs/msg/_graph_node.py
[1.029s] -- Up-to-date: /home/adam/Desktop/SBSN/ros2_ws/install/graph_msgs/local/lib/python3.10/dist-packages/graph_msgs/msg/_graph_nav.py
[1.029s] -- Up-to-date: /home/adam/Desktop/SBSN/ros2_ws/install/graph_msgs/local/lib/python3.10/dist-packages/graph_msgs/msg/_graph_edge_s.c
[1.029s] -- Up-to-date: /home/adam/Desktop/SBSN/ros2_ws/install/graph_msgs/local/lib/python3.10/dist-packages/graph_msgs/msg/_graph_edge.py
[1.029s] -- Up-to-date: /home/adam/Desktop/SBSN/ros2_ws/install/graph_msgs/local/lib/python3.10/dist-packages/graph_msgs/msg/__init__.py
[1.029s] -- Up-to-date: /home/adam/Desktop/SBSN/ros2_ws/install/graph_msgs/local/lib/python3.10/dist-packages/graph_msgs/msg/_graph_nav_s.c
[1.029s] -- Up-to-date: /home/adam/Desktop/SBSN/ros2_ws/install/graph_msgs/local/lib/python3.10/dist-packages/graph_msgs/graph_msgs_s__rosidl_typesupport_c.cpython-310-x86_64-linux-gnu.so
[1.029s] -- Up-to-date: /home/adam/Desktop/SBSN/ros2_ws/install/graph_msgs/local/lib/python3.10/dist-packages/graph_msgs/__init__.py
[1.029s] -- Up-to-date: /home/adam/Desktop/SBSN/ros2_ws/install/graph_msgs/local/lib/python3.10/dist-packages/graph_msgs/_graph_msgs_s.ep.rosidl_typesupport_introspection_c.c
[1.030s] -- Up-to-date: /home/adam/Desktop/SBSN/ros2_ws/install/graph_msgs/local/lib/python3.10/dist-packages/graph_msgs/graph_msgs_s__rosidl_typesupport_introspection_c.cpython-310-x86_64-linux-gnu.so
[1.030s] -- Up-to-date: /home/adam/Desktop/SBSN/ros2_ws/install/graph_msgs/local/lib/python3.10/dist-packages/graph_msgs/graph_msgs_s__rosidl_typesupport_fastrtps_c.cpython-310-x86_64-linux-gnu.so
[1.046s] Listing '/home/adam/Desktop/SBSN/ros2_ws/install/graph_msgs/local/lib/python3.10/dist-packages/graph_msgs'...
[1.047s] Listing '/home/adam/Desktop/SBSN/ros2_ws/install/graph_msgs/local/lib/python3.10/dist-packages/graph_msgs/msg'...
[1.051s] -- Up-to-date: /home/adam/Desktop/SBSN/ros2_ws/install/graph_msgs/local/lib/python3.10/dist-packages/graph_msgs/graph_msgs_s__rosidl_typesupport_fastrtps_c.cpython-310-x86_64-linux-gnu.so
[1.051s] -- Up-to-date: /home/adam/Desktop/SBSN/ros2_ws/install/graph_msgs/local/lib/python3.10/dist-packages/graph_msgs/graph_msgs_s__rosidl_typesupport_introspection_c.cpython-310-x86_64-linux-gnu.so
[1.051s] -- Up-to-date: /home/adam/Desktop/SBSN/ros2_ws/install/graph_msgs/local/lib/python3.10/dist-packages/graph_msgs/graph_msgs_s__rosidl_typesupport_c.cpython-310-x86_64-linux-gnu.so
[1.052s] -- Up-to-date: /home/adam/Desktop/SBSN/ros2_ws/install/graph_msgs/lib/libgraph_msgs__rosidl_generator_py.so
[1.055s] -- Up-to-date: /home/adam/Desktop/SBSN/ros2_ws/install/graph_msgs/share/graph_msgs/msg/GraphNode.idl
[1.056s] -- Up-to-date: /home/adam/Desktop/SBSN/ros2_ws/install/graph_msgs/share/graph_msgs/msg/GraphNav.idl
[1.056s] -- Up-to-date: /home/adam/Desktop/SBSN/ros2_ws/install/graph_msgs/share/graph_msgs/msg/GraphEdge.idl
[1.056s] -- Up-to-date: /home/adam/Desktop/SBSN/ros2_ws/install/graph_msgs/share/graph_msgs/msg/GraphNode.msg
[1.056s] -- Up-to-date: /home/adam/Desktop/SBSN/ros2_ws/install/graph_msgs/share/graph_msgs/msg/GraphNav.msg
[1.056s] -- Up-to-date: /home/adam/Desktop/SBSN/ros2_ws/install/graph_msgs/share/graph_msgs/msg/GraphEdge.msg
[1.056s] -- Up-to-date: /home/adam/Desktop/SBSN/ros2_ws/install/graph_msgs/share/graph_msgs/bridge_mapping.yaml
[1.056s] -- Up-to-date: /home/adam/Desktop/SBSN/ros2_ws/install/graph_msgs/share/ament_index/resource_index/package_run_dependencies/graph_msgs
[1.056s] -- Up-to-date: /home/adam/Desktop/SBSN/ros2_ws/install/graph_msgs/share/ament_index/resource_index/parent_prefix_path/graph_msgs
[1.056s] -- Up-to-date: /home/adam/Desktop/SBSN/ros2_ws/install/graph_msgs/share/graph_msgs/environment/ament_prefix_path.sh
[1.056s] -- Up-to-date: /home/adam/Desktop/SBSN/ros2_ws/install/graph_msgs/share/graph_msgs/environment/ament_prefix_path.dsv
[1.056s] -- Up-to-date: /home/adam/Desktop/SBSN/ros2_ws/install/graph_msgs/share/graph_msgs/environment/path.sh
[1.056s] -- Up-to-date: /home/adam/Desktop/SBSN/ros2_ws/install/graph_msgs/share/graph_msgs/environment/path.dsv
[1.056s] -- Up-to-date: /home/adam/Desktop/SBSN/ros2_ws/install/graph_msgs/share/graph_msgs/local_setup.bash
[1.056s] -- Up-to-date: /home/adam/Desktop/SBSN/ros2_ws/install/graph_msgs/share/graph_msgs/local_setup.sh
[1.056s] -- Up-to-date: /home/adam/Desktop/SBSN/ros2_ws/install/graph_msgs/share/graph_msgs/local_setup.zsh
[1.057s] -- Up-to-date: /home/adam/Desktop/SBSN/ros2_ws/install/graph_msgs/share/graph_msgs/local_setup.dsv
[1.057s] -- Installing: /home/adam/Desktop/SBSN/ros2_ws/install/graph_msgs/share/graph_msgs/package.dsv
[1.057s] -- Up-to-date: /home/adam/Desktop/SBSN/ros2_ws/install/graph_msgs/share/ament_index/resource_index/packages/graph_msgs
[1.057s] -- Up-to-date: /home/adam/Desktop/SBSN/ros2_ws/install/graph_msgs/share/graph_msgs/cmake/export_graph_msgs__rosidl_generator_cExport.cmake
[1.057s] -- Up-to-date: /home/adam/Desktop/SBSN/ros2_ws/install/graph_msgs/share/graph_msgs/cmake/export_graph_msgs__rosidl_generator_cExport-release.cmake
[1.057s] -- Up-to-date: /home/adam/Desktop/SBSN/ros2_ws/install/graph_msgs/share/graph_msgs/cmake/export_graph_msgs__rosidl_typesupport_fastrtps_cExport.cmake
[1.057s] -- Up-to-date: /home/adam/Desktop/SBSN/ros2_ws/install/graph_msgs/share/graph_msgs/cmake/export_graph_msgs__rosidl_typesupport_fastrtps_cExport-release.cmake
[1.057s] -- Up-to-date: /home/adam/Desktop/SBSN/ros2_ws/install/graph_msgs/share/graph_msgs/cmake/export_graph_msgs__rosidl_generator_cppExport.cmake
[1.057s] -- Up-to-date: /home/adam/Desktop/SBSN/ros2_ws/install/graph_msgs/share/graph_msgs/cmake/export_graph_msgs__rosidl_typesupport_fastrtps_cppExport.cmake
[1.059s] -- Up-to-date: /home/adam/Desktop/SBSN/ros2_ws/install/graph_msgs/share/graph_msgs/cmake/export_graph_msgs__rosidl_typesupport_fastrtps_cppExport-release.cmake
[1.059s] -- Up-to-date: /home/adam/Desktop/SBSN/ros2_ws/install/graph_msgs/share/graph_msgs/cmake/graph_msgs__rosidl_typesupport_introspection_cExport.cmake
[1.059s] -- Up-to-date: /home/adam/Desktop/SBSN/ros2_ws/install/graph_msgs/share/graph_msgs/cmake/graph_msgs__rosidl_typesupport_introspection_cExport-release.cmake
[1.059s] -- Up-to-date: /home/adam/Desktop/SBSN/ros2_ws/install/graph_msgs/share/graph_msgs/cmake/graph_msgs__rosidl_typesupport_cExport.cmake
[1.059s] -- Up-to-date: /home/adam/Desktop/SBSN/ros2_ws/install/graph_msgs/share/graph_msgs/cmake/graph_msgs__rosidl_typesupport_cExport-release.cmake
[1.059s] -- Up-to-date: /home/adam/Desktop/SBSN/ros2_ws/install/graph_msgs/share/graph_msgs/cmake/graph_msgs__rosidl_typesupport_introspection_cppExport.cmake
[1.059s] -- Up-to-date: /home/adam/Desktop/SBSN/ros2_ws/install/graph_msgs/share/graph_msgs/cmake/graph_msgs__rosidl_typesupport_introspection_cppExport-release.cmake
[1.060s] -- Up-to-date: /home/adam/Desktop/SBSN/ros2_ws/install/graph_msgs/share/graph_msgs/cmake/graph_msgs__rosidl_typesupport_cppExport.cmake
[1.060s] -- Up-to-date: /home/adam/Desktop/SBSN/ros2_ws/install/graph_msgs/share/graph_msgs/cmake/graph_msgs__rosidl_typesupport_cppExport-release.cmake
[1.060s] -- Up-to-date: /home/adam/Desktop/SBSN/ros2_ws/install/graph_msgs/share/graph_msgs/cmake/export_graph_msgs__rosidl_generator_pyExport.cmake
[1.060s] -- Up-to-date: /home/adam/Desktop/SBSN/ros2_ws/install/graph_msgs/share/graph_msgs/cmake/export_graph_msgs__rosidl_generator_pyExport-release.cmake
[1.060s] -- Up-to-date: /home/adam/Desktop/SBSN/ros2_ws/install/graph_msgs/share/graph_msgs/cmake/rosidl_cmake-extras.cmake
[1.062s] -- Up-to-date: /home/adam/Desktop/SBSN/ros2_ws/install/graph_msgs/share/graph_msgs/cmake/ament_cmake_export_dependencies-extras.cmake
[1.062s] -- Up-to-date: /home/adam/Desktop/SBSN/ros2_ws/install/graph_msgs/share/graph_msgs/cmake/ament_cmake_export_include_directories-extras.cmake
[1.062s] -- Up-to-date: /home/adam/Desktop/SBSN/ros2_ws/install/graph_msgs/share/graph_msgs/cmake/ament_cmake_export_libraries-extras.cmake
[1.062s] -- Up-to-date: /home/adam/Desktop/SBSN/ros2_ws/install/graph_msgs/share/graph_msgs/cmake/ament_cmake_export_targets-extras.cmake
[1.062s] -- Up-to-date: /home/adam/Desktop/SBSN/ros2_ws/install/graph_msgs/share/graph_msgs/cmake/rosidl_cmake_export_typesupport_targets-extras.cmake
[1.062s] -- Up-to-date: /home/adam/Desktop/SBSN/ros2_ws/install/graph_msgs/share/graph_msgs/cmake/rosidl_cmake_export_typesupport_libraries-extras.cmake
[1.062s] -- Up-to-date: /home/adam/Desktop/SBSN/ros2_ws/install/graph_msgs/share/graph_msgs/cmake/graph_msgsConfig.cmake
[1.063s] -- Up-to-date: /home/adam/Desktop/SBSN/ros2_ws/install/graph_msgs/share/graph_msgs/cmake/graph_msgsConfig-version.cmake
[1.063s] -- Up-to-date: /home/adam/Desktop/SBSN/ros2_ws/install/graph_msgs/share/graph_msgs/package.xml
[1.074s] Invoked command in '/home/adam/Desktop/SBSN/ros2_ws/build/graph_msgs' returned '0': CMAKE_PREFIX_PATH=/opt/ros/humble /home/adam/.local/bin/cmake --install /home/adam/Desktop/SBSN/ros2_ws/build/graph_msgs
