[0.355s] Invoking command in '/home/adam/Desktop/SBSN/ros2_ws/build/unity_sim': CMAKE_PREFIX_PATH=/opt/ros/humble /home/adam/.local/bin/cmake --build /home/adam/Desktop/SBSN/ros2_ws/build/unity_sim -- -j16 -l16
[0.513s] Built target ament_cmake_python_copy_unity_sim
[0.864s] running egg_info
[0.865s] writing unity_sim.egg-info/PKG-INFO
[0.865s] writing dependency_links to unity_sim.egg-info/dependency_links.txt
[0.865s] writing top-level names to unity_sim.egg-info/top_level.txt
[0.869s] reading manifest file 'unity_sim.egg-info/SOURCES.txt'
[0.870s] writing manifest file 'unity_sim.egg-info/SOURCES.txt'
[0.920s] Built target ament_cmake_python_build_unity_sim_egg
[0.952s] Invoked command in '/home/adam/Desktop/SBSN/ros2_ws/build/unity_sim' returned '0': CMAKE_PREFIX_PATH=/opt/ros/humble /home/adam/.local/bin/cmake --build /home/adam/Desktop/SBSN/ros2_ws/build/unity_sim -- -j16 -l16
[1.077s] Invoking command in '/home/adam/Desktop/SBSN/ros2_ws/build/unity_sim': CMAKE_PREFIX_PATH=/opt/ros/humble /home/adam/.local/bin/cmake --install /home/adam/Desktop/SBSN/ros2_ws/build/unity_sim
[1.162s] -- Install configuration: "Release"
[1.162s] -- Up-to-date: /home/adam/Desktop/SBSN/ros2_ws/install/unity_sim/share/unity_sim/environment/pythonpath.sh
[1.163s] -- Up-to-date: /home/adam/Desktop/SBSN/ros2_ws/install/unity_sim/share/unity_sim/environment/pythonpath.dsv
[1.163s] -- Up-to-date: /home/adam/Desktop/SBSN/ros2_ws/install/unity_sim/local/lib/python3.10/dist-packages/unity_sim-0.0.1-py3.10.egg-info
[1.163s] -- Installing: /home/adam/Desktop/SBSN/ros2_ws/install/unity_sim/local/lib/python3.10/dist-packages/unity_sim-0.0.1-py3.10.egg-info/dependency_links.txt
[1.163s] -- Installing: /home/adam/Desktop/SBSN/ros2_ws/install/unity_sim/local/lib/python3.10/dist-packages/unity_sim-0.0.1-py3.10.egg-info/SOURCES.txt
[1.163s] -- Installing: /home/adam/Desktop/SBSN/ros2_ws/install/unity_sim/local/lib/python3.10/dist-packages/unity_sim-0.0.1-py3.10.egg-info/PKG-INFO
[1.163s] -- Installing: /home/adam/Desktop/SBSN/ros2_ws/install/unity_sim/local/lib/python3.10/dist-packages/unity_sim-0.0.1-py3.10.egg-info/top_level.txt
[1.163s] -- Up-to-date: /home/adam/Desktop/SBSN/ros2_ws/install/unity_sim/local/lib/python3.10/dist-packages/unity_sim
[1.163s] -- Up-to-date: /home/adam/Desktop/SBSN/ros2_ws/install/unity_sim/local/lib/python3.10/dist-packages/unity_sim/__init__.py
[1.199s] Listing '/home/adam/Desktop/SBSN/ros2_ws/install/unity_sim/local/lib/python3.10/dist-packages/unity_sim'...
[1.205s] -- Up-to-date: /home/adam/Desktop/SBSN/ros2_ws/install/unity_sim/share/unity_sim//launch
[1.206s] -- Up-to-date: /home/adam/Desktop/SBSN/ros2_ws/install/unity_sim/share/unity_sim//launch/kuri_state_publisher.launch.py
[1.206s] -- Up-to-date: /home/adam/Desktop/SBSN/ros2_ws/install/unity_sim/share/unity_sim//launch/rviz.launch.py
[1.206s] -- Up-to-date: /home/adam/Desktop/SBSN/ros2_ws/install/unity_sim/share/unity_sim//launch/nav2.launch.py
[1.206s] -- Up-to-date: /home/adam/Desktop/SBSN/ros2_ws/install/unity_sim/share/unity_sim//launch/map_publisher.launch.py
[1.207s] -- Up-to-date: /home/adam/Desktop/SBSN/ros2_ws/install/unity_sim/share/unity_sim//maps
[1.207s] -- Up-to-date: /home/adam/Desktop/SBSN/ros2_ws/install/unity_sim/share/unity_sim//maps/open
[1.207s] -- Up-to-date: /home/adam/Desktop/SBSN/ros2_ws/install/unity_sim/share/unity_sim//maps/open/map_server_params.yaml
[1.207s] -- Up-to-date: /home/adam/Desktop/SBSN/ros2_ws/install/unity_sim/share/unity_sim//maps/open/map.yaml
[1.207s] -- Up-to-date: /home/adam/Desktop/SBSN/ros2_ws/install/unity_sim/share/unity_sim//maps/open/short_map.jpg
[1.207s] -- Up-to-date: /home/adam/Desktop/SBSN/ros2_ws/install/unity_sim/share/unity_sim//maps/hospital
[1.207s] -- Up-to-date: /home/adam/Desktop/SBSN/ros2_ws/install/unity_sim/share/unity_sim//maps/hospital/short_map.png
[1.207s] -- Up-to-date: /home/adam/Desktop/SBSN/ros2_ws/install/unity_sim/share/unity_sim//maps/hospital/map.yaml
[1.208s] -- Up-to-date: /home/adam/Desktop/SBSN/ros2_ws/install/unity_sim/share/unity_sim//maps/overtaking
[1.208s] -- Up-to-date: /home/adam/Desktop/SBSN/ros2_ws/install/unity_sim/share/unity_sim//maps/overtaking/map.yaml
[1.208s] -- Up-to-date: /home/adam/Desktop/SBSN/ros2_ws/install/unity_sim/share/unity_sim//maps/overtaking/short_map.jpg
[1.208s] -- Up-to-date: /home/adam/Desktop/SBSN/ros2_ws/install/unity_sim/share/unity_sim//maps/corner
[1.208s] -- Up-to-date: /home/adam/Desktop/SBSN/ros2_ws/install/unity_sim/share/unity_sim//maps/corner/map.yaml
[1.208s] -- Up-to-date: /home/adam/Desktop/SBSN/ros2_ws/install/unity_sim/share/unity_sim//maps/corner/short_map.jpg
[1.208s] -- Up-to-date: /home/adam/Desktop/SBSN/ros2_ws/install/unity_sim/share/unity_sim//maps/complete
[1.208s] -- Up-to-date: /home/adam/Desktop/SBSN/ros2_ws/install/unity_sim/share/unity_sim//maps/complete/short_map_hr.jpg
[1.208s] -- Up-to-date: /home/adam/Desktop/SBSN/ros2_ws/install/unity_sim/share/unity_sim//maps/complete/map_server_params.yaml
[1.208s] -- Up-to-date: /home/adam/Desktop/SBSN/ros2_ws/install/unity_sim/share/unity_sim//maps/complete/map.yaml
[1.208s] -- Up-to-date: /home/adam/Desktop/SBSN/ros2_ws/install/unity_sim/share/unity_sim//maps/complete/short_map.jpg
[1.208s] -- Up-to-date: /home/adam/Desktop/SBSN/ros2_ws/install/unity_sim/share/unity_sim//maps/corridor
[1.208s] -- Up-to-date: /home/adam/Desktop/SBSN/ros2_ws/install/unity_sim/share/unity_sim//maps/corridor/map.yaml
[1.209s] -- Up-to-date: /home/adam/Desktop/SBSN/ros2_ws/install/unity_sim/share/unity_sim//maps/corridor/short_map.jpg
[1.209s] -- Up-to-date: /home/adam/Desktop/SBSN/ros2_ws/install/unity_sim/share/unity_sim//maps/static
[1.209s] -- Up-to-date: /home/adam/Desktop/SBSN/ros2_ws/install/unity_sim/share/unity_sim//maps/static/map.yaml
[1.209s] -- Up-to-date: /home/adam/Desktop/SBSN/ros2_ws/install/unity_sim/share/unity_sim//maps/static/short_map.jpg
[1.209s] -- Up-to-date: /home/adam/Desktop/SBSN/ros2_ws/install/unity_sim/share/unity_sim//maps/intersection
[1.209s] -- Up-to-date: /home/adam/Desktop/SBSN/ros2_ws/install/unity_sim/share/unity_sim//maps/intersection/map.yaml
[1.209s] -- Up-to-date: /home/adam/Desktop/SBSN/ros2_ws/install/unity_sim/share/unity_sim//maps/intersection/short_map.jpg
[1.209s] -- Up-to-date: /home/adam/Desktop/SBSN/ros2_ws/install/unity_sim/share/unity_sim//maps/frontal
[1.209s] -- Up-to-date: /home/adam/Desktop/SBSN/ros2_ws/install/unity_sim/share/unity_sim//maps/frontal/map.yaml
[1.209s] -- Up-to-date: /home/adam/Desktop/SBSN/ros2_ws/install/unity_sim/share/unity_sim//maps/frontal/short_map.jpg
[1.210s] -- Up-to-date: /home/adam/Desktop/SBSN/ros2_ws/install/unity_sim/share/unity_sim//maps/door_passing
[1.210s] -- Up-to-date: /home/adam/Desktop/SBSN/ros2_ws/install/unity_sim/share/unity_sim//maps/door_passing/short_map.jpg~
[1.210s] -- Up-to-date: /home/adam/Desktop/SBSN/ros2_ws/install/unity_sim/share/unity_sim//maps/door_passing/map_server_params.yaml
[1.210s] -- Up-to-date: /home/adam/Desktop/SBSN/ros2_ws/install/unity_sim/share/unity_sim//maps/door_passing/map.yaml
[1.210s] -- Up-to-date: /home/adam/Desktop/SBSN/ros2_ws/install/unity_sim/share/unity_sim//maps/door_passing/short_map.jpg
[1.210s] -- Up-to-date: /home/adam/Desktop/SBSN/ros2_ws/install/unity_sim/share/unity_sim//maps/door_passing/short_map.jpg.kra
[1.210s] -- Up-to-date: /home/adam/Desktop/SBSN/ros2_ws/install/unity_sim/share/unity_sim//maps/test
[1.210s] -- Up-to-date: /home/adam/Desktop/SBSN/ros2_ws/install/unity_sim/share/unity_sim//maps/test/map_server_params.yaml
[1.210s] -- Up-to-date: /home/adam/Desktop/SBSN/ros2_ws/install/unity_sim/share/unity_sim//maps/test/map.yaml
[1.210s] -- Up-to-date: /home/adam/Desktop/SBSN/ros2_ws/install/unity_sim/share/unity_sim//maps/test/short_map.jpg
[1.210s] -- Up-to-date: /home/adam/Desktop/SBSN/ros2_ws/install/unity_sim/share/unity_sim//graphs
[1.210s] -- Up-to-date: /home/adam/Desktop/SBSN/ros2_ws/install/unity_sim/share/unity_sim//graphs/overtaking.pickle
[1.210s] -- Up-to-date: /home/adam/Desktop/SBSN/ros2_ws/install/unity_sim/share/unity_sim//graphs/hospital.pickle
[1.210s] -- Up-to-date: /home/adam/Desktop/SBSN/ros2_ws/install/unity_sim/share/unity_sim//graphs/static.pickle
[1.211s] -- Up-to-date: /home/adam/Desktop/SBSN/ros2_ws/install/unity_sim/share/unity_sim//graphs/frontal.pickle
[1.211s] -- Up-to-date: /home/adam/Desktop/SBSN/ros2_ws/install/unity_sim/share/unity_sim//graphs/corner.pickle
[1.211s] -- Up-to-date: /home/adam/Desktop/SBSN/ros2_ws/install/unity_sim/share/unity_sim//graphs/intersection.pickle
[1.211s] -- Up-to-date: /home/adam/Desktop/SBSN/ros2_ws/install/unity_sim/share/unity_sim//graphs/door_passing.pickle
[1.211s] -- Up-to-date: /home/adam/Desktop/SBSN/ros2_ws/install/unity_sim/share/unity_sim//urdf
[1.211s] -- Up-to-date: /home/adam/Desktop/SBSN/ros2_ws/install/unity_sim/share/unity_sim//urdf/materials.urdf.xacro
[1.211s] -- Up-to-date: /home/adam/Desktop/SBSN/ros2_ws/install/unity_sim/share/unity_sim//urdf/kuri2.urdf.xacro
[1.211s] -- Up-to-date: /home/adam/Desktop/SBSN/ros2_ws/install/unity_sim/share/unity_sim//urdf/sensors
[1.211s] -- Up-to-date: /home/adam/Desktop/SBSN/ros2_ws/install/unity_sim/share/unity_sim//urdf/sensors/pico_flexx.urdf.xacro
[1.211s] -- Up-to-date: /home/adam/Desktop/SBSN/ros2_ws/install/unity_sim/share/unity_sim//urdf/sensors/gazebo.accurate.urdf.xacro
[1.212s] -- Up-to-date: /home/adam/Desktop/SBSN/ros2_ws/install/unity_sim/share/unity_sim//urdf/sensors/us_inmach.urdf.xacro
[1.212s] -- Up-to-date: /home/adam/Desktop/SBSN/ros2_ws/install/unity_sim/share/unity_sim//urdf/sensors/gazebo.urdf.xacro
[1.212s] -- Up-to-date: /home/adam/Desktop/SBSN/ros2_ws/install/unity_sim/share/unity_sim//urdf/sensors/hokuyo.urdf.xacro
[1.212s] -- Up-to-date: /home/adam/Desktop/SBSN/ros2_ws/install/unity_sim/share/unity_sim//urdf/sensors/upward_camera.urdf.xacro
[1.212s] -- Up-to-date: /home/adam/Desktop/SBSN/ros2_ws/install/unity_sim/share/unity_sim//urdf/sensors/camera_uvm.urdf.xacro
[1.212s] -- Up-to-date: /home/adam/Desktop/SBSN/ros2_ws/install/unity_sim/share/unity_sim//urdf/sensors/2d_laser.urdf.xacro
[1.212s] -- Up-to-date: /home/adam/Desktop/SBSN/ros2_ws/install/unity_sim/share/unity_sim//urdf/sensors/asus_xtion_pro.urdf.xacro
[1.212s] -- Up-to-date: /home/adam/Desktop/SBSN/ros2_ws/install/unity_sim/share/unity_sim//urdf/sensors/us_array.urdf.xacro
[1.212s] -- Up-to-date: /home/adam/Desktop/SBSN/ros2_ws/install/unity_sim/share/unity_sim//urdf/sensors/usb_cameras.urdf.xacro
[1.212s] -- Up-to-date: /home/adam/Desktop/SBSN/ros2_ws/install/unity_sim/share/unity_sim//urdf/sensors/kinect.urdf.xacro
[1.212s] -- Up-to-date: /home/adam/Desktop/SBSN/ros2_ws/install/unity_sim/share/unity_sim//urdf/kuri.urdf.xacro
[1.213s] -- Up-to-date: /home/adam/Desktop/SBSN/ros2_ws/install/unity_sim/share/unity_sim//urdf/robots
[1.213s] -- Up-to-date: /home/adam/Desktop/SBSN/ros2_ws/install/unity_sim/share/unity_sim//urdf/robots/gizmo
[1.213s] -- Up-to-date: /home/adam/Desktop/SBSN/ros2_ws/install/unity_sim/share/unity_sim//urdf/robots/gizmo/base.urdf.xacro
[1.213s] -- Up-to-date: /home/adam/Desktop/SBSN/ros2_ws/install/unity_sim/share/unity_sim//urdf/robots/gizmo/simple.transmission.xacro
[1.213s] -- Up-to-date: /home/adam/Desktop/SBSN/ros2_ws/install/unity_sim/share/unity_sim//urdf/robots/gizmo/gazebo.urdf.xacro
[1.213s] -- Up-to-date: /home/adam/Desktop/SBSN/ros2_ws/install/unity_sim/share/unity_sim//urdf/robots/gizmo/robot.urdf.xacro
[1.213s] -- Up-to-date: /home/adam/Desktop/SBSN/ros2_ws/install/unity_sim/share/unity_sim//urdf/robots/gizmo/mount.urdf.xacro
[1.213s] -- Up-to-date: /home/adam/Desktop/SBSN/ros2_ws/install/unity_sim/share/unity_sim//urdf/robots/gizmo/head.urdf.xacro
[1.213s] -- Up-to-date: /home/adam/Desktop/SBSN/ros2_ws/install/unity_sim/share/unity_sim//urdf/robots/gizmo/base.transmission.xacro
[1.213s] -- Up-to-date: /home/adam/Desktop/SBSN/ros2_ws/install/unity_sim/share/unity_sim//urdf/robots/gizmo/body.urdf.xacro
[1.214s] -- Up-to-date: /home/adam/Desktop/SBSN/ros2_ws/install/unity_sim/share/unity_sim//urdf/robots/p3
[1.214s] -- Up-to-date: /home/adam/Desktop/SBSN/ros2_ws/install/unity_sim/share/unity_sim//urdf/robots/p3/base.urdf.xacro
[1.214s] -- Up-to-date: /home/adam/Desktop/SBSN/ros2_ws/install/unity_sim/share/unity_sim//urdf/robots/p3/gazebo.urdf.xacro
[1.214s] -- Up-to-date: /home/adam/Desktop/SBSN/ros2_ws/install/unity_sim/share/unity_sim//urdf/robots/p3/robot.urdf.xacro
[1.214s] -- Up-to-date: /home/adam/Desktop/SBSN/ros2_ws/install/unity_sim/share/unity_sim//urdf/common_properties.urdf.xacro
[1.214s] -- Up-to-date: /home/adam/Desktop/SBSN/ros2_ws/install/unity_sim/share/unity_sim//rviz
[1.214s] -- Up-to-date: /home/adam/Desktop/SBSN/ros2_ws/install/unity_sim/share/unity_sim//rviz/config.rviz
[1.214s] -- Up-to-date: /home/adam/Desktop/SBSN/ros2_ws/install/unity_sim/lib/unity_sim/trial_info_listener.py
[1.214s] -- Up-to-date: /home/adam/Desktop/SBSN/ros2_ws/install/unity_sim/lib/unity_sim/graph_publisher.py
[1.214s] -- Up-to-date: /home/adam/Desktop/SBSN/ros2_ws/install/unity_sim/lib/unity_sim/map_publisher.py
[1.215s] -- Up-to-date: /home/adam/Desktop/SBSN/ros2_ws/install/unity_sim/share/ament_index/resource_index/package_run_dependencies/unity_sim
[1.215s] -- Up-to-date: /home/adam/Desktop/SBSN/ros2_ws/install/unity_sim/share/ament_index/resource_index/parent_prefix_path/unity_sim
[1.215s] -- Up-to-date: /home/adam/Desktop/SBSN/ros2_ws/install/unity_sim/share/unity_sim/environment/ament_prefix_path.sh
[1.215s] -- Up-to-date: /home/adam/Desktop/SBSN/ros2_ws/install/unity_sim/share/unity_sim/environment/ament_prefix_path.dsv
[1.215s] -- Up-to-date: /home/adam/Desktop/SBSN/ros2_ws/install/unity_sim/share/unity_sim/environment/path.sh
[1.215s] -- Up-to-date: /home/adam/Desktop/SBSN/ros2_ws/install/unity_sim/share/unity_sim/environment/path.dsv
[1.215s] -- Up-to-date: /home/adam/Desktop/SBSN/ros2_ws/install/unity_sim/share/unity_sim/local_setup.bash
[1.215s] -- Up-to-date: /home/adam/Desktop/SBSN/ros2_ws/install/unity_sim/share/unity_sim/local_setup.sh
[1.215s] -- Up-to-date: /home/adam/Desktop/SBSN/ros2_ws/install/unity_sim/share/unity_sim/local_setup.zsh
[1.215s] -- Up-to-date: /home/adam/Desktop/SBSN/ros2_ws/install/unity_sim/share/unity_sim/local_setup.dsv
[1.215s] -- Up-to-date: /home/adam/Desktop/SBSN/ros2_ws/install/unity_sim/share/unity_sim/package.dsv
[1.215s] -- Up-to-date: /home/adam/Desktop/SBSN/ros2_ws/install/unity_sim/share/ament_index/resource_index/packages/unity_sim
[1.216s] -- Up-to-date: /home/adam/Desktop/SBSN/ros2_ws/install/unity_sim/share/unity_sim/cmake/ament_cmake_export_dependencies-extras.cmake
[1.216s] -- Up-to-date: /home/adam/Desktop/SBSN/ros2_ws/install/unity_sim/share/unity_sim/cmake/unity_simConfig.cmake
[1.216s] -- Up-to-date: /home/adam/Desktop/SBSN/ros2_ws/install/unity_sim/share/unity_sim/cmake/unity_simConfig-version.cmake
[1.216s] -- Up-to-date: /home/adam/Desktop/SBSN/ros2_ws/install/unity_sim/share/unity_sim/package.xml
[1.227s] Invoked command in '/home/adam/Desktop/SBSN/ros2_ws/build/unity_sim' returned '0': CMAKE_PREFIX_PATH=/opt/ros/humble /home/adam/.local/bin/cmake --install /home/adam/Desktop/SBSN/ros2_ws/build/unity_sim
