[0.286s] Invoking command in '/home/adam/Desktop/SBSN/ros2_ws/build/unity_sim': CMAKE_PREFIX_PATH=/opt/ros/humble /home/adam/.local/bin/cmake /home/adam/Desktop/SBSN/ros2_ws/src/unity_sim -DCMAKE_INSTALL_PREFIX=/home/adam/Desktop/SBSN/ros2_ws/install/unity_sim
[0.400s] -- The C compiler identification is GNU 11.4.0
[0.451s] -- The CXX compiler identification is GNU 11.4.0
[0.459s] -- Detecting C compiler ABI info
[0.510s] -- Detecting C compiler ABI info - done
[0.527s] -- Check for working C compiler: /usr/bin/cc - skipped
[0.527s] -- Detecting C compile features
[0.527s] -- Detecting C compile features - done
[0.530s] -- Detecting CXX compiler ABI info
[0.596s] -- Detecting CXX compiler ABI info - done
[0.621s] -- Check for working CXX compiler: /usr/bin/c++ - skipped
[0.621s] -- Detecting CXX compile features
[0.622s] -- Detecting CXX compile features - done
[0.623s] [0munity_sim: You did not request a specific build type: Choosing 'Release' for maximum performance[0m
[0.625s] -- Found rosidl_default_generators: 1.2.0 (/opt/ros/humble/share/rosidl_default_generators/cmake)
[0.627s] -- Found ament_cmake_core: 1.3.9 (/opt/ros/humble/share/ament_cmake_core/cmake)
[0.724s] -- Found Python3: /usr/bin/python3 (found version "3.10.12") found components: Interpreter
[0.779s] -- Using all available rosidl_typesupport_c: rosidl_typesupport_fastrtps_c;rosidl_typesupport_introspection_c
[0.786s] -- Found rosidl_adapter: 3.1.5 (/opt/ros/humble/share/rosidl_adapter/cmake)
[0.844s] -- Using all available rosidl_typesupport_cpp: rosidl_typesupport_fastrtps_cpp;rosidl_typesupport_introspection_cpp
[0.879s] -- Found builtin_interfaces: 1.2.1 (/opt/ros/humble/share/builtin_interfaces/cmake)
[0.900s] -- Found geometry_msgs: 4.2.4 (/opt/ros/humble/share/geometry_msgs/cmake)
[1.137s] -- Configuring done (0.8s)
[1.140s] -- Generating done (0.0s)
[1.141s] -- Build files have been written to: /home/adam/Desktop/SBSN/ros2_ws/build/unity_sim
[1.169s] Invoked command in '/home/adam/Desktop/SBSN/ros2_ws/build/unity_sim' returned '0': CMAKE_PREFIX_PATH=/opt/ros/humble /home/adam/.local/bin/cmake /home/adam/Desktop/SBSN/ros2_ws/src/unity_sim -DCMAKE_INSTALL_PREFIX=/home/adam/Desktop/SBSN/ros2_ws/install/unity_sim
[1.170s] Invoking command in '/home/adam/Desktop/SBSN/ros2_ws/build/unity_sim': CMAKE_PREFIX_PATH=/opt/ros/humble /home/adam/.local/bin/cmake --build /home/adam/Desktop/SBSN/ros2_ws/build/unity_sim -- -j16 -l16
[1.260s] Built target ament_cmake_python_copy_unity_sim
[1.467s] running egg_info
[1.467s] creating unity_sim.egg-info
[1.468s] writing unity_sim.egg-info/PKG-INFO
[1.468s] writing dependency_links to unity_sim.egg-info/dependency_links.txt
[1.468s] writing top-level names to unity_sim.egg-info/top_level.txt
[1.468s] writing manifest file 'unity_sim.egg-info/SOURCES.txt'
[1.471s] reading manifest file 'unity_sim.egg-info/SOURCES.txt'
[1.471s] writing manifest file 'unity_sim.egg-info/SOURCES.txt'
[1.495s] Built target ament_cmake_python_build_unity_sim_egg
[1.509s] Invoked command in '/home/adam/Desktop/SBSN/ros2_ws/build/unity_sim' returned '0': CMAKE_PREFIX_PATH=/opt/ros/humble /home/adam/.local/bin/cmake --build /home/adam/Desktop/SBSN/ros2_ws/build/unity_sim -- -j16 -l16
[1.598s] Invoking command in '/home/adam/Desktop/SBSN/ros2_ws/build/unity_sim': CMAKE_PREFIX_PATH=/opt/ros/humble /home/adam/.local/bin/cmake --install /home/adam/Desktop/SBSN/ros2_ws/build/unity_sim
[1.655s] -- Install configuration: "Release"
[1.655s] -- Installing: /home/adam/Desktop/SBSN/ros2_ws/install/unity_sim/share/unity_sim/environment/pythonpath.sh
[1.655s] -- Installing: /home/adam/Desktop/SBSN/ros2_ws/install/unity_sim/share/unity_sim/environment/pythonpath.dsv
[1.655s] -- Installing: /home/adam/Desktop/SBSN/ros2_ws/install/unity_sim/local/lib/python3.10/dist-packages/unity_sim-0.0.1-py3.10.egg-info
[1.656s] -- Installing: /home/adam/Desktop/SBSN/ros2_ws/install/unity_sim/local/lib/python3.10/dist-packages/unity_sim-0.0.1-py3.10.egg-info/dependency_links.txt
[1.656s] -- Installing: /home/adam/Desktop/SBSN/ros2_ws/install/unity_sim/local/lib/python3.10/dist-packages/unity_sim-0.0.1-py3.10.egg-info/SOURCES.txt
[1.656s] -- Installing: /home/adam/Desktop/SBSN/ros2_ws/install/unity_sim/local/lib/python3.10/dist-packages/unity_sim-0.0.1-py3.10.egg-info/PKG-INFO
[1.656s] -- Installing: /home/adam/Desktop/SBSN/ros2_ws/install/unity_sim/local/lib/python3.10/dist-packages/unity_sim-0.0.1-py3.10.egg-info/top_level.txt
[1.656s] -- Installing: /home/adam/Desktop/SBSN/ros2_ws/install/unity_sim/local/lib/python3.10/dist-packages/unity_sim
[1.656s] -- Installing: /home/adam/Desktop/SBSN/ros2_ws/install/unity_sim/local/lib/python3.10/dist-packages/unity_sim/__init__.py
[1.684s] Listing '/home/adam/Desktop/SBSN/ros2_ws/install/unity_sim/local/lib/python3.10/dist-packages/unity_sim'...
[1.684s] Compiling '/home/adam/Desktop/SBSN/ros2_ws/install/unity_sim/local/lib/python3.10/dist-packages/unity_sim/__init__.py'...
[1.690s] -- Installing: /home/adam/Desktop/SBSN/ros2_ws/install/unity_sim/share/unity_sim//launch
[1.690s] -- Installing: /home/adam/Desktop/SBSN/ros2_ws/install/unity_sim/share/unity_sim//launch/kuri_state_publisher.launch.py
[1.690s] -- Installing: /home/adam/Desktop/SBSN/ros2_ws/install/unity_sim/share/unity_sim//launch/rviz.launch.py
[1.690s] -- Installing: /home/adam/Desktop/SBSN/ros2_ws/install/unity_sim/share/unity_sim//launch/nav2.launch.py
[1.690s] -- Installing: /home/adam/Desktop/SBSN/ros2_ws/install/unity_sim/share/unity_sim//launch/map_publisher.launch.py
[1.690s] -- Installing: /home/adam/Desktop/SBSN/ros2_ws/install/unity_sim/share/unity_sim//maps
[1.690s] -- Installing: /home/adam/Desktop/SBSN/ros2_ws/install/unity_sim/share/unity_sim//maps/open
[1.690s] -- Installing: /home/adam/Desktop/SBSN/ros2_ws/install/unity_sim/share/unity_sim//maps/open/map_server_params.yaml
[1.691s] -- Installing: /home/adam/Desktop/SBSN/ros2_ws/install/unity_sim/share/unity_sim//maps/open/map.yaml
[1.691s] -- Installing: /home/adam/Desktop/SBSN/ros2_ws/install/unity_sim/share/unity_sim//maps/open/short_map.jpg
[1.691s] -- Installing: /home/adam/Desktop/SBSN/ros2_ws/install/unity_sim/share/unity_sim//maps/hospital
[1.691s] -- Installing: /home/adam/Desktop/SBSN/ros2_ws/install/unity_sim/share/unity_sim//maps/hospital/short_map.png
[1.691s] -- Installing: /home/adam/Desktop/SBSN/ros2_ws/install/unity_sim/share/unity_sim//maps/hospital/map.yaml
[1.691s] -- Installing: /home/adam/Desktop/SBSN/ros2_ws/install/unity_sim/share/unity_sim//maps/overtaking
[1.691s] -- Installing: /home/adam/Desktop/SBSN/ros2_ws/install/unity_sim/share/unity_sim//maps/overtaking/map.yaml
[1.691s] -- Installing: /home/adam/Desktop/SBSN/ros2_ws/install/unity_sim/share/unity_sim//maps/overtaking/short_map.jpg
[1.691s] -- Installing: /home/adam/Desktop/SBSN/ros2_ws/install/unity_sim/share/unity_sim//maps/corner
[1.691s] -- Installing: /home/adam/Desktop/SBSN/ros2_ws/install/unity_sim/share/unity_sim//maps/corner/map.yaml
[1.691s] -- Installing: /home/adam/Desktop/SBSN/ros2_ws/install/unity_sim/share/unity_sim//maps/corner/short_map.jpg
[1.691s] -- Installing: /home/adam/Desktop/SBSN/ros2_ws/install/unity_sim/share/unity_sim//maps/complete
[1.691s] -- Installing: /home/adam/Desktop/SBSN/ros2_ws/install/unity_sim/share/unity_sim//maps/complete/short_map_hr.jpg
[1.692s] -- Installing: /home/adam/Desktop/SBSN/ros2_ws/install/unity_sim/share/unity_sim//maps/complete/map_server_params.yaml
[1.693s] -- Installing: /home/adam/Desktop/SBSN/ros2_ws/install/unity_sim/share/unity_sim//maps/complete/map.yaml
[1.693s] -- Installing: /home/adam/Desktop/SBSN/ros2_ws/install/unity_sim/share/unity_sim//maps/complete/short_map.jpg
[1.693s] -- Installing: /home/adam/Desktop/SBSN/ros2_ws/install/unity_sim/share/unity_sim//maps/corridor
[1.693s] -- Installing: /home/adam/Desktop/SBSN/ros2_ws/install/unity_sim/share/unity_sim//maps/corridor/map.yaml
[1.693s] -- Installing: /home/adam/Desktop/SBSN/ros2_ws/install/unity_sim/share/unity_sim//maps/corridor/short_map.jpg
[1.693s] -- Installing: /home/adam/Desktop/SBSN/ros2_ws/install/unity_sim/share/unity_sim//maps/static
[1.693s] -- Installing: /home/adam/Desktop/SBSN/ros2_ws/install/unity_sim/share/unity_sim//maps/static/map.yaml
[1.693s] -- Installing: /home/adam/Desktop/SBSN/ros2_ws/install/unity_sim/share/unity_sim//maps/static/short_map.jpg
[1.693s] -- Installing: /home/adam/Desktop/SBSN/ros2_ws/install/unity_sim/share/unity_sim//maps/intersection
[1.693s] -- Installing: /home/adam/Desktop/SBSN/ros2_ws/install/unity_sim/share/unity_sim//maps/intersection/map.yaml
[1.693s] -- Installing: /home/adam/Desktop/SBSN/ros2_ws/install/unity_sim/share/unity_sim//maps/intersection/short_map.jpg
[1.694s] -- Installing: /home/adam/Desktop/SBSN/ros2_ws/install/unity_sim/share/unity_sim//maps/frontal
[1.694s] -- Installing: /home/adam/Desktop/SBSN/ros2_ws/install/unity_sim/share/unity_sim//maps/frontal/map.yaml
[1.694s] -- Installing: /home/adam/Desktop/SBSN/ros2_ws/install/unity_sim/share/unity_sim//maps/frontal/short_map.jpg
[1.694s] -- Installing: /home/adam/Desktop/SBSN/ros2_ws/install/unity_sim/share/unity_sim//maps/door_passing
[1.694s] -- Installing: /home/adam/Desktop/SBSN/ros2_ws/install/unity_sim/share/unity_sim//maps/door_passing/short_map.jpg~
[1.694s] -- Installing: /home/adam/Desktop/SBSN/ros2_ws/install/unity_sim/share/unity_sim//maps/door_passing/map_server_params.yaml
[1.694s] -- Installing: /home/adam/Desktop/SBSN/ros2_ws/install/unity_sim/share/unity_sim//maps/door_passing/map.yaml
[1.694s] -- Installing: /home/adam/Desktop/SBSN/ros2_ws/install/unity_sim/share/unity_sim//maps/door_passing/short_map.jpg
[1.694s] -- Installing: /home/adam/Desktop/SBSN/ros2_ws/install/unity_sim/share/unity_sim//maps/door_passing/short_map.jpg.kra
[1.694s] -- Installing: /home/adam/Desktop/SBSN/ros2_ws/install/unity_sim/share/unity_sim//maps/test
[1.695s] -- Installing: /home/adam/Desktop/SBSN/ros2_ws/install/unity_sim/share/unity_sim//maps/test/map_server_params.yaml
[1.695s] -- Installing: /home/adam/Desktop/SBSN/ros2_ws/install/unity_sim/share/unity_sim//maps/test/map.yaml
[1.695s] -- Installing: /home/adam/Desktop/SBSN/ros2_ws/install/unity_sim/share/unity_sim//maps/test/short_map.jpg
[1.695s] -- Installing: /home/adam/Desktop/SBSN/ros2_ws/install/unity_sim/share/unity_sim//graphs
[1.695s] -- Installing: /home/adam/Desktop/SBSN/ros2_ws/install/unity_sim/share/unity_sim//graphs/overtaking.pickle
[1.695s] -- Installing: /home/adam/Desktop/SBSN/ros2_ws/install/unity_sim/share/unity_sim//graphs/hospital.pickle
[1.695s] -- Installing: /home/adam/Desktop/SBSN/ros2_ws/install/unity_sim/share/unity_sim//graphs/static.pickle
[1.695s] -- Installing: /home/adam/Desktop/SBSN/ros2_ws/install/unity_sim/share/unity_sim//graphs/frontal.pickle
[1.695s] -- Installing: /home/adam/Desktop/SBSN/ros2_ws/install/unity_sim/share/unity_sim//graphs/corner.pickle
[1.695s] -- Installing: /home/adam/Desktop/SBSN/ros2_ws/install/unity_sim/share/unity_sim//graphs/intersection.pickle
[1.695s] -- Installing: /home/adam/Desktop/SBSN/ros2_ws/install/unity_sim/share/unity_sim//graphs/door_passing.pickle
[1.696s] -- Installing: /home/adam/Desktop/SBSN/ros2_ws/install/unity_sim/share/unity_sim//urdf
[1.696s] -- Installing: /home/adam/Desktop/SBSN/ros2_ws/install/unity_sim/share/unity_sim//urdf/materials.urdf.xacro
[1.696s] -- Installing: /home/adam/Desktop/SBSN/ros2_ws/install/unity_sim/share/unity_sim//urdf/kuri2.urdf.xacro
[1.696s] -- Installing: /home/adam/Desktop/SBSN/ros2_ws/install/unity_sim/share/unity_sim//urdf/sensors
[1.696s] -- Installing: /home/adam/Desktop/SBSN/ros2_ws/install/unity_sim/share/unity_sim//urdf/sensors/pico_flexx.urdf.xacro
[1.696s] -- Installing: /home/adam/Desktop/SBSN/ros2_ws/install/unity_sim/share/unity_sim//urdf/sensors/gazebo.accurate.urdf.xacro
[1.696s] -- Installing: /home/adam/Desktop/SBSN/ros2_ws/install/unity_sim/share/unity_sim//urdf/sensors/us_inmach.urdf.xacro
[1.696s] -- Installing: /home/adam/Desktop/SBSN/ros2_ws/install/unity_sim/share/unity_sim//urdf/sensors/gazebo.urdf.xacro
[1.696s] -- Installing: /home/adam/Desktop/SBSN/ros2_ws/install/unity_sim/share/unity_sim//urdf/sensors/hokuyo.urdf.xacro
[1.696s] -- Installing: /home/adam/Desktop/SBSN/ros2_ws/install/unity_sim/share/unity_sim//urdf/sensors/upward_camera.urdf.xacro
[1.697s] -- Installing: /home/adam/Desktop/SBSN/ros2_ws/install/unity_sim/share/unity_sim//urdf/sensors/camera_uvm.urdf.xacro
[1.697s] -- Installing: /home/adam/Desktop/SBSN/ros2_ws/install/unity_sim/share/unity_sim//urdf/sensors/2d_laser.urdf.xacro
[1.697s] -- Installing: /home/adam/Desktop/SBSN/ros2_ws/install/unity_sim/share/unity_sim//urdf/sensors/asus_xtion_pro.urdf.xacro
[1.697s] -- Installing: /home/adam/Desktop/SBSN/ros2_ws/install/unity_sim/share/unity_sim//urdf/sensors/us_array.urdf.xacro
[1.697s] -- Installing: /home/adam/Desktop/SBSN/ros2_ws/install/unity_sim/share/unity_sim//urdf/sensors/usb_cameras.urdf.xacro
[1.697s] -- Installing: /home/adam/Desktop/SBSN/ros2_ws/install/unity_sim/share/unity_sim//urdf/sensors/kinect.urdf.xacro
[1.697s] -- Installing: /home/adam/Desktop/SBSN/ros2_ws/install/unity_sim/share/unity_sim//urdf/kuri.urdf.xacro
[1.697s] -- Installing: /home/adam/Desktop/SBSN/ros2_ws/install/unity_sim/share/unity_sim//urdf/robots
[1.697s] -- Installing: /home/adam/Desktop/SBSN/ros2_ws/install/unity_sim/share/unity_sim//urdf/robots/gizmo
[1.697s] -- Installing: /home/adam/Desktop/SBSN/ros2_ws/install/unity_sim/share/unity_sim//urdf/robots/gizmo/base.urdf.xacro
[1.697s] -- Installing: /home/adam/Desktop/SBSN/ros2_ws/install/unity_sim/share/unity_sim//urdf/robots/gizmo/simple.transmission.xacro
[1.698s] -- Installing: /home/adam/Desktop/SBSN/ros2_ws/install/unity_sim/share/unity_sim//urdf/robots/gizmo/gazebo.urdf.xacro
[1.698s] -- Installing: /home/adam/Desktop/SBSN/ros2_ws/install/unity_sim/share/unity_sim//urdf/robots/gizmo/robot.urdf.xacro
[1.698s] -- Installing: /home/adam/Desktop/SBSN/ros2_ws/install/unity_sim/share/unity_sim//urdf/robots/gizmo/mount.urdf.xacro
[1.698s] -- Installing: /home/adam/Desktop/SBSN/ros2_ws/install/unity_sim/share/unity_sim//urdf/robots/gizmo/head.urdf.xacro
[1.698s] -- Installing: /home/adam/Desktop/SBSN/ros2_ws/install/unity_sim/share/unity_sim//urdf/robots/gizmo/base.transmission.xacro
[1.698s] -- Installing: /home/adam/Desktop/SBSN/ros2_ws/install/unity_sim/share/unity_sim//urdf/robots/gizmo/body.urdf.xacro
[1.698s] -- Installing: /home/adam/Desktop/SBSN/ros2_ws/install/unity_sim/share/unity_sim//urdf/robots/p3
[1.698s] -- Installing: /home/adam/Desktop/SBSN/ros2_ws/install/unity_sim/share/unity_sim//urdf/robots/p3/base.urdf.xacro
[1.698s] -- Installing: /home/adam/Desktop/SBSN/ros2_ws/install/unity_sim/share/unity_sim//urdf/robots/p3/gazebo.urdf.xacro
[1.698s] -- Installing: /home/adam/Desktop/SBSN/ros2_ws/install/unity_sim/share/unity_sim//urdf/robots/p3/robot.urdf.xacro
[1.698s] -- Installing: /home/adam/Desktop/SBSN/ros2_ws/install/unity_sim/share/unity_sim//urdf/common_properties.urdf.xacro
[1.699s] -- Installing: /home/adam/Desktop/SBSN/ros2_ws/install/unity_sim/share/unity_sim//rviz
[1.699s] -- Installing: /home/adam/Desktop/SBSN/ros2_ws/install/unity_sim/share/unity_sim//rviz/config.rviz
[1.699s] -- Installing: /home/adam/Desktop/SBSN/ros2_ws/install/unity_sim/lib/unity_sim/trial_info_listener.py
[1.699s] -- Installing: /home/adam/Desktop/SBSN/ros2_ws/install/unity_sim/lib/unity_sim/graph_publisher.py
[1.699s] -- Installing: /home/adam/Desktop/SBSN/ros2_ws/install/unity_sim/lib/unity_sim/map_publisher.py
[1.699s] -- Installing: /home/adam/Desktop/SBSN/ros2_ws/install/unity_sim/share/ament_index/resource_index/package_run_dependencies/unity_sim
[1.699s] -- Installing: /home/adam/Desktop/SBSN/ros2_ws/install/unity_sim/share/ament_index/resource_index/parent_prefix_path/unity_sim
[1.699s] -- Installing: /home/adam/Desktop/SBSN/ros2_ws/install/unity_sim/share/unity_sim/environment/ament_prefix_path.sh
[1.699s] -- Installing: /home/adam/Desktop/SBSN/ros2_ws/install/unity_sim/share/unity_sim/environment/ament_prefix_path.dsv
[1.700s] -- Installing: /home/adam/Desktop/SBSN/ros2_ws/install/unity_sim/share/unity_sim/environment/path.sh
[1.700s] -- Installing: /home/adam/Desktop/SBSN/ros2_ws/install/unity_sim/share/unity_sim/environment/path.dsv
[1.700s] -- Installing: /home/adam/Desktop/SBSN/ros2_ws/install/unity_sim/share/unity_sim/local_setup.bash
[1.700s] -- Installing: /home/adam/Desktop/SBSN/ros2_ws/install/unity_sim/share/unity_sim/local_setup.sh
[1.700s] -- Installing: /home/adam/Desktop/SBSN/ros2_ws/install/unity_sim/share/unity_sim/local_setup.zsh
[1.700s] -- Installing: /home/adam/Desktop/SBSN/ros2_ws/install/unity_sim/share/unity_sim/local_setup.dsv
[1.700s] -- Installing: /home/adam/Desktop/SBSN/ros2_ws/install/unity_sim/share/unity_sim/package.dsv
[1.700s] -- Installing: /home/adam/Desktop/SBSN/ros2_ws/install/unity_sim/share/ament_index/resource_index/packages/unity_sim
[1.701s] -- Installing: /home/adam/Desktop/SBSN/ros2_ws/install/unity_sim/share/unity_sim/cmake/ament_cmake_export_dependencies-extras.cmake
[1.701s] -- Installing: /home/adam/Desktop/SBSN/ros2_ws/install/unity_sim/share/unity_sim/cmake/unity_simConfig.cmake
[1.701s] -- Installing: /home/adam/Desktop/SBSN/ros2_ws/install/unity_sim/share/unity_sim/cmake/unity_simConfig-version.cmake
[1.701s] -- Installing: /home/adam/Desktop/SBSN/ros2_ws/install/unity_sim/share/unity_sim/package.xml
[1.714s] Invoked command in '/home/adam/Desktop/SBSN/ros2_ws/build/unity_sim' returned '0': CMAKE_PREFIX_PATH=/opt/ros/humble /home/adam/.local/bin/cmake --install /home/adam/Desktop/SBSN/ros2_ws/build/unity_sim
