[0.062s] Invoking command in '/home/adam/Desktop/SBSN/ros2_ws/build/my_controller': CMAKE_PREFIX_PATH=/opt/ros/humble /home/adam/.local/bin/cmake --build /home/adam/Desktop/SBSN/ros2_ws/build/my_controller -- -j16 -l16
[0.332s] [100%] Built target my_controller
[0.338s] Invoked command in '/home/adam/Desktop/SBSN/ros2_ws/build/my_controller' returned '0': CMAKE_PREFIX_PATH=/opt/ros/humble /home/adam/.local/bin/cmake --build /home/adam/Desktop/SBSN/ros2_ws/build/my_controller -- -j16 -l16
[0.506s] Invoking command in '/home/adam/Desktop/SBSN/ros2_ws/build/my_controller': CMAKE_PREFIX_PATH=/opt/ros/humble /home/adam/.local/bin/cmake --install /home/adam/Desktop/SBSN/ros2_ws/build/my_controller
[0.578s] -- Install configuration: "Release"
[0.582s] -- Up-to-date: /home/adam/Desktop/SBSN/ros2_ws/install/my_controller/lib/libmy_controller.so
[0.583s] -- Up-to-date: /home/adam/Desktop/SBSN/ros2_ws/install/my_controller/include/
[0.583s] -- Up-to-date: /home/adam/Desktop/SBSN/ros2_ws/install/my_controller/include//my_controller
[0.583s] -- Up-to-date: /home/adam/Desktop/SBSN/ros2_ws/install/my_controller/include//my_controller/controller.hpp
[0.583s] -- Up-to-date: /home/adam/Desktop/SBSN/ros2_ws/install/my_controller/share/my_controller/environment/library_path.sh
[0.583s] -- Up-to-date: /home/adam/Desktop/SBSN/ros2_ws/install/my_controller/share/my_controller/environment/library_path.dsv
[0.583s] -- Up-to-date: /home/adam/Desktop/SBSN/ros2_ws/install/my_controller/share/my_controller/plugin.xml
[0.584s] -- Up-to-date: /home/adam/Desktop/SBSN/ros2_ws/install/my_controller/share/ament_index/resource_index/package_run_dependencies/my_controller
[0.584s] -- Up-to-date: /home/adam/Desktop/SBSN/ros2_ws/install/my_controller/share/ament_index/resource_index/parent_prefix_path/my_controller
[0.584s] -- Up-to-date: /home/adam/Desktop/SBSN/ros2_ws/install/my_controller/share/my_controller/environment/ament_prefix_path.sh
[0.584s] -- Up-to-date: /home/adam/Desktop/SBSN/ros2_ws/install/my_controller/share/my_controller/environment/ament_prefix_path.dsv
[0.584s] -- Up-to-date: /home/adam/Desktop/SBSN/ros2_ws/install/my_controller/share/my_controller/environment/path.sh
[0.584s] -- Up-to-date: /home/adam/Desktop/SBSN/ros2_ws/install/my_controller/share/my_controller/environment/path.dsv
[0.584s] -- Up-to-date: /home/adam/Desktop/SBSN/ros2_ws/install/my_controller/share/my_controller/local_setup.bash
[0.584s] -- Up-to-date: /home/adam/Desktop/SBSN/ros2_ws/install/my_controller/share/my_controller/local_setup.sh
[0.584s] -- Up-to-date: /home/adam/Desktop/SBSN/ros2_ws/install/my_controller/share/my_controller/local_setup.zsh
[0.585s] -- Up-to-date: /home/adam/Desktop/SBSN/ros2_ws/install/my_controller/share/my_controller/local_setup.dsv
[0.585s] -- Installing: /home/adam/Desktop/SBSN/ros2_ws/install/my_controller/share/my_controller/package.dsv
[0.585s] -- Up-to-date: /home/adam/Desktop/SBSN/ros2_ws/install/my_controller/share/ament_index/resource_index/packages/my_controller
[0.585s] -- Up-to-date: /home/adam/Desktop/SBSN/ros2_ws/install/my_controller/share/ament_index/resource_index/nav2_core__pluginlib__plugin/my_controller
[0.585s] -- Up-to-date: /home/adam/Desktop/SBSN/ros2_ws/install/my_controller/share/my_controller/cmake/ament_cmake_export_include_directories-extras.cmake
[0.585s] -- Up-to-date: /home/adam/Desktop/SBSN/ros2_ws/install/my_controller/share/my_controller/cmake/ament_cmake_export_libraries-extras.cmake
[0.585s] -- Up-to-date: /home/adam/Desktop/SBSN/ros2_ws/install/my_controller/share/my_controller/cmake/ament_cmake_export_dependencies-extras.cmake
[0.585s] -- Up-to-date: /home/adam/Desktop/SBSN/ros2_ws/install/my_controller/share/my_controller/cmake/my_controllerConfig.cmake
[0.585s] -- Up-to-date: /home/adam/Desktop/SBSN/ros2_ws/install/my_controller/share/my_controller/cmake/my_controllerConfig-version.cmake
[0.585s] -- Up-to-date: /home/adam/Desktop/SBSN/ros2_ws/install/my_controller/share/my_controller/package.xml
[0.594s] Invoked command in '/home/adam/Desktop/SBSN/ros2_ws/build/my_controller' returned '0': CMAKE_PREFIX_PATH=/opt/ros/humble /home/adam/.local/bin/cmake --install /home/adam/Desktop/SBSN/ros2_ws/build/my_controller
