[0.322s] Invoking command in '/home/adam/Desktop/SBSN/ros2_ws/build/simulation_msgs': CMAKE_PREFIX_PATH=/opt/ros/humble /home/adam/.local/bin/cmake --build /home/adam/Desktop/SBSN/ros2_ws/build/simulation_msgs -- -j16 -l16
[0.416s] [  1%] Built target simulation_msgs__cpp
[0.417s] [ 12%] Built target simulation_msgs__rosidl_generator_c
[0.420s] [ 12%] Built target ament_cmake_python_copy_simulation_msgs
[0.434s] [ 23%] Built target simulation_msgs__rosidl_typesupport_fastrtps_cpp
[0.435s] [ 34%] Built target simulation_msgs__rosidl_typesupport_introspection_cpp
[0.435s] [ 52%] Built target simulation_msgs__rosidl_typesupport_cpp
[0.436s] [ 63%] Built target simulation_msgs__rosidl_typesupport_introspection_c
[0.436s] [ 68%] Built target simulation_msgs__rosidl_typesupport_fastrtps_c
[0.438s] [ 79%] Built target simulation_msgs__rosidl_typesupport_c
[0.448s] [ 79%] Built target simulation_msgs
[0.461s] [ 80%] Built target simulation_msgs__py
[0.477s] [ 90%] Built target simulation_msgs__rosidl_generator_py
[0.490s] [ 96%] Built target simulation_msgs__rosidl_typesupport_fastrtps_c__pyext
[0.490s] [ 96%] Built target simulation_msgs__rosidl_typesupport_introspection_c__pyext
[0.491s] [100%] Built target simulation_msgs__rosidl_typesupport_c__pyext
[0.688s] running egg_info
[0.688s] writing simulation_msgs.egg-info/PKG-INFO
[0.694s] writing dependency_links to simulation_msgs.egg-info/dependency_links.txt
[0.694s] writing top-level names to simulation_msgs.egg-info/top_level.txt
[0.695s] reading manifest file 'simulation_msgs.egg-info/SOURCES.txt'
[0.696s] writing manifest file 'simulation_msgs.egg-info/SOURCES.txt'
[0.747s] [100%] Built target ament_cmake_python_build_simulation_msgs_egg
[0.762s] Invoked command in '/home/adam/Desktop/SBSN/ros2_ws/build/simulation_msgs' returned '0': CMAKE_PREFIX_PATH=/opt/ros/humble /home/adam/.local/bin/cmake --build /home/adam/Desktop/SBSN/ros2_ws/build/simulation_msgs -- -j16 -l16
[0.953s] Invoking command in '/home/adam/Desktop/SBSN/ros2_ws/build/simulation_msgs': CMAKE_PREFIX_PATH=/opt/ros/humble /home/adam/.local/bin/cmake --install /home/adam/Desktop/SBSN/ros2_ws/build/simulation_msgs
[1.021s] -- Install configuration: "Release"
[1.022s] -- Up-to-date: /home/adam/Desktop/SBSN/ros2_ws/install/simulation_msgs/share/ament_index/resource_index/rosidl_interfaces/simulation_msgs
[1.022s] -- Up-to-date: /home/adam/Desktop/SBSN/ros2_ws/install/simulation_msgs/include/simulation_msgs/simulation_msgs
[1.022s] -- Up-to-date: /home/adam/Desktop/SBSN/ros2_ws/install/simulation_msgs/include/simulation_msgs/simulation_msgs/msg
[1.022s] -- Up-to-date: /home/adam/Desktop/SBSN/ros2_ws/install/simulation_msgs/include/simulation_msgs/simulation_msgs/msg/person_entry.h
[1.022s] -- Up-to-date: /home/adam/Desktop/SBSN/ros2_ws/install/simulation_msgs/include/simulation_msgs/simulation_msgs/msg/trial_start.h
[1.022s] -- Up-to-date: /home/adam/Desktop/SBSN/ros2_ws/install/simulation_msgs/include/simulation_msgs/simulation_msgs/msg/detail
[1.022s] -- Up-to-date: /home/adam/Desktop/SBSN/ros2_ws/install/simulation_msgs/include/simulation_msgs/simulation_msgs/msg/detail/person_entry_array__type_support.h
[1.022s] -- Up-to-date: /home/adam/Desktop/SBSN/ros2_ws/install/simulation_msgs/include/simulation_msgs/simulation_msgs/msg/detail/person_entry_array__functions.h
[1.022s] -- Up-to-date: /home/adam/Desktop/SBSN/ros2_ws/install/simulation_msgs/include/simulation_msgs/simulation_msgs/msg/detail/person_entry__functions.h
[1.022s] -- Up-to-date: /home/adam/Desktop/SBSN/ros2_ws/install/simulation_msgs/include/simulation_msgs/simulation_msgs/msg/detail/real_depth_image__functions.c
[1.022s] -- Up-to-date: /home/adam/Desktop/SBSN/ros2_ws/install/simulation_msgs/include/simulation_msgs/simulation_msgs/msg/detail/scene_info__functions.h
[1.022s] -- Up-to-date: /home/adam/Desktop/SBSN/ros2_ws/install/simulation_msgs/include/simulation_msgs/simulation_msgs/msg/detail/trial_start__functions.h
[1.022s] -- Up-to-date: /home/adam/Desktop/SBSN/ros2_ws/install/simulation_msgs/include/simulation_msgs/simulation_msgs/msg/detail/real_depth_image__functions.h
[1.022s] -- Up-to-date: /home/adam/Desktop/SBSN/ros2_ws/install/simulation_msgs/include/simulation_msgs/simulation_msgs/msg/detail/real_depth_image__type_support.h
[1.023s] -- Up-to-date: /home/adam/Desktop/SBSN/ros2_ws/install/simulation_msgs/include/simulation_msgs/simulation_msgs/msg/detail/scene_info__struct.h
[1.023s] -- Up-to-date: /home/adam/Desktop/SBSN/ros2_ws/install/simulation_msgs/include/simulation_msgs/simulation_msgs/msg/detail/person_entry_array__functions.c
[1.023s] -- Up-to-date: /home/adam/Desktop/SBSN/ros2_ws/install/simulation_msgs/include/simulation_msgs/simulation_msgs/msg/detail/person_entry__type_support.h
[1.023s] -- Up-to-date: /home/adam/Desktop/SBSN/ros2_ws/install/simulation_msgs/include/simulation_msgs/simulation_msgs/msg/detail/trial_start__type_support.h
[1.023s] -- Up-to-date: /home/adam/Desktop/SBSN/ros2_ws/install/simulation_msgs/include/simulation_msgs/simulation_msgs/msg/detail/trial_start__struct.h
[1.023s] -- Up-to-date: /home/adam/Desktop/SBSN/ros2_ws/install/simulation_msgs/include/simulation_msgs/simulation_msgs/msg/detail/person_entry__struct.h
[1.023s] -- Up-to-date: /home/adam/Desktop/SBSN/ros2_ws/install/simulation_msgs/include/simulation_msgs/simulation_msgs/msg/detail/scene_info__functions.c
[1.023s] -- Up-to-date: /home/adam/Desktop/SBSN/ros2_ws/install/simulation_msgs/include/simulation_msgs/simulation_msgs/msg/detail/scene_info__type_support.h
[1.023s] -- Up-to-date: /home/adam/Desktop/SBSN/ros2_ws/install/simulation_msgs/include/simulation_msgs/simulation_msgs/msg/detail/trial_start__functions.c
[1.023s] -- Up-to-date: /home/adam/Desktop/SBSN/ros2_ws/install/simulation_msgs/include/simulation_msgs/simulation_msgs/msg/detail/real_depth_image__struct.h
[1.023s] -- Up-to-date: /home/adam/Desktop/SBSN/ros2_ws/install/simulation_msgs/include/simulation_msgs/simulation_msgs/msg/detail/person_entry__functions.c
[1.023s] -- Up-to-date: /home/adam/Desktop/SBSN/ros2_ws/install/simulation_msgs/include/simulation_msgs/simulation_msgs/msg/detail/person_entry_array__struct.h
[1.023s] -- Up-to-date: /home/adam/Desktop/SBSN/ros2_ws/install/simulation_msgs/include/simulation_msgs/simulation_msgs/msg/rosidl_generator_c__visibility_control.h
[1.023s] -- Up-to-date: /home/adam/Desktop/SBSN/ros2_ws/install/simulation_msgs/include/simulation_msgs/simulation_msgs/msg/real_depth_image.h
[1.023s] -- Up-to-date: /home/adam/Desktop/SBSN/ros2_ws/install/simulation_msgs/include/simulation_msgs/simulation_msgs/msg/scene_info.h
[1.023s] -- Up-to-date: /home/adam/Desktop/SBSN/ros2_ws/install/simulation_msgs/include/simulation_msgs/simulation_msgs/msg/person_entry_array.h
[1.023s] -- Up-to-date: /home/adam/Desktop/SBSN/ros2_ws/install/simulation_msgs/share/simulation_msgs/environment/library_path.sh
[1.023s] -- Up-to-date: /home/adam/Desktop/SBSN/ros2_ws/install/simulation_msgs/share/simulation_msgs/environment/library_path.dsv
[1.024s] -- Up-to-date: /home/adam/Desktop/SBSN/ros2_ws/install/simulation_msgs/lib/libsimulation_msgs__rosidl_generator_c.so
[1.024s] -- Up-to-date: /home/adam/Desktop/SBSN/ros2_ws/install/simulation_msgs/include/simulation_msgs/simulation_msgs
[1.024s] -- Up-to-date: /home/adam/Desktop/SBSN/ros2_ws/install/simulation_msgs/include/simulation_msgs/simulation_msgs/msg
[1.024s] -- Up-to-date: /home/adam/Desktop/SBSN/ros2_ws/install/simulation_msgs/include/simulation_msgs/simulation_msgs/msg/rosidl_typesupport_fastrtps_c__visibility_control.h
[1.024s] -- Up-to-date: /home/adam/Desktop/SBSN/ros2_ws/install/simulation_msgs/include/simulation_msgs/simulation_msgs/msg/detail
[1.024s] -- Up-to-date: /home/adam/Desktop/SBSN/ros2_ws/install/simulation_msgs/include/simulation_msgs/simulation_msgs/msg/detail/real_depth_image__rosidl_typesupport_fastrtps_c.h
[1.024s] -- Up-to-date: /home/adam/Desktop/SBSN/ros2_ws/install/simulation_msgs/include/simulation_msgs/simulation_msgs/msg/detail/trial_start__rosidl_typesupport_fastrtps_c.h
[1.024s] -- Up-to-date: /home/adam/Desktop/SBSN/ros2_ws/install/simulation_msgs/include/simulation_msgs/simulation_msgs/msg/detail/person_entry__rosidl_typesupport_fastrtps_c.h
[1.024s] -- Up-to-date: /home/adam/Desktop/SBSN/ros2_ws/install/simulation_msgs/include/simulation_msgs/simulation_msgs/msg/detail/scene_info__rosidl_typesupport_fastrtps_c.h
[1.024s] -- Up-to-date: /home/adam/Desktop/SBSN/ros2_ws/install/simulation_msgs/include/simulation_msgs/simulation_msgs/msg/detail/person_entry_array__rosidl_typesupport_fastrtps_c.h
[1.024s] -- Up-to-date: /home/adam/Desktop/SBSN/ros2_ws/install/simulation_msgs/lib/libsimulation_msgs__rosidl_typesupport_fastrtps_c.so
[1.024s] -- Up-to-date: /home/adam/Desktop/SBSN/ros2_ws/install/simulation_msgs/include/simulation_msgs/simulation_msgs
[1.024s] -- Up-to-date: /home/adam/Desktop/SBSN/ros2_ws/install/simulation_msgs/include/simulation_msgs/simulation_msgs/msg
[1.024s] -- Up-to-date: /home/adam/Desktop/SBSN/ros2_ws/install/simulation_msgs/include/simulation_msgs/simulation_msgs/msg/person_entry_array.hpp
[1.024s] -- Up-to-date: /home/adam/Desktop/SBSN/ros2_ws/install/simulation_msgs/include/simulation_msgs/simulation_msgs/msg/real_depth_image.hpp
[1.024s] -- Up-to-date: /home/adam/Desktop/SBSN/ros2_ws/install/simulation_msgs/include/simulation_msgs/simulation_msgs/msg/scene_info.hpp
[1.024s] -- Up-to-date: /home/adam/Desktop/SBSN/ros2_ws/install/simulation_msgs/include/simulation_msgs/simulation_msgs/msg/detail
[1.024s] -- Up-to-date: /home/adam/Desktop/SBSN/ros2_ws/install/simulation_msgs/include/simulation_msgs/simulation_msgs/msg/detail/scene_info__builder.hpp
[1.024s] -- Up-to-date: /home/adam/Desktop/SBSN/ros2_ws/install/simulation_msgs/include/simulation_msgs/simulation_msgs/msg/detail/person_entry_array__traits.hpp
[1.025s] -- Up-to-date: /home/adam/Desktop/SBSN/ros2_ws/install/simulation_msgs/include/simulation_msgs/simulation_msgs/msg/detail/person_entry__builder.hpp
[1.025s] -- Up-to-date: /home/adam/Desktop/SBSN/ros2_ws/install/simulation_msgs/include/simulation_msgs/simulation_msgs/msg/detail/real_depth_image__traits.hpp
[1.025s] -- Up-to-date: /home/adam/Desktop/SBSN/ros2_ws/install/simulation_msgs/include/simulation_msgs/simulation_msgs/msg/detail/real_depth_image__builder.hpp
[1.025s] -- Up-to-date: /home/adam/Desktop/SBSN/ros2_ws/install/simulation_msgs/include/simulation_msgs/simulation_msgs/msg/detail/trial_start__traits.hpp
[1.025s] -- Up-to-date: /home/adam/Desktop/SBSN/ros2_ws/install/simulation_msgs/include/simulation_msgs/simulation_msgs/msg/detail/scene_info__traits.hpp
[1.025s] -- Up-to-date: /home/adam/Desktop/SBSN/ros2_ws/install/simulation_msgs/include/simulation_msgs/simulation_msgs/msg/detail/scene_info__struct.hpp
[1.025s] -- Up-to-date: /home/adam/Desktop/SBSN/ros2_ws/install/simulation_msgs/include/simulation_msgs/simulation_msgs/msg/detail/trial_start__struct.hpp
[1.025s] -- Up-to-date: /home/adam/Desktop/SBSN/ros2_ws/install/simulation_msgs/include/simulation_msgs/simulation_msgs/msg/detail/person_entry_array__struct.hpp
[1.025s] -- Up-to-date: /home/adam/Desktop/SBSN/ros2_ws/install/simulation_msgs/include/simulation_msgs/simulation_msgs/msg/detail/trial_start__builder.hpp
[1.025s] -- Up-to-date: /home/adam/Desktop/SBSN/ros2_ws/install/simulation_msgs/include/simulation_msgs/simulation_msgs/msg/detail/person_entry_array__builder.hpp
[1.025s] -- Up-to-date: /home/adam/Desktop/SBSN/ros2_ws/install/simulation_msgs/include/simulation_msgs/simulation_msgs/msg/detail/person_entry__traits.hpp
[1.025s] -- Up-to-date: /home/adam/Desktop/SBSN/ros2_ws/install/simulation_msgs/include/simulation_msgs/simulation_msgs/msg/detail/person_entry__struct.hpp
[1.025s] -- Up-to-date: /home/adam/Desktop/SBSN/ros2_ws/install/simulation_msgs/include/simulation_msgs/simulation_msgs/msg/detail/real_depth_image__struct.hpp
[1.025s] -- Up-to-date: /home/adam/Desktop/SBSN/ros2_ws/install/simulation_msgs/include/simulation_msgs/simulation_msgs/msg/person_entry.hpp
[1.025s] -- Up-to-date: /home/adam/Desktop/SBSN/ros2_ws/install/simulation_msgs/include/simulation_msgs/simulation_msgs/msg/trial_start.hpp
[1.025s] -- Up-to-date: /home/adam/Desktop/SBSN/ros2_ws/install/simulation_msgs/include/simulation_msgs/simulation_msgs
[1.025s] -- Up-to-date: /home/adam/Desktop/SBSN/ros2_ws/install/simulation_msgs/include/simulation_msgs/simulation_msgs/msg
[1.025s] -- Up-to-date: /home/adam/Desktop/SBSN/ros2_ws/install/simulation_msgs/include/simulation_msgs/simulation_msgs/msg/rosidl_typesupport_fastrtps_cpp__visibility_control.h
[1.025s] -- Up-to-date: /home/adam/Desktop/SBSN/ros2_ws/install/simulation_msgs/include/simulation_msgs/simulation_msgs/msg/detail
[1.026s] -- Up-to-date: /home/adam/Desktop/SBSN/ros2_ws/install/simulation_msgs/include/simulation_msgs/simulation_msgs/msg/detail/person_entry_array__rosidl_typesupport_fastrtps_cpp.hpp
[1.026s] -- Up-to-date: /home/adam/Desktop/SBSN/ros2_ws/install/simulation_msgs/include/simulation_msgs/simulation_msgs/msg/detail/scene_info__rosidl_typesupport_fastrtps_cpp.hpp
[1.026s] -- Up-to-date: /home/adam/Desktop/SBSN/ros2_ws/install/simulation_msgs/include/simulation_msgs/simulation_msgs/msg/detail/trial_start__rosidl_typesupport_fastrtps_cpp.hpp
[1.026s] -- Up-to-date: /home/adam/Desktop/SBSN/ros2_ws/install/simulation_msgs/include/simulation_msgs/simulation_msgs/msg/detail/dds_fastrtps
[1.026s] -- Up-to-date: /home/adam/Desktop/SBSN/ros2_ws/install/simulation_msgs/include/simulation_msgs/simulation_msgs/msg/detail/person_entry__rosidl_typesupport_fastrtps_cpp.hpp
[1.026s] -- Up-to-date: /home/adam/Desktop/SBSN/ros2_ws/install/simulation_msgs/include/simulation_msgs/simulation_msgs/msg/detail/real_depth_image__rosidl_typesupport_fastrtps_cpp.hpp
[1.026s] -- Up-to-date: /home/adam/Desktop/SBSN/ros2_ws/install/simulation_msgs/lib/libsimulation_msgs__rosidl_typesupport_fastrtps_cpp.so
[1.026s] -- Up-to-date: /home/adam/Desktop/SBSN/ros2_ws/install/simulation_msgs/include/simulation_msgs/simulation_msgs
[1.026s] -- Up-to-date: /home/adam/Desktop/SBSN/ros2_ws/install/simulation_msgs/include/simulation_msgs/simulation_msgs/msg
[1.026s] -- Up-to-date: /home/adam/Desktop/SBSN/ros2_ws/install/simulation_msgs/include/simulation_msgs/simulation_msgs/msg/detail
[1.026s] -- Up-to-date: /home/adam/Desktop/SBSN/ros2_ws/install/simulation_msgs/include/simulation_msgs/simulation_msgs/msg/detail/person_entry__type_support.c
[1.026s] -- Up-to-date: /home/adam/Desktop/SBSN/ros2_ws/install/simulation_msgs/include/simulation_msgs/simulation_msgs/msg/detail/scene_info__type_support.c
[1.026s] -- Up-to-date: /home/adam/Desktop/SBSN/ros2_ws/install/simulation_msgs/include/simulation_msgs/simulation_msgs/msg/detail/person_entry_array__type_support.c
[1.026s] -- Up-to-date: /home/adam/Desktop/SBSN/ros2_ws/install/simulation_msgs/include/simulation_msgs/simulation_msgs/msg/detail/scene_info__rosidl_typesupport_introspection_c.h
[1.026s] -- Up-to-date: /home/adam/Desktop/SBSN/ros2_ws/install/simulation_msgs/include/simulation_msgs/simulation_msgs/msg/detail/trial_start__type_support.c
[1.026s] -- Up-to-date: /home/adam/Desktop/SBSN/ros2_ws/install/simulation_msgs/include/simulation_msgs/simulation_msgs/msg/detail/real_depth_image__rosidl_typesupport_introspection_c.h
[1.026s] -- Up-to-date: /home/adam/Desktop/SBSN/ros2_ws/install/simulation_msgs/include/simulation_msgs/simulation_msgs/msg/detail/trial_start__rosidl_typesupport_introspection_c.h
[1.026s] -- Up-to-date: /home/adam/Desktop/SBSN/ros2_ws/install/simulation_msgs/include/simulation_msgs/simulation_msgs/msg/detail/real_depth_image__type_support.c
[1.026s] -- Up-to-date: /home/adam/Desktop/SBSN/ros2_ws/install/simulation_msgs/include/simulation_msgs/simulation_msgs/msg/detail/person_entry__rosidl_typesupport_introspection_c.h
[1.026s] -- Up-to-date: /home/adam/Desktop/SBSN/ros2_ws/install/simulation_msgs/include/simulation_msgs/simulation_msgs/msg/detail/person_entry_array__rosidl_typesupport_introspection_c.h
[1.026s] -- Up-to-date: /home/adam/Desktop/SBSN/ros2_ws/install/simulation_msgs/include/simulation_msgs/simulation_msgs/msg/rosidl_typesupport_introspection_c__visibility_control.h
[1.026s] -- Up-to-date: /home/adam/Desktop/SBSN/ros2_ws/install/simulation_msgs/lib/libsimulation_msgs__rosidl_typesupport_introspection_c.so
[1.026s] -- Up-to-date: /home/adam/Desktop/SBSN/ros2_ws/install/simulation_msgs/lib/libsimulation_msgs__rosidl_typesupport_c.so
[1.026s] -- Up-to-date: /home/adam/Desktop/SBSN/ros2_ws/install/simulation_msgs/include/simulation_msgs/simulation_msgs
[1.026s] -- Up-to-date: /home/adam/Desktop/SBSN/ros2_ws/install/simulation_msgs/include/simulation_msgs/simulation_msgs/msg
[1.026s] -- Up-to-date: /home/adam/Desktop/SBSN/ros2_ws/install/simulation_msgs/include/simulation_msgs/simulation_msgs/msg/detail
[1.027s] -- Up-to-date: /home/adam/Desktop/SBSN/ros2_ws/install/simulation_msgs/include/simulation_msgs/simulation_msgs/msg/detail/person_entry__type_support.cpp
[1.027s] -- Up-to-date: /home/adam/Desktop/SBSN/ros2_ws/install/simulation_msgs/include/simulation_msgs/simulation_msgs/msg/detail/scene_info__rosidl_typesupport_introspection_cpp.hpp
[1.027s] -- Up-to-date: /home/adam/Desktop/SBSN/ros2_ws/install/simulation_msgs/include/simulation_msgs/simulation_msgs/msg/detail/person_entry_array__type_support.cpp
[1.027s] -- Up-to-date: /home/adam/Desktop/SBSN/ros2_ws/install/simulation_msgs/include/simulation_msgs/simulation_msgs/msg/detail/scene_info__type_support.cpp
[1.027s] -- Up-to-date: /home/adam/Desktop/SBSN/ros2_ws/install/simulation_msgs/include/simulation_msgs/simulation_msgs/msg/detail/person_entry_array__rosidl_typesupport_introspection_cpp.hpp
[1.027s] -- Up-to-date: /home/adam/Desktop/SBSN/ros2_ws/install/simulation_msgs/include/simulation_msgs/simulation_msgs/msg/detail/real_depth_image__type_support.cpp
[1.027s] -- Up-to-date: /home/adam/Desktop/SBSN/ros2_ws/install/simulation_msgs/include/simulation_msgs/simulation_msgs/msg/detail/real_depth_image__rosidl_typesupport_introspection_cpp.hpp
[1.027s] -- Up-to-date: /home/adam/Desktop/SBSN/ros2_ws/install/simulation_msgs/include/simulation_msgs/simulation_msgs/msg/detail/trial_start__rosidl_typesupport_introspection_cpp.hpp
[1.027s] -- Up-to-date: /home/adam/Desktop/SBSN/ros2_ws/install/simulation_msgs/include/simulation_msgs/simulation_msgs/msg/detail/trial_start__type_support.cpp
[1.027s] -- Up-to-date: /home/adam/Desktop/SBSN/ros2_ws/install/simulation_msgs/include/simulation_msgs/simulation_msgs/msg/detail/person_entry__rosidl_typesupport_introspection_cpp.hpp
[1.027s] -- Up-to-date: /home/adam/Desktop/SBSN/ros2_ws/install/simulation_msgs/lib/libsimulation_msgs__rosidl_typesupport_introspection_cpp.so
[1.027s] -- Up-to-date: /home/adam/Desktop/SBSN/ros2_ws/install/simulation_msgs/lib/libsimulation_msgs__rosidl_typesupport_cpp.so
[1.027s] -- Up-to-date: /home/adam/Desktop/SBSN/ros2_ws/install/simulation_msgs/share/simulation_msgs/environment/pythonpath.sh
[1.027s] -- Up-to-date: /home/adam/Desktop/SBSN/ros2_ws/install/simulation_msgs/share/simulation_msgs/environment/pythonpath.dsv
[1.027s] -- Up-to-date: /home/adam/Desktop/SBSN/ros2_ws/install/simulation_msgs/local/lib/python3.10/dist-packages/simulation_msgs-0.0.0-py3.10.egg-info
[1.027s] -- Installing: /home/adam/Desktop/SBSN/ros2_ws/install/simulation_msgs/local/lib/python3.10/dist-packages/simulation_msgs-0.0.0-py3.10.egg-info/dependency_links.txt
[1.027s] -- Installing: /home/adam/Desktop/SBSN/ros2_ws/install/simulation_msgs/local/lib/python3.10/dist-packages/simulation_msgs-0.0.0-py3.10.egg-info/SOURCES.txt
[1.027s] -- Installing: /home/adam/Desktop/SBSN/ros2_ws/install/simulation_msgs/local/lib/python3.10/dist-packages/simulation_msgs-0.0.0-py3.10.egg-info/PKG-INFO
[1.027s] -- Installing: /home/adam/Desktop/SBSN/ros2_ws/install/simulation_msgs/local/lib/python3.10/dist-packages/simulation_msgs-0.0.0-py3.10.egg-info/top_level.txt
[1.027s] -- Up-to-date: /home/adam/Desktop/SBSN/ros2_ws/install/simulation_msgs/local/lib/python3.10/dist-packages/simulation_msgs
[1.027s] -- Up-to-date: /home/adam/Desktop/SBSN/ros2_ws/install/simulation_msgs/local/lib/python3.10/dist-packages/simulation_msgs/msg
[1.027s] -- Up-to-date: /home/adam/Desktop/SBSN/ros2_ws/install/simulation_msgs/local/lib/python3.10/dist-packages/simulation_msgs/msg/_person_entry_array_s.c
[1.027s] -- Up-to-date: /home/adam/Desktop/SBSN/ros2_ws/install/simulation_msgs/local/lib/python3.10/dist-packages/simulation_msgs/msg/_person_entry_array.py
[1.027s] -- Up-to-date: /home/adam/Desktop/SBSN/ros2_ws/install/simulation_msgs/local/lib/python3.10/dist-packages/simulation_msgs/msg/_scene_info_s.c
[1.027s] -- Up-to-date: /home/adam/Desktop/SBSN/ros2_ws/install/simulation_msgs/local/lib/python3.10/dist-packages/simulation_msgs/msg/_scene_info.py
[1.028s] -- Up-to-date: /home/adam/Desktop/SBSN/ros2_ws/install/simulation_msgs/local/lib/python3.10/dist-packages/simulation_msgs/msg/_person_entry_s.c
[1.028s] -- Up-to-date: /home/adam/Desktop/SBSN/ros2_ws/install/simulation_msgs/local/lib/python3.10/dist-packages/simulation_msgs/msg/_trial_start_s.c
[1.028s] -- Up-to-date: /home/adam/Desktop/SBSN/ros2_ws/install/simulation_msgs/local/lib/python3.10/dist-packages/simulation_msgs/msg/_person_entry.py
[1.028s] -- Up-to-date: /home/adam/Desktop/SBSN/ros2_ws/install/simulation_msgs/local/lib/python3.10/dist-packages/simulation_msgs/msg/_real_depth_image_s.c
[1.028s] -- Up-to-date: /home/adam/Desktop/SBSN/ros2_ws/install/simulation_msgs/local/lib/python3.10/dist-packages/simulation_msgs/msg/__init__.py
[1.028s] -- Up-to-date: /home/adam/Desktop/SBSN/ros2_ws/install/simulation_msgs/local/lib/python3.10/dist-packages/simulation_msgs/msg/_real_depth_image.py
[1.028s] -- Up-to-date: /home/adam/Desktop/SBSN/ros2_ws/install/simulation_msgs/local/lib/python3.10/dist-packages/simulation_msgs/msg/_trial_start.py
[1.028s] -- Up-to-date: /home/adam/Desktop/SBSN/ros2_ws/install/simulation_msgs/local/lib/python3.10/dist-packages/simulation_msgs/_simulation_msgs_s.ep.rosidl_typesupport_fastrtps_c.c
[1.028s] -- Up-to-date: /home/adam/Desktop/SBSN/ros2_ws/install/simulation_msgs/local/lib/python3.10/dist-packages/simulation_msgs/libsimulation_msgs__rosidl_generator_py.so
[1.028s] -- Up-to-date: /home/adam/Desktop/SBSN/ros2_ws/install/simulation_msgs/local/lib/python3.10/dist-packages/simulation_msgs/__init__.py
[1.028s] -- Up-to-date: /home/adam/Desktop/SBSN/ros2_ws/install/simulation_msgs/local/lib/python3.10/dist-packages/simulation_msgs/simulation_msgs_s__rosidl_typesupport_fastrtps_c.cpython-310-x86_64-linux-gnu.so
[1.028s] -- Up-to-date: /home/adam/Desktop/SBSN/ros2_ws/install/simulation_msgs/local/lib/python3.10/dist-packages/simulation_msgs/simulation_msgs_s__rosidl_typesupport_c.cpython-310-x86_64-linux-gnu.so
[1.028s] -- Up-to-date: /home/adam/Desktop/SBSN/ros2_ws/install/simulation_msgs/local/lib/python3.10/dist-packages/simulation_msgs/_simulation_msgs_s.ep.rosidl_typesupport_introspection_c.c
[1.028s] -- Up-to-date: /home/adam/Desktop/SBSN/ros2_ws/install/simulation_msgs/local/lib/python3.10/dist-packages/simulation_msgs/_simulation_msgs_s.ep.rosidl_typesupport_c.c
[1.028s] -- Up-to-date: /home/adam/Desktop/SBSN/ros2_ws/install/simulation_msgs/local/lib/python3.10/dist-packages/simulation_msgs/simulation_msgs_s__rosidl_typesupport_introspection_c.cpython-310-x86_64-linux-gnu.so
[1.049s] Listing '/home/adam/Desktop/SBSN/ros2_ws/install/simulation_msgs/local/lib/python3.10/dist-packages/simulation_msgs'...
[1.049s] Listing '/home/adam/Desktop/SBSN/ros2_ws/install/simulation_msgs/local/lib/python3.10/dist-packages/simulation_msgs/msg'...
[1.054s] -- Up-to-date: /home/adam/Desktop/SBSN/ros2_ws/install/simulation_msgs/local/lib/python3.10/dist-packages/simulation_msgs/simulation_msgs_s__rosidl_typesupport_fastrtps_c.cpython-310-x86_64-linux-gnu.so
[1.054s] -- Up-to-date: /home/adam/Desktop/SBSN/ros2_ws/install/simulation_msgs/local/lib/python3.10/dist-packages/simulation_msgs/simulation_msgs_s__rosidl_typesupport_introspection_c.cpython-310-x86_64-linux-gnu.so
[1.054s] -- Up-to-date: /home/adam/Desktop/SBSN/ros2_ws/install/simulation_msgs/local/lib/python3.10/dist-packages/simulation_msgs/simulation_msgs_s__rosidl_typesupport_c.cpython-310-x86_64-linux-gnu.so
[1.054s] -- Up-to-date: /home/adam/Desktop/SBSN/ros2_ws/install/simulation_msgs/lib/libsimulation_msgs__rosidl_generator_py.so
[1.054s] -- Up-to-date: /home/adam/Desktop/SBSN/ros2_ws/install/simulation_msgs/share/simulation_msgs/msg/PersonEntry.idl
[1.054s] -- Up-to-date: /home/adam/Desktop/SBSN/ros2_ws/install/simulation_msgs/share/simulation_msgs/msg/PersonEntryArray.idl
[1.054s] -- Up-to-date: /home/adam/Desktop/SBSN/ros2_ws/install/simulation_msgs/share/simulation_msgs/msg/RealDepthImage.idl
[1.055s] -- Up-to-date: /home/adam/Desktop/SBSN/ros2_ws/install/simulation_msgs/share/simulation_msgs/msg/SceneInfo.idl
[1.055s] -- Up-to-date: /home/adam/Desktop/SBSN/ros2_ws/install/simulation_msgs/share/simulation_msgs/msg/TrialStart.idl
[1.055s] -- Up-to-date: /home/adam/Desktop/SBSN/ros2_ws/install/simulation_msgs/share/simulation_msgs/msg/PersonEntry.msg
[1.055s] -- Up-to-date: /home/adam/Desktop/SBSN/ros2_ws/install/simulation_msgs/share/simulation_msgs/msg/PersonEntryArray.msg
[1.055s] -- Up-to-date: /home/adam/Desktop/SBSN/ros2_ws/install/simulation_msgs/share/simulation_msgs/msg/RealDepthImage.msg
[1.055s] -- Up-to-date: /home/adam/Desktop/SBSN/ros2_ws/install/simulation_msgs/share/simulation_msgs/msg/SceneInfo.msg
[1.055s] -- Up-to-date: /home/adam/Desktop/SBSN/ros2_ws/install/simulation_msgs/share/simulation_msgs/msg/TrialStart.msg
[1.055s] -- Up-to-date: /home/adam/Desktop/SBSN/ros2_ws/install/simulation_msgs/share/simulation_msgs/bridge_mapping.yaml
[1.055s] -- Up-to-date: /home/adam/Desktop/SBSN/ros2_ws/install/simulation_msgs/share/ament_index/resource_index/package_run_dependencies/simulation_msgs
[1.055s] -- Up-to-date: /home/adam/Desktop/SBSN/ros2_ws/install/simulation_msgs/share/ament_index/resource_index/parent_prefix_path/simulation_msgs
[1.056s] -- Up-to-date: /home/adam/Desktop/SBSN/ros2_ws/install/simulation_msgs/share/simulation_msgs/environment/ament_prefix_path.sh
[1.056s] -- Up-to-date: /home/adam/Desktop/SBSN/ros2_ws/install/simulation_msgs/share/simulation_msgs/environment/ament_prefix_path.dsv
[1.056s] -- Up-to-date: /home/adam/Desktop/SBSN/ros2_ws/install/simulation_msgs/share/simulation_msgs/environment/path.sh
[1.056s] -- Up-to-date: /home/adam/Desktop/SBSN/ros2_ws/install/simulation_msgs/share/simulation_msgs/environment/path.dsv
[1.056s] -- Up-to-date: /home/adam/Desktop/SBSN/ros2_ws/install/simulation_msgs/share/simulation_msgs/local_setup.bash
[1.056s] -- Up-to-date: /home/adam/Desktop/SBSN/ros2_ws/install/simulation_msgs/share/simulation_msgs/local_setup.sh
[1.056s] -- Up-to-date: /home/adam/Desktop/SBSN/ros2_ws/install/simulation_msgs/share/simulation_msgs/local_setup.zsh
[1.056s] -- Up-to-date: /home/adam/Desktop/SBSN/ros2_ws/install/simulation_msgs/share/simulation_msgs/local_setup.dsv
[1.056s] -- Installing: /home/adam/Desktop/SBSN/ros2_ws/install/simulation_msgs/share/simulation_msgs/package.dsv
[1.056s] -- Up-to-date: /home/adam/Desktop/SBSN/ros2_ws/install/simulation_msgs/share/ament_index/resource_index/packages/simulation_msgs
[1.057s] -- Up-to-date: /home/adam/Desktop/SBSN/ros2_ws/install/simulation_msgs/share/simulation_msgs/cmake/export_simulation_msgs__rosidl_generator_cExport.cmake
[1.057s] -- Up-to-date: /home/adam/Desktop/SBSN/ros2_ws/install/simulation_msgs/share/simulation_msgs/cmake/export_simulation_msgs__rosidl_generator_cExport-release.cmake
[1.057s] -- Up-to-date: /home/adam/Desktop/SBSN/ros2_ws/install/simulation_msgs/share/simulation_msgs/cmake/export_simulation_msgs__rosidl_typesupport_fastrtps_cExport.cmake
[1.057s] -- Up-to-date: /home/adam/Desktop/SBSN/ros2_ws/install/simulation_msgs/share/simulation_msgs/cmake/export_simulation_msgs__rosidl_typesupport_fastrtps_cExport-release.cmake
[1.057s] -- Up-to-date: /home/adam/Desktop/SBSN/ros2_ws/install/simulation_msgs/share/simulation_msgs/cmake/export_simulation_msgs__rosidl_generator_cppExport.cmake
[1.057s] -- Up-to-date: /home/adam/Desktop/SBSN/ros2_ws/install/simulation_msgs/share/simulation_msgs/cmake/export_simulation_msgs__rosidl_typesupport_fastrtps_cppExport.cmake
[1.057s] -- Up-to-date: /home/adam/Desktop/SBSN/ros2_ws/install/simulation_msgs/share/simulation_msgs/cmake/export_simulation_msgs__rosidl_typesupport_fastrtps_cppExport-release.cmake
[1.057s] -- Up-to-date: /home/adam/Desktop/SBSN/ros2_ws/install/simulation_msgs/share/simulation_msgs/cmake/simulation_msgs__rosidl_typesupport_introspection_cExport.cmake
[1.057s] -- Up-to-date: /home/adam/Desktop/SBSN/ros2_ws/install/simulation_msgs/share/simulation_msgs/cmake/simulation_msgs__rosidl_typesupport_introspection_cExport-release.cmake
[1.057s] -- Up-to-date: /home/adam/Desktop/SBSN/ros2_ws/install/simulation_msgs/share/simulation_msgs/cmake/simulation_msgs__rosidl_typesupport_cExport.cmake
[1.057s] -- Up-to-date: /home/adam/Desktop/SBSN/ros2_ws/install/simulation_msgs/share/simulation_msgs/cmake/simulation_msgs__rosidl_typesupport_cExport-release.cmake
[1.057s] -- Up-to-date: /home/adam/Desktop/SBSN/ros2_ws/install/simulation_msgs/share/simulation_msgs/cmake/simulation_msgs__rosidl_typesupport_introspection_cppExport.cmake
[1.058s] -- Up-to-date: /home/adam/Desktop/SBSN/ros2_ws/install/simulation_msgs/share/simulation_msgs/cmake/simulation_msgs__rosidl_typesupport_introspection_cppExport-release.cmake
[1.058s] -- Up-to-date: /home/adam/Desktop/SBSN/ros2_ws/install/simulation_msgs/share/simulation_msgs/cmake/simulation_msgs__rosidl_typesupport_cppExport.cmake
[1.058s] -- Up-to-date: /home/adam/Desktop/SBSN/ros2_ws/install/simulation_msgs/share/simulation_msgs/cmake/simulation_msgs__rosidl_typesupport_cppExport-release.cmake
[1.058s] -- Up-to-date: /home/adam/Desktop/SBSN/ros2_ws/install/simulation_msgs/share/simulation_msgs/cmake/export_simulation_msgs__rosidl_generator_pyExport.cmake
[1.058s] -- Up-to-date: /home/adam/Desktop/SBSN/ros2_ws/install/simulation_msgs/share/simulation_msgs/cmake/export_simulation_msgs__rosidl_generator_pyExport-release.cmake
[1.058s] -- Up-to-date: /home/adam/Desktop/SBSN/ros2_ws/install/simulation_msgs/share/simulation_msgs/cmake/rosidl_cmake-extras.cmake
[1.058s] -- Up-to-date: /home/adam/Desktop/SBSN/ros2_ws/install/simulation_msgs/share/simulation_msgs/cmake/ament_cmake_export_dependencies-extras.cmake
[1.058s] -- Up-to-date: /home/adam/Desktop/SBSN/ros2_ws/install/simulation_msgs/share/simulation_msgs/cmake/ament_cmake_export_include_directories-extras.cmake
[1.058s] -- Up-to-date: /home/adam/Desktop/SBSN/ros2_ws/install/simulation_msgs/share/simulation_msgs/cmake/ament_cmake_export_libraries-extras.cmake
[1.058s] -- Up-to-date: /home/adam/Desktop/SBSN/ros2_ws/install/simulation_msgs/share/simulation_msgs/cmake/ament_cmake_export_targets-extras.cmake
[1.058s] -- Up-to-date: /home/adam/Desktop/SBSN/ros2_ws/install/simulation_msgs/share/simulation_msgs/cmake/rosidl_cmake_export_typesupport_targets-extras.cmake
[1.058s] -- Up-to-date: /home/adam/Desktop/SBSN/ros2_ws/install/simulation_msgs/share/simulation_msgs/cmake/rosidl_cmake_export_typesupport_libraries-extras.cmake
[1.058s] -- Up-to-date: /home/adam/Desktop/SBSN/ros2_ws/install/simulation_msgs/share/simulation_msgs/cmake/simulation_msgsConfig.cmake
[1.058s] -- Up-to-date: /home/adam/Desktop/SBSN/ros2_ws/install/simulation_msgs/share/simulation_msgs/cmake/simulation_msgsConfig-version.cmake
[1.059s] -- Up-to-date: /home/adam/Desktop/SBSN/ros2_ws/install/simulation_msgs/share/simulation_msgs/package.xml
[1.067s] Invoked command in '/home/adam/Desktop/SBSN/ros2_ws/build/simulation_msgs' returned '0': CMAKE_PREFIX_PATH=/opt/ros/humble /home/adam/.local/bin/cmake --install /home/adam/Desktop/SBSN/ros2_ws/build/simulation_msgs
