[0.047s] Invoking command in '/home/adam/Desktop/SBSN/ros2_ws/build/graph_msgs': CMAKE_PREFIX_PATH=/opt/ros/humble /home/adam/.local/bin/cmake /home/adam/Desktop/SBSN/ros2_ws/src/msgs/graph_msgs -DCMAKE_INSTALL_PREFIX=/home/adam/Desktop/SBSN/ros2_ws/install/graph_msgs
[0.312s] -- The C compiler identification is GNU 11.4.0
[0.315s] -- The CXX compiler identification is GNU 11.4.0
[0.325s] -- Detecting C compiler ABI info
[0.390s] -- Detecting C compiler ABI info - done
[0.411s] -- Check for working C compiler: /usr/bin/cc - skipped
[0.411s] -- Detecting C compile features
[0.412s] -- Detecting C compile features - done
[0.416s] -- Detecting CXX compiler ABI info
[0.487s] -- Detecting CXX compiler ABI info - done
[0.504s] -- Check for working CXX compiler: /usr/bin/c++ - skipped
[0.504s] -- Detecting CXX compile features
[0.505s] -- Detecting CXX compile features - done
[0.506s] [0mgraph_msgs: You did not request a specific build type: Choosing 'Release' for maximum performance[0m
[0.508s] -- Found ament_cmake: 1.3.9 (/opt/ros/humble/share/ament_cmake/cmake)
[0.613s] -- Found Python3: /usr/bin/python3 (found version "3.10.12") found components: Interpreter
[0.698s] -- Found std_msgs: 4.2.4 (/opt/ros/humble/share/std_msgs/cmake)
[0.741s] -- Found rosidl_generator_c: 3.1.5 (/opt/ros/humble/share/rosidl_generator_c/cmake)
[0.748s] -- Found rosidl_adapter: 3.1.5 (/opt/ros/humble/share/rosidl_adapter/cmake)
[0.761s] -- Found rosidl_generator_cpp: 3.1.5 (/opt/ros/humble/share/rosidl_generator_cpp/cmake)
[0.782s] -- Using all available rosidl_typesupport_c: rosidl_typesupport_fastrtps_c;rosidl_typesupport_introspection_c
[0.807s] -- Using all available rosidl_typesupport_cpp: rosidl_typesupport_fastrtps_cpp;rosidl_typesupport_introspection_cpp
[0.886s] -- Found geometry_msgs: 4.2.4 (/opt/ros/humble/share/geometry_msgs/cmake)
[0.961s] -- Found rosidl_default_generators: 1.2.0 (/opt/ros/humble/share/rosidl_default_generators/cmake)
[1.360s] -- Found ament_cmake_ros: 0.10.0 (/opt/ros/humble/share/ament_cmake_ros/cmake)
[1.984s] -- Using all available rosidl_typesupport_c: rosidl_typesupport_fastrtps_c;rosidl_typesupport_introspection_c
[2.218s] -- Using all available rosidl_typesupport_cpp: rosidl_typesupport_fastrtps_cpp;rosidl_typesupport_introspection_cpp
[2.220s] [33mCMake Warning (dev) at /opt/ros/humble/share/rosidl_generator_py/cmake/rosidl_generator_py_generate_interfaces.cmake:20 (find_package):
[2.221s]   Policy CMP0148 is not set: The FindPythonInterp and FindPythonLibs modules
[2.221s]   are removed.  Run "cmake --help-policy CMP0148" for policy details.  Use
[2.221s]   the cmake_policy command to set the policy and suppress this warning.
[2.221s] 
[2.221s] Call Stack (most recent call first):
[2.221s]   /opt/ros/humble/share/ament_cmake_core/cmake/core/ament_execute_extensions.cmake:48 (include)
[2.221s]   /opt/ros/humble/share/rosidl_cmake/cmake/rosidl_generate_interfaces.cmake:286 (ament_execute_extensions)
[2.221s]   CMakeLists.txt:42 (rosidl_generate_interfaces)
[2.221s] This warning is for project developers.  Use -Wno-dev to suppress it.
[2.221s] [0m
[2.234s] -- Found PythonInterp: /usr/bin/python3 (found suitable version "3.10.12", minimum required is "3.6")
[2.236s] -- Found python_cmake_module: 0.10.0 (/opt/ros/humble/share/python_cmake_module/cmake)
[2.237s] [33mCMake Warning (dev) at /opt/ros/humble/share/python_cmake_module/cmake/Modules/FindPythonExtra.cmake:52 (find_package):
[2.237s]   Policy CMP0148 is not set: The FindPythonInterp and FindPythonLibs modules
[2.237s]   are removed.  Run "cmake --help-policy CMP0148" for policy details.  Use
[2.237s]   the cmake_policy command to set the policy and suppress this warning.
[2.237s] 
[2.237s] Call Stack (most recent call first):
[2.237s]   /opt/ros/humble/share/rosidl_generator_py/cmake/rosidl_generator_py_generate_interfaces.cmake:23 (find_package)
[2.237s]   /opt/ros/humble/share/ament_cmake_core/cmake/core/ament_execute_extensions.cmake:48 (include)
[2.237s]   /opt/ros/humble/share/rosidl_cmake/cmake/rosidl_generate_interfaces.cmake:286 (ament_execute_extensions)
[2.237s]   CMakeLists.txt:42 (rosidl_generate_interfaces)
[2.237s] This warning is for project developers.  Use -Wno-dev to suppress it.
[2.237s] [0m
[2.250s] [33mCMake Warning (dev) at /opt/ros/humble/share/python_cmake_module/cmake/Modules/FindPythonExtra.cmake:140 (find_package):
[2.250s]   Policy CMP0148 is not set: The FindPythonInterp and FindPythonLibs modules
[2.250s]   are removed.  Run "cmake --help-policy CMP0148" for policy details.  Use
[2.250s]   the cmake_policy command to set the policy and suppress this warning.
[2.250s] 
[2.250s] Call Stack (most recent call first):
[2.250s]   /opt/ros/humble/share/rosidl_generator_py/cmake/rosidl_generator_py_generate_interfaces.cmake:23 (find_package)
[2.250s]   /opt/ros/humble/share/ament_cmake_core/cmake/core/ament_execute_extensions.cmake:48 (include)
[2.250s]   /opt/ros/humble/share/rosidl_cmake/cmake/rosidl_generate_interfaces.cmake:286 (ament_execute_extensions)
[2.250s]   CMakeLists.txt:42 (rosidl_generate_interfaces)
[2.251s] This warning is for project developers.  Use -Wno-dev to suppress it.
[2.251s] [0m
[2.258s] -- Found PythonLibs: /usr/lib/x86_64-linux-gnu/libpython3.10.so (found suitable version "3.10.12", minimum required is "3.5")
[2.259s] -- Using PYTHON_EXECUTABLE: /usr/bin/python3
[2.259s] -- Using PYTHON_INCLUDE_DIRS: /usr/include/python3.10
[2.259s] -- Using PYTHON_LIBRARIES: /usr/lib/x86_64-linux-gnu/libpython3.10.so
[2.273s] -- Found PythonExtra: .so
[2.342s] -- Found ament_lint_auto: 0.12.11 (/opt/ros/humble/share/ament_lint_auto/cmake)
[2.360s] -- Added test 'copyright' to check source files copyright and LICENSE
[2.361s] -- Added test 'lint_cmake' to check CMake code style
[2.362s] -- Added test 'xmllint' to check XML markup files
[2.364s] -- Configuring done (2.2s)
[2.410s] -- Generating done (0.0s)
[2.412s] -- Build files have been written to: /home/adam/Desktop/SBSN/ros2_ws/build/graph_msgs
[2.429s] Invoked command in '/home/adam/Desktop/SBSN/ros2_ws/build/graph_msgs' returned '0': CMAKE_PREFIX_PATH=/opt/ros/humble /home/adam/.local/bin/cmake /home/adam/Desktop/SBSN/ros2_ws/src/msgs/graph_msgs -DCMAKE_INSTALL_PREFIX=/home/adam/Desktop/SBSN/ros2_ws/install/graph_msgs
[2.431s] Invoking command in '/home/adam/Desktop/SBSN/ros2_ws/build/graph_msgs': CMAKE_PREFIX_PATH=/opt/ros/humble /home/adam/.local/bin/cmake --build /home/adam/Desktop/SBSN/ros2_ws/build/graph_msgs -- -j16 -l16
[2.518s] [  2%] [34m[1mGenerating C code for ROS interfaces[0m
[2.525s] [  4%] [34m[1mGenerating C++ code for ROS interfaces[0m
[2.526s] [  4%] Built target ament_cmake_python_copy_graph_msgs
[2.743s] running egg_info
[2.743s] creating graph_msgs.egg-info
[2.744s] writing graph_msgs.egg-info/PKG-INFO
[2.744s] writing dependency_links to graph_msgs.egg-info/dependency_links.txt
[2.744s] writing top-level names to graph_msgs.egg-info/top_level.txt
[2.744s] writing manifest file 'graph_msgs.egg-info/SOURCES.txt'
[2.746s] reading manifest file 'graph_msgs.egg-info/SOURCES.txt'
[2.746s] writing manifest file 'graph_msgs.egg-info/SOURCES.txt'
[2.769s] [  4%] Built target ament_cmake_python_build_graph_msgs_egg
[2.900s] [  8%] [32mBuilding C object CMakeFiles/graph_msgs__rosidl_generator_c.dir/rosidl_generator_c/graph_msgs/msg/detail/graph_node__functions.c.o[0m
[2.901s] [ 10%] [32mBuilding C object CMakeFiles/graph_msgs__rosidl_generator_c.dir/rosidl_generator_c/graph_msgs/msg/detail/graph_edge__functions.c.o[0m
[2.901s] [ 10%] [32mBuilding C object CMakeFiles/graph_msgs__rosidl_generator_c.dir/rosidl_generator_c/graph_msgs/msg/detail/graph_nav__functions.c.o[0m
[2.988s] [ 10%] Built target graph_msgs__cpp
[2.992s] [ 12%] [34m[1mGenerating C++ type support dispatch for ROS interfaces[0m
[2.995s] [ 14%] [34m[1mGenerating C++ introspection for ROS interfaces[0m
[2.995s] [ 17%] [34m[1mGenerating C++ type support for eProsima Fast-RTPS[0m
[3.054s] [ 19%] [32m[1mLinking C shared library libgraph_msgs__rosidl_generator_c.so[0m
[3.078s] [ 19%] Built target graph_msgs__rosidl_generator_c
[3.086s] [ 23%] [34m[1mGenerating C introspection for ROS interfaces[0m
[3.086s] [ 23%] [34m[1mGenerating C type support for eProsima Fast-RTPS[0m
[3.086s] [ 25%] [34m[1mGenerating C type support dispatch for ROS interfaces[0m
[3.411s] [ 27%] [32mBuilding CXX object CMakeFiles/graph_msgs__rosidl_typesupport_introspection_cpp.dir/rosidl_typesupport_introspection_cpp/graph_msgs/msg/detail/graph_node__type_support.cpp.o[0m
[3.412s] [ 29%] [32mBuilding CXX object CMakeFiles/graph_msgs__rosidl_typesupport_introspection_cpp.dir/rosidl_typesupport_introspection_cpp/graph_msgs/msg/detail/graph_nav__type_support.cpp.o[0m
[3.412s] [ 31%] [32mBuilding CXX object CMakeFiles/graph_msgs__rosidl_typesupport_introspection_cpp.dir/rosidl_typesupport_introspection_cpp/graph_msgs/msg/detail/graph_edge__type_support.cpp.o[0m
[3.432s] [ 34%] [32mBuilding CXX object CMakeFiles/graph_msgs__rosidl_typesupport_cpp.dir/rosidl_typesupport_cpp/graph_msgs/msg/graph_node__type_support.cpp.o[0m
[3.435s] [ 36%] [32mBuilding CXX object CMakeFiles/graph_msgs__rosidl_typesupport_cpp.dir/rosidl_typesupport_cpp/graph_msgs/msg/graph_nav__type_support.cpp.o[0m
[3.436s] [ 38%] [32mBuilding CXX object CMakeFiles/graph_msgs__rosidl_typesupport_cpp.dir/rosidl_typesupport_cpp/graph_msgs/msg/graph_edge__type_support.cpp.o[0m
[3.477s] [ 40%] [32mBuilding CXX object CMakeFiles/graph_msgs__rosidl_typesupport_fastrtps_cpp.dir/rosidl_typesupport_fastrtps_cpp/graph_msgs/msg/detail/dds_fastrtps/graph_node__type_support.cpp.o[0m
[3.482s] [ 42%] [32mBuilding CXX object CMakeFiles/graph_msgs__rosidl_typesupport_fastrtps_cpp.dir/rosidl_typesupport_fastrtps_cpp/graph_msgs/msg/detail/dds_fastrtps/graph_nav__type_support.cpp.o[0m
[3.482s] [ 44%] [32mBuilding CXX object CMakeFiles/graph_msgs__rosidl_typesupport_fastrtps_cpp.dir/rosidl_typesupport_fastrtps_cpp/graph_msgs/msg/detail/dds_fastrtps/graph_edge__type_support.cpp.o[0m
[3.562s] [ 46%] [32mBuilding CXX object CMakeFiles/graph_msgs__rosidl_typesupport_c.dir/rosidl_typesupport_c/graph_msgs/msg/graph_node__type_support.cpp.o[0m
[3.569s] [ 48%] [32mBuilding CXX object CMakeFiles/graph_msgs__rosidl_typesupport_c.dir/rosidl_typesupport_c/graph_msgs/msg/graph_nav__type_support.cpp.o[0m
[3.577s] [ 51%] [32mBuilding CXX object CMakeFiles/graph_msgs__rosidl_typesupport_c.dir/rosidl_typesupport_c/graph_msgs/msg/graph_edge__type_support.cpp.o[0m
[3.577s] [ 53%] [32mBuilding C object CMakeFiles/graph_msgs__rosidl_typesupport_introspection_c.dir/rosidl_typesupport_introspection_c/graph_msgs/msg/detail/graph_node__type_support.c.o[0m
[3.578s] [ 55%] [32mBuilding CXX object CMakeFiles/graph_msgs__rosidl_typesupport_fastrtps_c.dir/rosidl_typesupport_fastrtps_c/graph_msgs/msg/detail/graph_node__type_support_c.cpp.o[0m
[3.578s] [ 57%] [32mBuilding C object CMakeFiles/graph_msgs__rosidl_typesupport_introspection_c.dir/rosidl_typesupport_introspection_c/graph_msgs/msg/detail/graph_nav__type_support.c.o[0m
[3.581s] [ 59%] [32mBuilding CXX object CMakeFiles/graph_msgs__rosidl_typesupport_fastrtps_c.dir/rosidl_typesupport_fastrtps_c/graph_msgs/msg/detail/graph_nav__type_support_c.cpp.o[0m
[3.660s] [ 61%] [32mBuilding C object CMakeFiles/graph_msgs__rosidl_typesupport_introspection_c.dir/rosidl_typesupport_introspection_c/graph_msgs/msg/detail/graph_edge__type_support.c.o[0m
[3.671s] [ 63%] [32mBuilding CXX object CMakeFiles/graph_msgs__rosidl_typesupport_fastrtps_c.dir/rosidl_typesupport_fastrtps_c/graph_msgs/msg/detail/graph_edge__type_support_c.cpp.o[0m
[3.675s] [ 65%] [32m[1mLinking CXX shared library libgraph_msgs__rosidl_typesupport_c.so[0m
[3.749s] [ 68%] [32m[1mLinking C shared library libgraph_msgs__rosidl_typesupport_introspection_c.so[0m
[3.795s] [ 68%] Built target graph_msgs__rosidl_typesupport_c
[3.834s] [ 68%] Built target graph_msgs__rosidl_typesupport_introspection_c
[4.588s] [ 70%] [32m[1mLinking CXX shared library libgraph_msgs__rosidl_typesupport_cpp.so[0m
[4.672s] [ 70%] Built target graph_msgs__rosidl_typesupport_cpp
[4.909s] [ 72%] [32m[1mLinking CXX shared library libgraph_msgs__rosidl_typesupport_fastrtps_cpp.so[0m
[4.937s] [ 74%] [32m[1mLinking CXX shared library libgraph_msgs__rosidl_typesupport_fastrtps_c.so[0m
[5.035s] [ 74%] Built target graph_msgs__rosidl_typesupport_fastrtps_cpp
[5.044s] [ 74%] Built target graph_msgs__rosidl_typesupport_fastrtps_c
[5.049s] [ 76%] [32m[1mLinking CXX shared library libgraph_msgs__rosidl_typesupport_introspection_cpp.so[0m
[5.119s] [ 76%] Built target graph_msgs__rosidl_typesupport_introspection_cpp
[5.131s] [ 76%] Built target graph_msgs
[5.159s] [ 78%] [34m[1mGenerating Python code for ROS interfaces[0m
[5.903s] [ 78%] Built target graph_msgs__py
[5.929s] [ 80%] [32mBuilding C object CMakeFiles/graph_msgs__rosidl_generator_py.dir/rosidl_generator_py/graph_msgs/msg/_graph_node_s.c.o[0m
[5.936s] [ 82%] [32mBuilding C object CMakeFiles/graph_msgs__rosidl_generator_py.dir/rosidl_generator_py/graph_msgs/msg/_graph_nav_s.c.o[0m
[5.937s] [ 85%] [32mBuilding C object CMakeFiles/graph_msgs__rosidl_generator_py.dir/rosidl_generator_py/graph_msgs/msg/_graph_edge_s.c.o[0m
[6.215s] [ 87%] [32m[1mLinking C shared library rosidl_generator_py/graph_msgs/libgraph_msgs__rosidl_generator_py.so[0m
[6.252s] [ 87%] Built target graph_msgs__rosidl_generator_py
[6.260s] [ 93%] [32mBuilding C object CMakeFiles/graph_msgs__rosidl_typesupport_introspection_c__pyext.dir/rosidl_generator_py/graph_msgs/_graph_msgs_s.ep.rosidl_typesupport_introspection_c.c.o[0m
[6.260s] [ 93%] [32mBuilding C object CMakeFiles/graph_msgs__rosidl_typesupport_fastrtps_c__pyext.dir/rosidl_generator_py/graph_msgs/_graph_msgs_s.ep.rosidl_typesupport_fastrtps_c.c.o[0m
[6.260s] [ 93%] [32mBuilding C object CMakeFiles/graph_msgs__rosidl_typesupport_c__pyext.dir/rosidl_generator_py/graph_msgs/_graph_msgs_s.ep.rosidl_typesupport_c.c.o[0m
[6.411s] [ 97%] [32m[1mLinking C shared library rosidl_generator_py/graph_msgs/graph_msgs_s__rosidl_typesupport_fastrtps_c.cpython-310-x86_64-linux-gnu.so[0m
[6.411s] [ 97%] [32m[1mLinking C shared library rosidl_generator_py/graph_msgs/graph_msgs_s__rosidl_typesupport_introspection_c.cpython-310-x86_64-linux-gnu.so[0m
[6.411s] [100%] [32m[1mLinking C shared library rosidl_generator_py/graph_msgs/graph_msgs_s__rosidl_typesupport_c.cpython-310-x86_64-linux-gnu.so[0m
[6.434s] [100%] Built target graph_msgs__rosidl_typesupport_c__pyext
[6.437s] [100%] Built target graph_msgs__rosidl_typesupport_introspection_c__pyext
[6.439s] [100%] Built target graph_msgs__rosidl_typesupport_fastrtps_c__pyext
[6.454s] Invoked command in '/home/adam/Desktop/SBSN/ros2_ws/build/graph_msgs' returned '0': CMAKE_PREFIX_PATH=/opt/ros/humble /home/adam/.local/bin/cmake --build /home/adam/Desktop/SBSN/ros2_ws/build/graph_msgs -- -j16 -l16
[6.613s] Invoking command in '/home/adam/Desktop/SBSN/ros2_ws/build/graph_msgs': CMAKE_PREFIX_PATH=/opt/ros/humble /home/adam/.local/bin/cmake --install /home/adam/Desktop/SBSN/ros2_ws/build/graph_msgs
[6.688s] -- Install configuration: "Release"
[6.688s] -- Installing: /home/adam/Desktop/SBSN/ros2_ws/install/graph_msgs/share/ament_index/resource_index/rosidl_interfaces/graph_msgs
[6.688s] -- Installing: /home/adam/Desktop/SBSN/ros2_ws/install/graph_msgs/include/graph_msgs/graph_msgs
[6.688s] -- Installing: /home/adam/Desktop/SBSN/ros2_ws/install/graph_msgs/include/graph_msgs/graph_msgs/msg
[6.688s] -- Installing: /home/adam/Desktop/SBSN/ros2_ws/install/graph_msgs/include/graph_msgs/graph_msgs/msg/graph_node.h
[6.689s] -- Installing: /home/adam/Desktop/SBSN/ros2_ws/install/graph_msgs/include/graph_msgs/graph_msgs/msg/graph_edge.h
[6.689s] -- Installing: /home/adam/Desktop/SBSN/ros2_ws/install/graph_msgs/include/graph_msgs/graph_msgs/msg/graph_nav.h
[6.689s] -- Installing: /home/adam/Desktop/SBSN/ros2_ws/install/graph_msgs/include/graph_msgs/graph_msgs/msg/detail
[6.689s] -- Installing: /home/adam/Desktop/SBSN/ros2_ws/install/graph_msgs/include/graph_msgs/graph_msgs/msg/detail/graph_node__type_support.h
[6.689s] -- Installing: /home/adam/Desktop/SBSN/ros2_ws/install/graph_msgs/include/graph_msgs/graph_msgs/msg/detail/graph_nav__functions.c
[6.689s] -- Installing: /home/adam/Desktop/SBSN/ros2_ws/install/graph_msgs/include/graph_msgs/graph_msgs/msg/detail/graph_node__functions.c
[6.689s] -- Installing: /home/adam/Desktop/SBSN/ros2_ws/install/graph_msgs/include/graph_msgs/graph_msgs/msg/detail/graph_edge__functions.h
[6.689s] -- Installing: /home/adam/Desktop/SBSN/ros2_ws/install/graph_msgs/include/graph_msgs/graph_msgs/msg/detail/graph_edge__functions.c
[6.689s] -- Installing: /home/adam/Desktop/SBSN/ros2_ws/install/graph_msgs/include/graph_msgs/graph_msgs/msg/detail/graph_node__struct.h
[6.689s] -- Installing: /home/adam/Desktop/SBSN/ros2_ws/install/graph_msgs/include/graph_msgs/graph_msgs/msg/detail/graph_nav__functions.h
[6.690s] -- Installing: /home/adam/Desktop/SBSN/ros2_ws/install/graph_msgs/include/graph_msgs/graph_msgs/msg/detail/graph_nav__type_support.h
[6.690s] -- Installing: /home/adam/Desktop/SBSN/ros2_ws/install/graph_msgs/include/graph_msgs/graph_msgs/msg/detail/graph_node__functions.h
[6.690s] -- Installing: /home/adam/Desktop/SBSN/ros2_ws/install/graph_msgs/include/graph_msgs/graph_msgs/msg/detail/graph_edge__type_support.h
[6.690s] -- Installing: /home/adam/Desktop/SBSN/ros2_ws/install/graph_msgs/include/graph_msgs/graph_msgs/msg/detail/graph_edge__struct.h
[6.690s] -- Installing: /home/adam/Desktop/SBSN/ros2_ws/install/graph_msgs/include/graph_msgs/graph_msgs/msg/detail/graph_nav__struct.h
[6.690s] -- Installing: /home/adam/Desktop/SBSN/ros2_ws/install/graph_msgs/include/graph_msgs/graph_msgs/msg/rosidl_generator_c__visibility_control.h
[6.690s] -- Installing: /home/adam/Desktop/SBSN/ros2_ws/install/graph_msgs/share/graph_msgs/environment/library_path.sh
[6.690s] -- Installing: /home/adam/Desktop/SBSN/ros2_ws/install/graph_msgs/share/graph_msgs/environment/library_path.dsv
[6.690s] -- Installing: /home/adam/Desktop/SBSN/ros2_ws/install/graph_msgs/lib/libgraph_msgs__rosidl_generator_c.so
[6.690s] -- Set non-toolchain portion of runtime path of "/home/adam/Desktop/SBSN/ros2_ws/install/graph_msgs/lib/libgraph_msgs__rosidl_generator_c.so" to ""
[6.690s] -- Up-to-date: /home/adam/Desktop/SBSN/ros2_ws/install/graph_msgs/include/graph_msgs/graph_msgs
[6.690s] -- Up-to-date: /home/adam/Desktop/SBSN/ros2_ws/install/graph_msgs/include/graph_msgs/graph_msgs/msg
[6.690s] -- Installing: /home/adam/Desktop/SBSN/ros2_ws/install/graph_msgs/include/graph_msgs/graph_msgs/msg/rosidl_typesupport_fastrtps_c__visibility_control.h
[6.690s] -- Up-to-date: /home/adam/Desktop/SBSN/ros2_ws/install/graph_msgs/include/graph_msgs/graph_msgs/msg/detail
[6.691s] -- Installing: /home/adam/Desktop/SBSN/ros2_ws/install/graph_msgs/include/graph_msgs/graph_msgs/msg/detail/graph_edge__rosidl_typesupport_fastrtps_c.h
[6.691s] -- Installing: /home/adam/Desktop/SBSN/ros2_ws/install/graph_msgs/include/graph_msgs/graph_msgs/msg/detail/graph_node__rosidl_typesupport_fastrtps_c.h
[6.691s] -- Installing: /home/adam/Desktop/SBSN/ros2_ws/install/graph_msgs/include/graph_msgs/graph_msgs/msg/detail/graph_nav__rosidl_typesupport_fastrtps_c.h
[6.691s] -- Installing: /home/adam/Desktop/SBSN/ros2_ws/install/graph_msgs/lib/libgraph_msgs__rosidl_typesupport_fastrtps_c.so
[6.691s] -- Set non-toolchain portion of runtime path of "/home/adam/Desktop/SBSN/ros2_ws/install/graph_msgs/lib/libgraph_msgs__rosidl_typesupport_fastrtps_c.so" to ""
[6.691s] -- Up-to-date: /home/adam/Desktop/SBSN/ros2_ws/install/graph_msgs/include/graph_msgs/graph_msgs
[6.691s] -- Up-to-date: /home/adam/Desktop/SBSN/ros2_ws/install/graph_msgs/include/graph_msgs/graph_msgs/msg
[6.691s] -- Installing: /home/adam/Desktop/SBSN/ros2_ws/install/graph_msgs/include/graph_msgs/graph_msgs/msg/graph_edge.hpp
[6.691s] -- Installing: /home/adam/Desktop/SBSN/ros2_ws/install/graph_msgs/include/graph_msgs/graph_msgs/msg/graph_nav.hpp
[6.691s] -- Installing: /home/adam/Desktop/SBSN/ros2_ws/install/graph_msgs/include/graph_msgs/graph_msgs/msg/graph_node.hpp
[6.692s] -- Up-to-date: /home/adam/Desktop/SBSN/ros2_ws/install/graph_msgs/include/graph_msgs/graph_msgs/msg/detail
[6.692s] -- Installing: /home/adam/Desktop/SBSN/ros2_ws/install/graph_msgs/include/graph_msgs/graph_msgs/msg/detail/graph_nav__builder.hpp
[6.692s] -- Installing: /home/adam/Desktop/SBSN/ros2_ws/install/graph_msgs/include/graph_msgs/graph_msgs/msg/detail/graph_node__builder.hpp
[6.692s] -- Installing: /home/adam/Desktop/SBSN/ros2_ws/install/graph_msgs/include/graph_msgs/graph_msgs/msg/detail/graph_nav__traits.hpp
[6.692s] -- Installing: /home/adam/Desktop/SBSN/ros2_ws/install/graph_msgs/include/graph_msgs/graph_msgs/msg/detail/graph_node__traits.hpp
[6.692s] -- Installing: /home/adam/Desktop/SBSN/ros2_ws/install/graph_msgs/include/graph_msgs/graph_msgs/msg/detail/graph_edge__builder.hpp
[6.692s] -- Installing: /home/adam/Desktop/SBSN/ros2_ws/install/graph_msgs/include/graph_msgs/graph_msgs/msg/detail/graph_nav__struct.hpp
[6.692s] -- Installing: /home/adam/Desktop/SBSN/ros2_ws/install/graph_msgs/include/graph_msgs/graph_msgs/msg/detail/graph_node__struct.hpp
[6.693s] -- Installing: /home/adam/Desktop/SBSN/ros2_ws/install/graph_msgs/include/graph_msgs/graph_msgs/msg/detail/graph_edge__struct.hpp
[6.693s] -- Installing: /home/adam/Desktop/SBSN/ros2_ws/install/graph_msgs/include/graph_msgs/graph_msgs/msg/detail/graph_edge__traits.hpp
[6.693s] -- Up-to-date: /home/adam/Desktop/SBSN/ros2_ws/install/graph_msgs/include/graph_msgs/graph_msgs
[6.693s] -- Up-to-date: /home/adam/Desktop/SBSN/ros2_ws/install/graph_msgs/include/graph_msgs/graph_msgs/msg
[6.693s] -- Installing: /home/adam/Desktop/SBSN/ros2_ws/install/graph_msgs/include/graph_msgs/graph_msgs/msg/rosidl_typesupport_fastrtps_cpp__visibility_control.h
[6.693s] -- Up-to-date: /home/adam/Desktop/SBSN/ros2_ws/install/graph_msgs/include/graph_msgs/graph_msgs/msg/detail
[6.693s] -- Installing: /home/adam/Desktop/SBSN/ros2_ws/install/graph_msgs/include/graph_msgs/graph_msgs/msg/detail/graph_node__rosidl_typesupport_fastrtps_cpp.hpp
[6.693s] -- Installing: /home/adam/Desktop/SBSN/ros2_ws/install/graph_msgs/include/graph_msgs/graph_msgs/msg/detail/graph_edge__rosidl_typesupport_fastrtps_cpp.hpp
[6.693s] -- Installing: /home/adam/Desktop/SBSN/ros2_ws/install/graph_msgs/include/graph_msgs/graph_msgs/msg/detail/graph_nav__rosidl_typesupport_fastrtps_cpp.hpp
[6.693s] -- Installing: /home/adam/Desktop/SBSN/ros2_ws/install/graph_msgs/include/graph_msgs/graph_msgs/msg/detail/dds_fastrtps
[6.693s] -- Installing: /home/adam/Desktop/SBSN/ros2_ws/install/graph_msgs/lib/libgraph_msgs__rosidl_typesupport_fastrtps_cpp.so
[6.694s] -- Set non-toolchain portion of runtime path of "/home/adam/Desktop/SBSN/ros2_ws/install/graph_msgs/lib/libgraph_msgs__rosidl_typesupport_fastrtps_cpp.so" to ""
[6.694s] -- Up-to-date: /home/adam/Desktop/SBSN/ros2_ws/install/graph_msgs/include/graph_msgs/graph_msgs
[6.694s] -- Up-to-date: /home/adam/Desktop/SBSN/ros2_ws/install/graph_msgs/include/graph_msgs/graph_msgs/msg
[6.694s] -- Up-to-date: /home/adam/Desktop/SBSN/ros2_ws/install/graph_msgs/include/graph_msgs/graph_msgs/msg/detail
[6.694s] -- Installing: /home/adam/Desktop/SBSN/ros2_ws/install/graph_msgs/include/graph_msgs/graph_msgs/msg/detail/graph_edge__type_support.c
[6.694s] -- Installing: /home/adam/Desktop/SBSN/ros2_ws/install/graph_msgs/include/graph_msgs/graph_msgs/msg/detail/graph_node__type_support.c
[6.694s] -- Installing: /home/adam/Desktop/SBSN/ros2_ws/install/graph_msgs/include/graph_msgs/graph_msgs/msg/detail/graph_edge__rosidl_typesupport_introspection_c.h
[6.694s] -- Installing: /home/adam/Desktop/SBSN/ros2_ws/install/graph_msgs/include/graph_msgs/graph_msgs/msg/detail/graph_nav__type_support.c
[6.694s] -- Installing: /home/adam/Desktop/SBSN/ros2_ws/install/graph_msgs/include/graph_msgs/graph_msgs/msg/detail/graph_nav__rosidl_typesupport_introspection_c.h
[6.694s] -- Installing: /home/adam/Desktop/SBSN/ros2_ws/install/graph_msgs/include/graph_msgs/graph_msgs/msg/detail/graph_node__rosidl_typesupport_introspection_c.h
[6.694s] -- Installing: /home/adam/Desktop/SBSN/ros2_ws/install/graph_msgs/include/graph_msgs/graph_msgs/msg/rosidl_typesupport_introspection_c__visibility_control.h
[6.694s] -- Installing: /home/adam/Desktop/SBSN/ros2_ws/install/graph_msgs/lib/libgraph_msgs__rosidl_typesupport_introspection_c.so
[6.694s] -- Set non-toolchain portion of runtime path of "/home/adam/Desktop/SBSN/ros2_ws/install/graph_msgs/lib/libgraph_msgs__rosidl_typesupport_introspection_c.so" to ""
[6.694s] -- Installing: /home/adam/Desktop/SBSN/ros2_ws/install/graph_msgs/lib/libgraph_msgs__rosidl_typesupport_c.so
[6.695s] -- Set non-toolchain portion of runtime path of "/home/adam/Desktop/SBSN/ros2_ws/install/graph_msgs/lib/libgraph_msgs__rosidl_typesupport_c.so" to ""
[6.695s] -- Up-to-date: /home/adam/Desktop/SBSN/ros2_ws/install/graph_msgs/include/graph_msgs/graph_msgs
[6.695s] -- Up-to-date: /home/adam/Desktop/SBSN/ros2_ws/install/graph_msgs/include/graph_msgs/graph_msgs/msg
[6.695s] -- Up-to-date: /home/adam/Desktop/SBSN/ros2_ws/install/graph_msgs/include/graph_msgs/graph_msgs/msg/detail
[6.695s] -- Installing: /home/adam/Desktop/SBSN/ros2_ws/install/graph_msgs/include/graph_msgs/graph_msgs/msg/detail/graph_node__type_support.cpp
[6.695s] -- Installing: /home/adam/Desktop/SBSN/ros2_ws/install/graph_msgs/include/graph_msgs/graph_msgs/msg/detail/graph_nav__type_support.cpp
[6.695s] -- Installing: /home/adam/Desktop/SBSN/ros2_ws/install/graph_msgs/include/graph_msgs/graph_msgs/msg/detail/graph_edge__rosidl_typesupport_introspection_cpp.hpp
[6.695s] -- Installing: /home/adam/Desktop/SBSN/ros2_ws/install/graph_msgs/include/graph_msgs/graph_msgs/msg/detail/graph_edge__type_support.cpp
[6.695s] -- Installing: /home/adam/Desktop/SBSN/ros2_ws/install/graph_msgs/include/graph_msgs/graph_msgs/msg/detail/graph_nav__rosidl_typesupport_introspection_cpp.hpp
[6.695s] -- Installing: /home/adam/Desktop/SBSN/ros2_ws/install/graph_msgs/include/graph_msgs/graph_msgs/msg/detail/graph_node__rosidl_typesupport_introspection_cpp.hpp
[6.695s] -- Installing: /home/adam/Desktop/SBSN/ros2_ws/install/graph_msgs/lib/libgraph_msgs__rosidl_typesupport_introspection_cpp.so
[6.695s] -- Set non-toolchain portion of runtime path of "/home/adam/Desktop/SBSN/ros2_ws/install/graph_msgs/lib/libgraph_msgs__rosidl_typesupport_introspection_cpp.so" to ""
[6.695s] -- Installing: /home/adam/Desktop/SBSN/ros2_ws/install/graph_msgs/lib/libgraph_msgs__rosidl_typesupport_cpp.so
[6.695s] -- Set non-toolchain portion of runtime path of "/home/adam/Desktop/SBSN/ros2_ws/install/graph_msgs/lib/libgraph_msgs__rosidl_typesupport_cpp.so" to ""
[6.696s] -- Installing: /home/adam/Desktop/SBSN/ros2_ws/install/graph_msgs/share/graph_msgs/environment/pythonpath.sh
[6.696s] -- Installing: /home/adam/Desktop/SBSN/ros2_ws/install/graph_msgs/share/graph_msgs/environment/pythonpath.dsv
[6.696s] -- Installing: /home/adam/Desktop/SBSN/ros2_ws/install/graph_msgs/local/lib/python3.10/dist-packages/graph_msgs-0.0.0-py3.10.egg-info
[6.696s] -- Installing: /home/adam/Desktop/SBSN/ros2_ws/install/graph_msgs/local/lib/python3.10/dist-packages/graph_msgs-0.0.0-py3.10.egg-info/dependency_links.txt
[6.697s] -- Installing: /home/adam/Desktop/SBSN/ros2_ws/install/graph_msgs/local/lib/python3.10/dist-packages/graph_msgs-0.0.0-py3.10.egg-info/SOURCES.txt
[6.697s] -- Installing: /home/adam/Desktop/SBSN/ros2_ws/install/graph_msgs/local/lib/python3.10/dist-packages/graph_msgs-0.0.0-py3.10.egg-info/PKG-INFO
[6.697s] -- Installing: /home/adam/Desktop/SBSN/ros2_ws/install/graph_msgs/local/lib/python3.10/dist-packages/graph_msgs-0.0.0-py3.10.egg-info/top_level.txt
[6.697s] -- Installing: /home/adam/Desktop/SBSN/ros2_ws/install/graph_msgs/local/lib/python3.10/dist-packages/graph_msgs
[6.697s] -- Installing: /home/adam/Desktop/SBSN/ros2_ws/install/graph_msgs/local/lib/python3.10/dist-packages/graph_msgs/libgraph_msgs__rosidl_generator_py.so
[6.698s] -- Installing: /home/adam/Desktop/SBSN/ros2_ws/install/graph_msgs/local/lib/python3.10/dist-packages/graph_msgs/_graph_msgs_s.ep.rosidl_typesupport_fastrtps_c.c
[6.698s] -- Installing: /home/adam/Desktop/SBSN/ros2_ws/install/graph_msgs/local/lib/python3.10/dist-packages/graph_msgs/_graph_msgs_s.ep.rosidl_typesupport_c.c
[6.698s] -- Installing: /home/adam/Desktop/SBSN/ros2_ws/install/graph_msgs/local/lib/python3.10/dist-packages/graph_msgs/msg
[6.698s] -- Installing: /home/adam/Desktop/SBSN/ros2_ws/install/graph_msgs/local/lib/python3.10/dist-packages/graph_msgs/msg/_graph_node_s.c
[6.698s] -- Installing: /home/adam/Desktop/SBSN/ros2_ws/install/graph_msgs/local/lib/python3.10/dist-packages/graph_msgs/msg/_graph_node.py
[6.699s] -- Installing: /home/adam/Desktop/SBSN/ros2_ws/install/graph_msgs/local/lib/python3.10/dist-packages/graph_msgs/msg/_graph_nav.py
[6.699s] -- Installing: /home/adam/Desktop/SBSN/ros2_ws/install/graph_msgs/local/lib/python3.10/dist-packages/graph_msgs/msg/_graph_edge_s.c
[6.699s] -- Installing: /home/adam/Desktop/SBSN/ros2_ws/install/graph_msgs/local/lib/python3.10/dist-packages/graph_msgs/msg/_graph_edge.py
[6.699s] -- Installing: /home/adam/Desktop/SBSN/ros2_ws/install/graph_msgs/local/lib/python3.10/dist-packages/graph_msgs/msg/__init__.py
[6.699s] -- Installing: /home/adam/Desktop/SBSN/ros2_ws/install/graph_msgs/local/lib/python3.10/dist-packages/graph_msgs/msg/_graph_nav_s.c
[6.699s] -- Installing: /home/adam/Desktop/SBSN/ros2_ws/install/graph_msgs/local/lib/python3.10/dist-packages/graph_msgs/graph_msgs_s__rosidl_typesupport_c.cpython-310-x86_64-linux-gnu.so
[6.699s] -- Installing: /home/adam/Desktop/SBSN/ros2_ws/install/graph_msgs/local/lib/python3.10/dist-packages/graph_msgs/__init__.py
[6.699s] -- Installing: /home/adam/Desktop/SBSN/ros2_ws/install/graph_msgs/local/lib/python3.10/dist-packages/graph_msgs/_graph_msgs_s.ep.rosidl_typesupport_introspection_c.c
[6.699s] -- Installing: /home/adam/Desktop/SBSN/ros2_ws/install/graph_msgs/local/lib/python3.10/dist-packages/graph_msgs/graph_msgs_s__rosidl_typesupport_introspection_c.cpython-310-x86_64-linux-gnu.so
[6.699s] -- Installing: /home/adam/Desktop/SBSN/ros2_ws/install/graph_msgs/local/lib/python3.10/dist-packages/graph_msgs/graph_msgs_s__rosidl_typesupport_fastrtps_c.cpython-310-x86_64-linux-gnu.so
[6.739s] Listing '/home/adam/Desktop/SBSN/ros2_ws/install/graph_msgs/local/lib/python3.10/dist-packages/graph_msgs'...
[6.740s] Compiling '/home/adam/Desktop/SBSN/ros2_ws/install/graph_msgs/local/lib/python3.10/dist-packages/graph_msgs/__init__.py'...
[6.740s] Listing '/home/adam/Desktop/SBSN/ros2_ws/install/graph_msgs/local/lib/python3.10/dist-packages/graph_msgs/msg'...
[6.740s] Compiling '/home/adam/Desktop/SBSN/ros2_ws/install/graph_msgs/local/lib/python3.10/dist-packages/graph_msgs/msg/__init__.py'...
[6.740s] Compiling '/home/adam/Desktop/SBSN/ros2_ws/install/graph_msgs/local/lib/python3.10/dist-packages/graph_msgs/msg/_graph_edge.py'...
[6.740s] Compiling '/home/adam/Desktop/SBSN/ros2_ws/install/graph_msgs/local/lib/python3.10/dist-packages/graph_msgs/msg/_graph_nav.py'...
[6.740s] Compiling '/home/adam/Desktop/SBSN/ros2_ws/install/graph_msgs/local/lib/python3.10/dist-packages/graph_msgs/msg/_graph_node.py'...
[6.743s] -- Installing: /home/adam/Desktop/SBSN/ros2_ws/install/graph_msgs/local/lib/python3.10/dist-packages/graph_msgs/graph_msgs_s__rosidl_typesupport_fastrtps_c.cpython-310-x86_64-linux-gnu.so
[6.744s] -- Set non-toolchain portion of runtime path of "/home/adam/Desktop/SBSN/ros2_ws/install/graph_msgs/local/lib/python3.10/dist-packages/graph_msgs/graph_msgs_s__rosidl_typesupport_fastrtps_c.cpython-310-x86_64-linux-gnu.so" to ""
[6.744s] -- Installing: /home/adam/Desktop/SBSN/ros2_ws/install/graph_msgs/local/lib/python3.10/dist-packages/graph_msgs/graph_msgs_s__rosidl_typesupport_introspection_c.cpython-310-x86_64-linux-gnu.so
[6.744s] -- Set non-toolchain portion of runtime path of "/home/adam/Desktop/SBSN/ros2_ws/install/graph_msgs/local/lib/python3.10/dist-packages/graph_msgs/graph_msgs_s__rosidl_typesupport_introspection_c.cpython-310-x86_64-linux-gnu.so" to ""
[6.744s] -- Installing: /home/adam/Desktop/SBSN/ros2_ws/install/graph_msgs/local/lib/python3.10/dist-packages/graph_msgs/graph_msgs_s__rosidl_typesupport_c.cpython-310-x86_64-linux-gnu.so
[6.745s] -- Set non-toolchain portion of runtime path of "/home/adam/Desktop/SBSN/ros2_ws/install/graph_msgs/local/lib/python3.10/dist-packages/graph_msgs/graph_msgs_s__rosidl_typesupport_c.cpython-310-x86_64-linux-gnu.so" to ""
[6.745s] -- Installing: /home/adam/Desktop/SBSN/ros2_ws/install/graph_msgs/lib/libgraph_msgs__rosidl_generator_py.so
[6.745s] -- Set non-toolchain portion of runtime path of "/home/adam/Desktop/SBSN/ros2_ws/install/graph_msgs/lib/libgraph_msgs__rosidl_generator_py.so" to ""
[6.745s] -- Installing: /home/adam/Desktop/SBSN/ros2_ws/install/graph_msgs/share/graph_msgs/msg/GraphNode.idl
[6.745s] -- Installing: /home/adam/Desktop/SBSN/ros2_ws/install/graph_msgs/share/graph_msgs/msg/GraphNav.idl
[6.745s] -- Installing: /home/adam/Desktop/SBSN/ros2_ws/install/graph_msgs/share/graph_msgs/msg/GraphEdge.idl
[6.746s] -- Installing: /home/adam/Desktop/SBSN/ros2_ws/install/graph_msgs/share/graph_msgs/msg/GraphNode.msg
[6.746s] -- Installing: /home/adam/Desktop/SBSN/ros2_ws/install/graph_msgs/share/graph_msgs/msg/GraphNav.msg
[6.746s] -- Installing: /home/adam/Desktop/SBSN/ros2_ws/install/graph_msgs/share/graph_msgs/msg/GraphEdge.msg
[6.746s] -- Installing: /home/adam/Desktop/SBSN/ros2_ws/install/graph_msgs/share/graph_msgs/bridge_mapping.yaml
[6.746s] -- Installing: /home/adam/Desktop/SBSN/ros2_ws/install/graph_msgs/share/ament_index/resource_index/package_run_dependencies/graph_msgs
[6.746s] -- Installing: /home/adam/Desktop/SBSN/ros2_ws/install/graph_msgs/share/ament_index/resource_index/parent_prefix_path/graph_msgs
[6.747s] -- Installing: /home/adam/Desktop/SBSN/ros2_ws/install/graph_msgs/share/graph_msgs/environment/ament_prefix_path.sh
[6.747s] -- Installing: /home/adam/Desktop/SBSN/ros2_ws/install/graph_msgs/share/graph_msgs/environment/ament_prefix_path.dsv
[6.747s] -- Installing: /home/adam/Desktop/SBSN/ros2_ws/install/graph_msgs/share/graph_msgs/environment/path.sh
[6.747s] -- Installing: /home/adam/Desktop/SBSN/ros2_ws/install/graph_msgs/share/graph_msgs/environment/path.dsv
[6.748s] -- Installing: /home/adam/Desktop/SBSN/ros2_ws/install/graph_msgs/share/graph_msgs/local_setup.bash
[6.748s] -- Installing: /home/adam/Desktop/SBSN/ros2_ws/install/graph_msgs/share/graph_msgs/local_setup.sh
[6.748s] -- Installing: /home/adam/Desktop/SBSN/ros2_ws/install/graph_msgs/share/graph_msgs/local_setup.zsh
[6.748s] -- Installing: /home/adam/Desktop/SBSN/ros2_ws/install/graph_msgs/share/graph_msgs/local_setup.dsv
[6.748s] -- Installing: /home/adam/Desktop/SBSN/ros2_ws/install/graph_msgs/share/graph_msgs/package.dsv
[6.748s] -- Installing: /home/adam/Desktop/SBSN/ros2_ws/install/graph_msgs/share/ament_index/resource_index/packages/graph_msgs
[6.749s] -- Installing: /home/adam/Desktop/SBSN/ros2_ws/install/graph_msgs/share/graph_msgs/cmake/export_graph_msgs__rosidl_generator_cExport.cmake
[6.749s] -- Installing: /home/adam/Desktop/SBSN/ros2_ws/install/graph_msgs/share/graph_msgs/cmake/export_graph_msgs__rosidl_generator_cExport-release.cmake
[6.749s] -- Installing: /home/adam/Desktop/SBSN/ros2_ws/install/graph_msgs/share/graph_msgs/cmake/export_graph_msgs__rosidl_typesupport_fastrtps_cExport.cmake
[6.749s] -- Installing: /home/adam/Desktop/SBSN/ros2_ws/install/graph_msgs/share/graph_msgs/cmake/export_graph_msgs__rosidl_typesupport_fastrtps_cExport-release.cmake
[6.749s] -- Installing: /home/adam/Desktop/SBSN/ros2_ws/install/graph_msgs/share/graph_msgs/cmake/export_graph_msgs__rosidl_generator_cppExport.cmake
[6.749s] -- Installing: /home/adam/Desktop/SBSN/ros2_ws/install/graph_msgs/share/graph_msgs/cmake/export_graph_msgs__rosidl_typesupport_fastrtps_cppExport.cmake
[6.749s] -- Installing: /home/adam/Desktop/SBSN/ros2_ws/install/graph_msgs/share/graph_msgs/cmake/export_graph_msgs__rosidl_typesupport_fastrtps_cppExport-release.cmake
[6.750s] -- Installing: /home/adam/Desktop/SBSN/ros2_ws/install/graph_msgs/share/graph_msgs/cmake/graph_msgs__rosidl_typesupport_introspection_cExport.cmake
[6.750s] -- Installing: /home/adam/Desktop/SBSN/ros2_ws/install/graph_msgs/share/graph_msgs/cmake/graph_msgs__rosidl_typesupport_introspection_cExport-release.cmake
[6.750s] -- Installing: /home/adam/Desktop/SBSN/ros2_ws/install/graph_msgs/share/graph_msgs/cmake/graph_msgs__rosidl_typesupport_cExport.cmake
[6.750s] -- Installing: /home/adam/Desktop/SBSN/ros2_ws/install/graph_msgs/share/graph_msgs/cmake/graph_msgs__rosidl_typesupport_cExport-release.cmake
[6.750s] -- Installing: /home/adam/Desktop/SBSN/ros2_ws/install/graph_msgs/share/graph_msgs/cmake/graph_msgs__rosidl_typesupport_introspection_cppExport.cmake
[6.751s] -- Installing: /home/adam/Desktop/SBSN/ros2_ws/install/graph_msgs/share/graph_msgs/cmake/graph_msgs__rosidl_typesupport_introspection_cppExport-release.cmake
[6.751s] -- Installing: /home/adam/Desktop/SBSN/ros2_ws/install/graph_msgs/share/graph_msgs/cmake/graph_msgs__rosidl_typesupport_cppExport.cmake
[6.751s] -- Installing: /home/adam/Desktop/SBSN/ros2_ws/install/graph_msgs/share/graph_msgs/cmake/graph_msgs__rosidl_typesupport_cppExport-release.cmake
[6.751s] -- Installing: /home/adam/Desktop/SBSN/ros2_ws/install/graph_msgs/share/graph_msgs/cmake/export_graph_msgs__rosidl_generator_pyExport.cmake
[6.751s] -- Installing: /home/adam/Desktop/SBSN/ros2_ws/install/graph_msgs/share/graph_msgs/cmake/export_graph_msgs__rosidl_generator_pyExport-release.cmake
[6.751s] -- Installing: /home/adam/Desktop/SBSN/ros2_ws/install/graph_msgs/share/graph_msgs/cmake/rosidl_cmake-extras.cmake
[6.752s] -- Installing: /home/adam/Desktop/SBSN/ros2_ws/install/graph_msgs/share/graph_msgs/cmake/ament_cmake_export_dependencies-extras.cmake
[6.752s] -- Installing: /home/adam/Desktop/SBSN/ros2_ws/install/graph_msgs/share/graph_msgs/cmake/ament_cmake_export_include_directories-extras.cmake
[6.752s] -- Installing: /home/adam/Desktop/SBSN/ros2_ws/install/graph_msgs/share/graph_msgs/cmake/ament_cmake_export_libraries-extras.cmake
[6.752s] -- Installing: /home/adam/Desktop/SBSN/ros2_ws/install/graph_msgs/share/graph_msgs/cmake/ament_cmake_export_targets-extras.cmake
[6.752s] -- Installing: /home/adam/Desktop/SBSN/ros2_ws/install/graph_msgs/share/graph_msgs/cmake/rosidl_cmake_export_typesupport_targets-extras.cmake
[6.752s] -- Installing: /home/adam/Desktop/SBSN/ros2_ws/install/graph_msgs/share/graph_msgs/cmake/rosidl_cmake_export_typesupport_libraries-extras.cmake
[6.752s] -- Installing: /home/adam/Desktop/SBSN/ros2_ws/install/graph_msgs/share/graph_msgs/cmake/graph_msgsConfig.cmake
[6.753s] -- Installing: /home/adam/Desktop/SBSN/ros2_ws/install/graph_msgs/share/graph_msgs/cmake/graph_msgsConfig-version.cmake
[6.753s] -- Installing: /home/adam/Desktop/SBSN/ros2_ws/install/graph_msgs/share/graph_msgs/package.xml
[6.769s] Invoked command in '/home/adam/Desktop/SBSN/ros2_ws/build/graph_msgs' returned '0': CMAKE_PREFIX_PATH=/opt/ros/humble /home/adam/.local/bin/cmake --install /home/adam/Desktop/SBSN/ros2_ws/build/graph_msgs
