[0.333s] Invoking command in '/home/adam/Desktop/SBSN/ros2_ws/build/social_metrics': CMAKE_PREFIX_PATH=/opt/ros/humble /home/adam/.local/bin/cmake --build /home/adam/Desktop/SBSN/ros2_ws/build/social_metrics -- -j16 -l16
[0.441s] Built target ament_cmake_python_copy_social_metrics
[0.728s] running egg_info
[0.728s] writing social_metrics.egg-info/PKG-INFO
[0.728s] writing dependency_links to social_metrics.egg-info/dependency_links.txt
[0.729s] writing top-level names to social_metrics.egg-info/top_level.txt
[0.730s] reading manifest file 'social_metrics.egg-info/SOURCES.txt'
[0.730s] writing manifest file 'social_metrics.egg-info/SOURCES.txt'
[0.752s] Built target ament_cmake_python_build_social_metrics_egg
[0.790s] Invoked command in '/home/adam/Desktop/SBSN/ros2_ws/build/social_metrics' returned '0': CMAKE_PREFIX_PATH=/opt/ros/humble /home/adam/.local/bin/cmake --build /home/adam/Desktop/SBSN/ros2_ws/build/social_metrics -- -j16 -l16
[0.879s] Invoking command in '/home/adam/Desktop/SBSN/ros2_ws/build/social_metrics': CMAKE_PREFIX_PATH=/opt/ros/humble /home/adam/.local/bin/cmake --install /home/adam/Desktop/SBSN/ros2_ws/build/social_metrics
[0.970s] -- Install configuration: "Release"
[0.971s] -- Up-to-date: /home/adam/Desktop/SBSN/ros2_ws/install/social_metrics/share/social_metrics//launch
[0.971s] -- Up-to-date: /home/adam/Desktop/SBSN/ros2_ws/install/social_metrics/share/social_metrics//params
[0.971s] -- Up-to-date: /home/adam/Desktop/SBSN/ros2_ws/install/social_metrics/share/social_metrics/environment/pythonpath.sh
[0.971s] -- Up-to-date: /home/adam/Desktop/SBSN/ros2_ws/install/social_metrics/share/social_metrics/environment/pythonpath.dsv
[0.971s] -- Up-to-date: /home/adam/Desktop/SBSN/ros2_ws/install/social_metrics/local/lib/python3.10/dist-packages/social_metrics-0.0.0-py3.10.egg-info
[0.971s] -- Installing: /home/adam/Desktop/SBSN/ros2_ws/install/social_metrics/local/lib/python3.10/dist-packages/social_metrics-0.0.0-py3.10.egg-info/dependency_links.txt
[0.971s] -- Installing: /home/adam/Desktop/SBSN/ros2_ws/install/social_metrics/local/lib/python3.10/dist-packages/social_metrics-0.0.0-py3.10.egg-info/SOURCES.txt
[0.971s] -- Installing: /home/adam/Desktop/SBSN/ros2_ws/install/social_metrics/local/lib/python3.10/dist-packages/social_metrics-0.0.0-py3.10.egg-info/PKG-INFO
[0.971s] -- Installing: /home/adam/Desktop/SBSN/ros2_ws/install/social_metrics/local/lib/python3.10/dist-packages/social_metrics-0.0.0-py3.10.egg-info/top_level.txt
[0.971s] -- Up-to-date: /home/adam/Desktop/SBSN/ros2_ws/install/social_metrics/local/lib/python3.10/dist-packages/social_metrics
[0.971s] -- Up-to-date: /home/adam/Desktop/SBSN/ros2_ws/install/social_metrics/local/lib/python3.10/dist-packages/social_metrics/__init__.py
[1.017s] Listing '/home/adam/Desktop/SBSN/ros2_ws/install/social_metrics/local/lib/python3.10/dist-packages/social_metrics'...
[1.020s] -- Up-to-date: /home/adam/Desktop/SBSN/ros2_ws/install/social_metrics/share/ament_index/resource_index/package_run_dependencies/social_metrics
[1.021s] -- Up-to-date: /home/adam/Desktop/SBSN/ros2_ws/install/social_metrics/share/ament_index/resource_index/parent_prefix_path/social_metrics
[1.021s] -- Up-to-date: /home/adam/Desktop/SBSN/ros2_ws/install/social_metrics/share/social_metrics/environment/ament_prefix_path.sh
[1.021s] -- Up-to-date: /home/adam/Desktop/SBSN/ros2_ws/install/social_metrics/share/social_metrics/environment/ament_prefix_path.dsv
[1.021s] -- Up-to-date: /home/adam/Desktop/SBSN/ros2_ws/install/social_metrics/share/social_metrics/environment/path.sh
[1.021s] -- Up-to-date: /home/adam/Desktop/SBSN/ros2_ws/install/social_metrics/share/social_metrics/environment/path.dsv
[1.022s] -- Up-to-date: /home/adam/Desktop/SBSN/ros2_ws/install/social_metrics/share/social_metrics/local_setup.bash
[1.022s] -- Up-to-date: /home/adam/Desktop/SBSN/ros2_ws/install/social_metrics/share/social_metrics/local_setup.sh
[1.022s] -- Up-to-date: /home/adam/Desktop/SBSN/ros2_ws/install/social_metrics/share/social_metrics/local_setup.zsh
[1.022s] -- Up-to-date: /home/adam/Desktop/SBSN/ros2_ws/install/social_metrics/share/social_metrics/local_setup.dsv
[1.022s] -- Installing: /home/adam/Desktop/SBSN/ros2_ws/install/social_metrics/share/social_metrics/package.dsv
[1.022s] -- Up-to-date: /home/adam/Desktop/SBSN/ros2_ws/install/social_metrics/share/ament_index/resource_index/packages/social_metrics
[1.022s] -- Up-to-date: /home/adam/Desktop/SBSN/ros2_ws/install/social_metrics/share/social_metrics/cmake/ament_cmake_export_dependencies-extras.cmake
[1.023s] -- Up-to-date: /home/adam/Desktop/SBSN/ros2_ws/install/social_metrics/share/social_metrics/cmake/social_metricsConfig.cmake
[1.023s] -- Up-to-date: /home/adam/Desktop/SBSN/ros2_ws/install/social_metrics/share/social_metrics/cmake/social_metricsConfig-version.cmake
[1.023s] -- Up-to-date: /home/adam/Desktop/SBSN/ros2_ws/install/social_metrics/share/social_metrics/package.xml
[1.034s] Invoked command in '/home/adam/Desktop/SBSN/ros2_ws/build/social_metrics' returned '0': CMAKE_PREFIX_PATH=/opt/ros/humble /home/adam/.local/bin/cmake --install /home/adam/Desktop/SBSN/ros2_ws/build/social_metrics
