[0.079s] Invoking command in '/home/adam/Desktop/SBSN/ros2_ws/build/metric_msgs': CMAKE_PREFIX_PATH=/opt/ros/humble /home/adam/.local/bin/cmake --build /home/adam/Desktop/SBSN/ros2_ws/build/metric_msgs -- -j16 -l16
[0.360s] [  3%] Built target metric_msgs__cpp
[0.361s] [ 12%] Built target metric_msgs__rosidl_generator_c
[0.361s] [ 12%] Built target ament_cmake_python_copy_metric_msgs
[0.361s] [ 22%] Built target metric_msgs__rosidl_typesupport_introspection_cpp
[0.361s] [ 32%] Built target metric_msgs__rosidl_typesupport_fastrtps_cpp
[0.361s] [ 41%] Built target metric_msgs__rosidl_typesupport_cpp
[0.361s] [ 51%] Built target metric_msgs__rosidl_typesupport_fastrtps_c
[0.361s] [ 61%] Built target metric_msgs__rosidl_typesupport_c
[0.361s] [ 70%] Built target metric_msgs__rosidl_typesupport_introspection_c
[0.361s] [ 70%] Built target metric_msgs
[0.361s] [ 74%] Built target metric_msgs__py
[0.361s] [ 80%] Built target metric_msgs__rosidl_generator_py
[0.362s] [ 87%] Built target metric_msgs__rosidl_typesupport_fastrtps_c__pyext
[0.362s] [ 93%] Built target metric_msgs__rosidl_typesupport_c__pyext
[0.362s] [100%] Built target metric_msgs__rosidl_typesupport_introspection_c__pyext
[0.380s] running egg_info
[0.381s] writing metric_msgs.egg-info/PKG-INFO
[0.381s] writing dependency_links to metric_msgs.egg-info/dependency_links.txt
[0.381s] writing top-level names to metric_msgs.egg-info/top_level.txt
[0.384s] reading manifest file 'metric_msgs.egg-info/SOURCES.txt'
[0.384s] writing manifest file 'metric_msgs.egg-info/SOURCES.txt'
[0.417s] [100%] Built target ament_cmake_python_build_metric_msgs_egg
[0.430s] Invoked command in '/home/adam/Desktop/SBSN/ros2_ws/build/metric_msgs' returned '0': CMAKE_PREFIX_PATH=/opt/ros/humble /home/adam/.local/bin/cmake --build /home/adam/Desktop/SBSN/ros2_ws/build/metric_msgs -- -j16 -l16
[0.561s] Invoking command in '/home/adam/Desktop/SBSN/ros2_ws/build/metric_msgs': CMAKE_PREFIX_PATH=/opt/ros/humble /home/adam/.local/bin/cmake --install /home/adam/Desktop/SBSN/ros2_ws/build/metric_msgs
[0.650s] -- Install configuration: "Release"
[0.650s] -- Up-to-date: /home/adam/Desktop/SBSN/ros2_ws/install/metric_msgs/share/ament_index/resource_index/rosidl_interfaces/metric_msgs
[0.650s] -- Up-to-date: /home/adam/Desktop/SBSN/ros2_ws/install/metric_msgs/include/metric_msgs/metric_msgs
[0.650s] -- Up-to-date: /home/adam/Desktop/SBSN/ros2_ws/install/metric_msgs/include/metric_msgs/metric_msgs/msg
[0.650s] -- Up-to-date: /home/adam/Desktop/SBSN/ros2_ws/install/metric_msgs/include/metric_msgs/metric_msgs/msg/trial_info.h
[0.650s] -- Up-to-date: /home/adam/Desktop/SBSN/ros2_ws/install/metric_msgs/include/metric_msgs/metric_msgs/msg/detail
[0.651s] -- Up-to-date: /home/adam/Desktop/SBSN/ros2_ws/install/metric_msgs/include/metric_msgs/metric_msgs/msg/detail/trial_info__functions.c
[0.651s] -- Up-to-date: /home/adam/Desktop/SBSN/ros2_ws/install/metric_msgs/include/metric_msgs/metric_msgs/msg/detail/trial_info__functions.h
[0.651s] -- Up-to-date: /home/adam/Desktop/SBSN/ros2_ws/install/metric_msgs/include/metric_msgs/metric_msgs/msg/detail/trial_info__type_support.h
[0.651s] -- Up-to-date: /home/adam/Desktop/SBSN/ros2_ws/install/metric_msgs/include/metric_msgs/metric_msgs/msg/detail/trial_info__struct.h
[0.651s] -- Up-to-date: /home/adam/Desktop/SBSN/ros2_ws/install/metric_msgs/include/metric_msgs/metric_msgs/msg/rosidl_generator_c__visibility_control.h
[0.651s] -- Up-to-date: /home/adam/Desktop/SBSN/ros2_ws/install/metric_msgs/share/metric_msgs/environment/library_path.sh
[0.651s] -- Up-to-date: /home/adam/Desktop/SBSN/ros2_ws/install/metric_msgs/share/metric_msgs/environment/library_path.dsv
[0.651s] -- Up-to-date: /home/adam/Desktop/SBSN/ros2_ws/install/metric_msgs/lib/libmetric_msgs__rosidl_generator_c.so
[0.651s] -- Up-to-date: /home/adam/Desktop/SBSN/ros2_ws/install/metric_msgs/include/metric_msgs/metric_msgs
[0.651s] -- Up-to-date: /home/adam/Desktop/SBSN/ros2_ws/install/metric_msgs/include/metric_msgs/metric_msgs/msg
[0.651s] -- Up-to-date: /home/adam/Desktop/SBSN/ros2_ws/install/metric_msgs/include/metric_msgs/metric_msgs/msg/rosidl_typesupport_fastrtps_c__visibility_control.h
[0.652s] -- Up-to-date: /home/adam/Desktop/SBSN/ros2_ws/install/metric_msgs/include/metric_msgs/metric_msgs/msg/detail
[0.652s] -- Up-to-date: /home/adam/Desktop/SBSN/ros2_ws/install/metric_msgs/include/metric_msgs/metric_msgs/msg/detail/trial_info__rosidl_typesupport_fastrtps_c.h
[0.652s] -- Up-to-date: /home/adam/Desktop/SBSN/ros2_ws/install/metric_msgs/lib/libmetric_msgs__rosidl_typesupport_fastrtps_c.so
[0.652s] -- Up-to-date: /home/adam/Desktop/SBSN/ros2_ws/install/metric_msgs/include/metric_msgs/metric_msgs
[0.652s] -- Up-to-date: /home/adam/Desktop/SBSN/ros2_ws/install/metric_msgs/include/metric_msgs/metric_msgs/msg
[0.653s] -- Up-to-date: /home/adam/Desktop/SBSN/ros2_ws/install/metric_msgs/include/metric_msgs/metric_msgs/msg/trial_info.hpp
[0.653s] -- Up-to-date: /home/adam/Desktop/SBSN/ros2_ws/install/metric_msgs/include/metric_msgs/metric_msgs/msg/detail
[0.653s] -- Up-to-date: /home/adam/Desktop/SBSN/ros2_ws/install/metric_msgs/include/metric_msgs/metric_msgs/msg/detail/trial_info__builder.hpp
[0.653s] -- Up-to-date: /home/adam/Desktop/SBSN/ros2_ws/install/metric_msgs/include/metric_msgs/metric_msgs/msg/detail/trial_info__struct.hpp
[0.654s] -- Up-to-date: /home/adam/Desktop/SBSN/ros2_ws/install/metric_msgs/include/metric_msgs/metric_msgs/msg/detail/trial_info__traits.hpp
[0.655s] -- Up-to-date: /home/adam/Desktop/SBSN/ros2_ws/install/metric_msgs/include/metric_msgs/metric_msgs
[0.655s] -- Up-to-date: /home/adam/Desktop/SBSN/ros2_ws/install/metric_msgs/include/metric_msgs/metric_msgs/msg
[0.655s] -- Up-to-date: /home/adam/Desktop/SBSN/ros2_ws/install/metric_msgs/include/metric_msgs/metric_msgs/msg/rosidl_typesupport_fastrtps_cpp__visibility_control.h
[0.655s] -- Up-to-date: /home/adam/Desktop/SBSN/ros2_ws/install/metric_msgs/include/metric_msgs/metric_msgs/msg/detail
[0.655s] -- Up-to-date: /home/adam/Desktop/SBSN/ros2_ws/install/metric_msgs/include/metric_msgs/metric_msgs/msg/detail/trial_info__rosidl_typesupport_fastrtps_cpp.hpp
[0.655s] -- Up-to-date: /home/adam/Desktop/SBSN/ros2_ws/install/metric_msgs/include/metric_msgs/metric_msgs/msg/detail/dds_fastrtps
[0.655s] -- Up-to-date: /home/adam/Desktop/SBSN/ros2_ws/install/metric_msgs/lib/libmetric_msgs__rosidl_typesupport_fastrtps_cpp.so
[0.655s] -- Up-to-date: /home/adam/Desktop/SBSN/ros2_ws/install/metric_msgs/include/metric_msgs/metric_msgs
[0.655s] -- Up-to-date: /home/adam/Desktop/SBSN/ros2_ws/install/metric_msgs/include/metric_msgs/metric_msgs/msg
[0.655s] -- Up-to-date: /home/adam/Desktop/SBSN/ros2_ws/install/metric_msgs/include/metric_msgs/metric_msgs/msg/detail
[0.655s] -- Up-to-date: /home/adam/Desktop/SBSN/ros2_ws/install/metric_msgs/include/metric_msgs/metric_msgs/msg/detail/trial_info__rosidl_typesupport_introspection_c.h
[0.655s] -- Up-to-date: /home/adam/Desktop/SBSN/ros2_ws/install/metric_msgs/include/metric_msgs/metric_msgs/msg/detail/trial_info__type_support.c
[0.655s] -- Up-to-date: /home/adam/Desktop/SBSN/ros2_ws/install/metric_msgs/include/metric_msgs/metric_msgs/msg/rosidl_typesupport_introspection_c__visibility_control.h
[0.655s] -- Up-to-date: /home/adam/Desktop/SBSN/ros2_ws/install/metric_msgs/lib/libmetric_msgs__rosidl_typesupport_introspection_c.so
[0.655s] -- Up-to-date: /home/adam/Desktop/SBSN/ros2_ws/install/metric_msgs/lib/libmetric_msgs__rosidl_typesupport_c.so
[0.657s] -- Up-to-date: /home/adam/Desktop/SBSN/ros2_ws/install/metric_msgs/include/metric_msgs/metric_msgs
[0.658s] -- Up-to-date: /home/adam/Desktop/SBSN/ros2_ws/install/metric_msgs/include/metric_msgs/metric_msgs/msg
[0.658s] -- Up-to-date: /home/adam/Desktop/SBSN/ros2_ws/install/metric_msgs/include/metric_msgs/metric_msgs/msg/detail
[0.658s] -- Up-to-date: /home/adam/Desktop/SBSN/ros2_ws/install/metric_msgs/include/metric_msgs/metric_msgs/msg/detail/trial_info__rosidl_typesupport_introspection_cpp.hpp
[0.658s] -- Up-to-date: /home/adam/Desktop/SBSN/ros2_ws/install/metric_msgs/include/metric_msgs/metric_msgs/msg/detail/trial_info__type_support.cpp
[0.658s] -- Up-to-date: /home/adam/Desktop/SBSN/ros2_ws/install/metric_msgs/lib/libmetric_msgs__rosidl_typesupport_introspection_cpp.so
[0.659s] -- Up-to-date: /home/adam/Desktop/SBSN/ros2_ws/install/metric_msgs/lib/libmetric_msgs__rosidl_typesupport_cpp.so
[0.659s] -- Up-to-date: /home/adam/Desktop/SBSN/ros2_ws/install/metric_msgs/share/metric_msgs/environment/pythonpath.sh
[0.659s] -- Up-to-date: /home/adam/Desktop/SBSN/ros2_ws/install/metric_msgs/share/metric_msgs/environment/pythonpath.dsv
[0.659s] -- Up-to-date: /home/adam/Desktop/SBSN/ros2_ws/install/metric_msgs/local/lib/python3.10/dist-packages/metric_msgs-0.0.0-py3.10.egg-info
[0.660s] -- Installing: /home/adam/Desktop/SBSN/ros2_ws/install/metric_msgs/local/lib/python3.10/dist-packages/metric_msgs-0.0.0-py3.10.egg-info/dependency_links.txt
[0.660s] -- Installing: /home/adam/Desktop/SBSN/ros2_ws/install/metric_msgs/local/lib/python3.10/dist-packages/metric_msgs-0.0.0-py3.10.egg-info/SOURCES.txt
[0.660s] -- Installing: /home/adam/Desktop/SBSN/ros2_ws/install/metric_msgs/local/lib/python3.10/dist-packages/metric_msgs-0.0.0-py3.10.egg-info/PKG-INFO
[0.660s] -- Installing: /home/adam/Desktop/SBSN/ros2_ws/install/metric_msgs/local/lib/python3.10/dist-packages/metric_msgs-0.0.0-py3.10.egg-info/top_level.txt
[0.660s] -- Up-to-date: /home/adam/Desktop/SBSN/ros2_ws/install/metric_msgs/local/lib/python3.10/dist-packages/metric_msgs
[0.660s] -- Up-to-date: /home/adam/Desktop/SBSN/ros2_ws/install/metric_msgs/local/lib/python3.10/dist-packages/metric_msgs/msg
[0.660s] -- Up-to-date: /home/adam/Desktop/SBSN/ros2_ws/install/metric_msgs/local/lib/python3.10/dist-packages/metric_msgs/msg/__init__.py
[0.660s] -- Up-to-date: /home/adam/Desktop/SBSN/ros2_ws/install/metric_msgs/local/lib/python3.10/dist-packages/metric_msgs/msg/_trial_info_s.c
[0.660s] -- Up-to-date: /home/adam/Desktop/SBSN/ros2_ws/install/metric_msgs/local/lib/python3.10/dist-packages/metric_msgs/msg/_trial_info.py
[0.660s] -- Up-to-date: /home/adam/Desktop/SBSN/ros2_ws/install/metric_msgs/local/lib/python3.10/dist-packages/metric_msgs/_metric_msgs_s.ep.rosidl_typesupport_fastrtps_c.c
[0.660s] -- Up-to-date: /home/adam/Desktop/SBSN/ros2_ws/install/metric_msgs/local/lib/python3.10/dist-packages/metric_msgs/metric_msgs_s__rosidl_typesupport_c.cpython-310-x86_64-linux-gnu.so
[0.660s] -- Up-to-date: /home/adam/Desktop/SBSN/ros2_ws/install/metric_msgs/local/lib/python3.10/dist-packages/metric_msgs/__init__.py
[0.660s] -- Up-to-date: /home/adam/Desktop/SBSN/ros2_ws/install/metric_msgs/local/lib/python3.10/dist-packages/metric_msgs/metric_msgs_s__rosidl_typesupport_fastrtps_c.cpython-310-x86_64-linux-gnu.so
[0.660s] -- Up-to-date: /home/adam/Desktop/SBSN/ros2_ws/install/metric_msgs/local/lib/python3.10/dist-packages/metric_msgs/_metric_msgs_s.ep.rosidl_typesupport_introspection_c.c
[0.660s] -- Up-to-date: /home/adam/Desktop/SBSN/ros2_ws/install/metric_msgs/local/lib/python3.10/dist-packages/metric_msgs/_metric_msgs_s.ep.rosidl_typesupport_c.c
[0.660s] -- Up-to-date: /home/adam/Desktop/SBSN/ros2_ws/install/metric_msgs/local/lib/python3.10/dist-packages/metric_msgs/libmetric_msgs__rosidl_generator_py.so
[0.660s] -- Up-to-date: /home/adam/Desktop/SBSN/ros2_ws/install/metric_msgs/local/lib/python3.10/dist-packages/metric_msgs/metric_msgs_s__rosidl_typesupport_introspection_c.cpython-310-x86_64-linux-gnu.so
[0.680s] Listing '/home/adam/Desktop/SBSN/ros2_ws/install/metric_msgs/local/lib/python3.10/dist-packages/metric_msgs'...
[0.680s] Listing '/home/adam/Desktop/SBSN/ros2_ws/install/metric_msgs/local/lib/python3.10/dist-packages/metric_msgs/msg'...
[0.684s] -- Up-to-date: /home/adam/Desktop/SBSN/ros2_ws/install/metric_msgs/local/lib/python3.10/dist-packages/metric_msgs/metric_msgs_s__rosidl_typesupport_fastrtps_c.cpython-310-x86_64-linux-gnu.so
[0.684s] -- Up-to-date: /home/adam/Desktop/SBSN/ros2_ws/install/metric_msgs/local/lib/python3.10/dist-packages/metric_msgs/metric_msgs_s__rosidl_typesupport_introspection_c.cpython-310-x86_64-linux-gnu.so
[0.685s] -- Up-to-date: /home/adam/Desktop/SBSN/ros2_ws/install/metric_msgs/local/lib/python3.10/dist-packages/metric_msgs/metric_msgs_s__rosidl_typesupport_c.cpython-310-x86_64-linux-gnu.so
[0.685s] -- Up-to-date: /home/adam/Desktop/SBSN/ros2_ws/install/metric_msgs/lib/libmetric_msgs__rosidl_generator_py.so
[0.685s] -- Up-to-date: /home/adam/Desktop/SBSN/ros2_ws/install/metric_msgs/share/metric_msgs/msg/TrialInfo.idl
[0.685s] -- Up-to-date: /home/adam/Desktop/SBSN/ros2_ws/install/metric_msgs/share/metric_msgs/msg/TrialInfo.msg
[0.685s] -- Up-to-date: /home/adam/Desktop/SBSN/ros2_ws/install/metric_msgs/share/metric_msgs/bridge_mapping.yaml
[0.685s] -- Up-to-date: /home/adam/Desktop/SBSN/ros2_ws/install/metric_msgs/share/ament_index/resource_index/package_run_dependencies/metric_msgs
[0.685s] -- Up-to-date: /home/adam/Desktop/SBSN/ros2_ws/install/metric_msgs/share/ament_index/resource_index/parent_prefix_path/metric_msgs
[0.686s] -- Up-to-date: /home/adam/Desktop/SBSN/ros2_ws/install/metric_msgs/share/metric_msgs/environment/ament_prefix_path.sh
[0.686s] -- Up-to-date: /home/adam/Desktop/SBSN/ros2_ws/install/metric_msgs/share/metric_msgs/environment/ament_prefix_path.dsv
[0.686s] -- Up-to-date: /home/adam/Desktop/SBSN/ros2_ws/install/metric_msgs/share/metric_msgs/environment/path.sh
[0.686s] -- Up-to-date: /home/adam/Desktop/SBSN/ros2_ws/install/metric_msgs/share/metric_msgs/environment/path.dsv
[0.686s] -- Up-to-date: /home/adam/Desktop/SBSN/ros2_ws/install/metric_msgs/share/metric_msgs/local_setup.bash
[0.686s] -- Up-to-date: /home/adam/Desktop/SBSN/ros2_ws/install/metric_msgs/share/metric_msgs/local_setup.sh
[0.686s] -- Up-to-date: /home/adam/Desktop/SBSN/ros2_ws/install/metric_msgs/share/metric_msgs/local_setup.zsh
[0.686s] -- Up-to-date: /home/adam/Desktop/SBSN/ros2_ws/install/metric_msgs/share/metric_msgs/local_setup.dsv
[0.686s] -- Installing: /home/adam/Desktop/SBSN/ros2_ws/install/metric_msgs/share/metric_msgs/package.dsv
[0.686s] -- Up-to-date: /home/adam/Desktop/SBSN/ros2_ws/install/metric_msgs/share/ament_index/resource_index/packages/metric_msgs
[0.686s] -- Up-to-date: /home/adam/Desktop/SBSN/ros2_ws/install/metric_msgs/share/metric_msgs/cmake/export_metric_msgs__rosidl_generator_cExport.cmake
[0.686s] -- Up-to-date: /home/adam/Desktop/SBSN/ros2_ws/install/metric_msgs/share/metric_msgs/cmake/export_metric_msgs__rosidl_generator_cExport-release.cmake
[0.687s] -- Up-to-date: /home/adam/Desktop/SBSN/ros2_ws/install/metric_msgs/share/metric_msgs/cmake/export_metric_msgs__rosidl_typesupport_fastrtps_cExport.cmake
[0.687s] -- Up-to-date: /home/adam/Desktop/SBSN/ros2_ws/install/metric_msgs/share/metric_msgs/cmake/export_metric_msgs__rosidl_typesupport_fastrtps_cExport-release.cmake
[0.687s] -- Up-to-date: /home/adam/Desktop/SBSN/ros2_ws/install/metric_msgs/share/metric_msgs/cmake/export_metric_msgs__rosidl_generator_cppExport.cmake
[0.687s] -- Up-to-date: /home/adam/Desktop/SBSN/ros2_ws/install/metric_msgs/share/metric_msgs/cmake/export_metric_msgs__rosidl_typesupport_fastrtps_cppExport.cmake
[0.687s] -- Up-to-date: /home/adam/Desktop/SBSN/ros2_ws/install/metric_msgs/share/metric_msgs/cmake/export_metric_msgs__rosidl_typesupport_fastrtps_cppExport-release.cmake
[0.687s] -- Up-to-date: /home/adam/Desktop/SBSN/ros2_ws/install/metric_msgs/share/metric_msgs/cmake/metric_msgs__rosidl_typesupport_introspection_cExport.cmake
[0.687s] -- Up-to-date: /home/adam/Desktop/SBSN/ros2_ws/install/metric_msgs/share/metric_msgs/cmake/metric_msgs__rosidl_typesupport_introspection_cExport-release.cmake
[0.687s] -- Up-to-date: /home/adam/Desktop/SBSN/ros2_ws/install/metric_msgs/share/metric_msgs/cmake/metric_msgs__rosidl_typesupport_cExport.cmake
[0.687s] -- Up-to-date: /home/adam/Desktop/SBSN/ros2_ws/install/metric_msgs/share/metric_msgs/cmake/metric_msgs__rosidl_typesupport_cExport-release.cmake
[0.687s] -- Up-to-date: /home/adam/Desktop/SBSN/ros2_ws/install/metric_msgs/share/metric_msgs/cmake/metric_msgs__rosidl_typesupport_introspection_cppExport.cmake
[0.687s] -- Up-to-date: /home/adam/Desktop/SBSN/ros2_ws/install/metric_msgs/share/metric_msgs/cmake/metric_msgs__rosidl_typesupport_introspection_cppExport-release.cmake
[0.688s] -- Up-to-date: /home/adam/Desktop/SBSN/ros2_ws/install/metric_msgs/share/metric_msgs/cmake/metric_msgs__rosidl_typesupport_cppExport.cmake
[0.688s] -- Up-to-date: /home/adam/Desktop/SBSN/ros2_ws/install/metric_msgs/share/metric_msgs/cmake/metric_msgs__rosidl_typesupport_cppExport-release.cmake
[0.688s] -- Up-to-date: /home/adam/Desktop/SBSN/ros2_ws/install/metric_msgs/share/metric_msgs/cmake/export_metric_msgs__rosidl_generator_pyExport.cmake
[0.688s] -- Up-to-date: /home/adam/Desktop/SBSN/ros2_ws/install/metric_msgs/share/metric_msgs/cmake/export_metric_msgs__rosidl_generator_pyExport-release.cmake
[0.688s] -- Up-to-date: /home/adam/Desktop/SBSN/ros2_ws/install/metric_msgs/share/metric_msgs/cmake/rosidl_cmake-extras.cmake
[0.688s] -- Up-to-date: /home/adam/Desktop/SBSN/ros2_ws/install/metric_msgs/share/metric_msgs/cmake/ament_cmake_export_dependencies-extras.cmake
[0.688s] -- Up-to-date: /home/adam/Desktop/SBSN/ros2_ws/install/metric_msgs/share/metric_msgs/cmake/ament_cmake_export_include_directories-extras.cmake
[0.688s] -- Up-to-date: /home/adam/Desktop/SBSN/ros2_ws/install/metric_msgs/share/metric_msgs/cmake/ament_cmake_export_libraries-extras.cmake
[0.688s] -- Up-to-date: /home/adam/Desktop/SBSN/ros2_ws/install/metric_msgs/share/metric_msgs/cmake/ament_cmake_export_targets-extras.cmake
[0.689s] -- Up-to-date: /home/adam/Desktop/SBSN/ros2_ws/install/metric_msgs/share/metric_msgs/cmake/rosidl_cmake_export_typesupport_targets-extras.cmake
[0.689s] -- Up-to-date: /home/adam/Desktop/SBSN/ros2_ws/install/metric_msgs/share/metric_msgs/cmake/rosidl_cmake_export_typesupport_libraries-extras.cmake
[0.689s] -- Up-to-date: /home/adam/Desktop/SBSN/ros2_ws/install/metric_msgs/share/metric_msgs/cmake/metric_msgsConfig.cmake
[0.689s] -- Up-to-date: /home/adam/Desktop/SBSN/ros2_ws/install/metric_msgs/share/metric_msgs/cmake/metric_msgsConfig-version.cmake
[0.689s] -- Up-to-date: /home/adam/Desktop/SBSN/ros2_ws/install/metric_msgs/share/metric_msgs/package.xml
[0.734s] Invoked command in '/home/adam/Desktop/SBSN/ros2_ws/build/metric_msgs' returned '0': CMAKE_PREFIX_PATH=/opt/ros/humble /home/adam/.local/bin/cmake --install /home/adam/Desktop/SBSN/ros2_ws/build/metric_msgs
