[0.085s] Invoking command in '/home/adam/Desktop/SBSN/ros2_ws/build/assets': CMAKE_PREFIX_PATH=/opt/ros/humble /home/adam/.local/bin/cmake --build /home/adam/Desktop/SBSN/ros2_ws/build/assets -- -j16 -l16
[0.385s] Invoked command in '/home/adam/Desktop/SBSN/ros2_ws/build/assets' returned '0': CMAKE_PREFIX_PATH=/opt/ros/humble /home/adam/.local/bin/cmake --build /home/adam/Desktop/SBSN/ros2_ws/build/assets -- -j16 -l16
[0.583s] Invoking command in '/home/adam/Desktop/SBSN/ros2_ws/build/assets': CMAKE_PREFIX_PATH=/opt/ros/humble /home/adam/.local/bin/cmake --install /home/adam/Desktop/SBSN/ros2_ws/build/assets
[0.672s] -- Install configuration: "Release"
[0.672s] -- Up-to-date: /home/adam/Desktop/SBSN/ros2_ws/install/assets/share/assets//maps
[0.672s] -- Up-to-date: /home/adam/Desktop/SBSN/ros2_ws/install/assets/share/assets//maps/open
[0.672s] -- Up-to-date: /home/adam/Desktop/SBSN/ros2_ws/install/assets/share/assets//maps/open/map_server_params.yaml
[0.672s] -- Up-to-date: /home/adam/Desktop/SBSN/ros2_ws/install/assets/share/assets//maps/open/map.yaml
[0.672s] -- Up-to-date: /home/adam/Desktop/SBSN/ros2_ws/install/assets/share/assets//maps/open/short_map.jpg
[0.672s] -- Up-to-date: /home/adam/Desktop/SBSN/ros2_ws/install/assets/share/assets//maps/hospital_simplified
[0.673s] -- Up-to-date: /home/adam/Desktop/SBSN/ros2_ws/install/assets/share/assets//maps/hospital_simplified/segmented.png
[0.673s] -- Up-to-date: /home/adam/Desktop/SBSN/ros2_ws/install/assets/share/assets//maps/hospital_simplified/short_map.png
[0.673s] -- Up-to-date: /home/adam/Desktop/SBSN/ros2_ws/install/assets/share/assets//maps/hospital_simplified/map.yaml
[0.673s] -- Up-to-date: /home/adam/Desktop/SBSN/ros2_ws/install/assets/share/assets//maps/hospital
[0.673s] -- Up-to-date: /home/adam/Desktop/SBSN/ros2_ws/install/assets/share/assets//maps/hospital/short_map.png
[0.674s] -- Up-to-date: /home/adam/Desktop/SBSN/ros2_ws/install/assets/share/assets//maps/hospital/map.yaml
[0.674s] -- Up-to-date: /home/adam/Desktop/SBSN/ros2_ws/install/assets/share/assets//maps/overtaking
[0.674s] -- Up-to-date: /home/adam/Desktop/SBSN/ros2_ws/install/assets/share/assets//maps/overtaking/map.yaml
[0.674s] -- Up-to-date: /home/adam/Desktop/SBSN/ros2_ws/install/assets/share/assets//maps/overtaking/short_map.jpg
[0.674s] -- Up-to-date: /home/adam/Desktop/SBSN/ros2_ws/install/assets/share/assets//maps/corner
[0.674s] -- Up-to-date: /home/adam/Desktop/SBSN/ros2_ws/install/assets/share/assets//maps/corner/map.yaml
[0.674s] -- Up-to-date: /home/adam/Desktop/SBSN/ros2_ws/install/assets/share/assets//maps/corner/short_map.jpg
[0.675s] -- Up-to-date: /home/adam/Desktop/SBSN/ros2_ws/install/assets/share/assets//maps/complete
[0.675s] -- Up-to-date: /home/adam/Desktop/SBSN/ros2_ws/install/assets/share/assets//maps/complete/short_map_hr.jpg
[0.675s] -- Up-to-date: /home/adam/Desktop/SBSN/ros2_ws/install/assets/share/assets//maps/complete/map_server_params.yaml
[0.675s] -- Up-to-date: /home/adam/Desktop/SBSN/ros2_ws/install/assets/share/assets//maps/complete/map.yaml
[0.675s] -- Up-to-date: /home/adam/Desktop/SBSN/ros2_ws/install/assets/share/assets//maps/complete/short_map.jpg
[0.675s] -- Up-to-date: /home/adam/Desktop/SBSN/ros2_ws/install/assets/share/assets//maps/corridor
[0.675s] -- Up-to-date: /home/adam/Desktop/SBSN/ros2_ws/install/assets/share/assets//maps/corridor/map.yaml
[0.675s] -- Up-to-date: /home/adam/Desktop/SBSN/ros2_ws/install/assets/share/assets//maps/corridor/short_map.jpg
[0.675s] -- Up-to-date: /home/adam/Desktop/SBSN/ros2_ws/install/assets/share/assets//maps/static
[0.675s] -- Up-to-date: /home/adam/Desktop/SBSN/ros2_ws/install/assets/share/assets//maps/static/map.yaml
[0.675s] -- Up-to-date: /home/adam/Desktop/SBSN/ros2_ws/install/assets/share/assets//maps/static/short_map.jpg
[0.675s] -- Up-to-date: /home/adam/Desktop/SBSN/ros2_ws/install/assets/share/assets//maps/intersection
[0.675s] -- Up-to-date: /home/adam/Desktop/SBSN/ros2_ws/install/assets/share/assets//maps/intersection/map.yaml
[0.675s] -- Up-to-date: /home/adam/Desktop/SBSN/ros2_ws/install/assets/share/assets//maps/intersection/short_map.jpg
[0.675s] -- Up-to-date: /home/adam/Desktop/SBSN/ros2_ws/install/assets/share/assets//maps/frontal
[0.675s] -- Up-to-date: /home/adam/Desktop/SBSN/ros2_ws/install/assets/share/assets//maps/frontal/map.yaml
[0.675s] -- Up-to-date: /home/adam/Desktop/SBSN/ros2_ws/install/assets/share/assets//maps/frontal/short_map.jpg
[0.676s] -- Up-to-date: /home/adam/Desktop/SBSN/ros2_ws/install/assets/share/assets//maps/door_passing
[0.676s] -- Up-to-date: /home/adam/Desktop/SBSN/ros2_ws/install/assets/share/assets//maps/door_passing/short_map.jpg~
[0.676s] -- Up-to-date: /home/adam/Desktop/SBSN/ros2_ws/install/assets/share/assets//maps/door_passing/map_server_params.yaml
[0.676s] -- Up-to-date: /home/adam/Desktop/SBSN/ros2_ws/install/assets/share/assets//maps/door_passing/map.yaml
[0.676s] -- Up-to-date: /home/adam/Desktop/SBSN/ros2_ws/install/assets/share/assets//maps/door_passing/short_map.jpg
[0.676s] -- Up-to-date: /home/adam/Desktop/SBSN/ros2_ws/install/assets/share/assets//maps/door_passing/short_map.jpg.kra
[0.676s] -- Up-to-date: /home/adam/Desktop/SBSN/ros2_ws/install/assets/share/assets//maps/test
[0.676s] -- Up-to-date: /home/adam/Desktop/SBSN/ros2_ws/install/assets/share/assets//maps/test/map_server_params.yaml
[0.676s] -- Up-to-date: /home/adam/Desktop/SBSN/ros2_ws/install/assets/share/assets//maps/test/map.yaml
[0.676s] -- Up-to-date: /home/adam/Desktop/SBSN/ros2_ws/install/assets/share/assets//maps/test/short_map.jpg
[0.676s] -- Up-to-date: /home/adam/Desktop/SBSN/ros2_ws/install/assets/share/assets//graphs
[0.677s] -- Up-to-date: /home/adam/Desktop/SBSN/ros2_ws/install/assets/share/assets//graphs/distance.pickle
[0.677s] -- Up-to-date: /home/adam/Desktop/SBSN/ros2_ws/install/assets/share/assets//graphs/distance_with_human.pickle
[0.677s] -- Up-to-date: /home/adam/Desktop/SBSN/ros2_ws/install/assets/share/assets//graphs/overtaking.pickle
[0.677s] -- Up-to-date: /home/adam/Desktop/SBSN/ros2_ws/install/assets/share/assets//graphs/hospital.pickle
[0.677s] -- Up-to-date: /home/adam/Desktop/SBSN/ros2_ws/install/assets/share/assets//graphs/test.pickle
[0.677s] -- Up-to-date: /home/adam/Desktop/SBSN/ros2_ws/install/assets/share/assets//graphs/mini_door_passing.pickle
[0.677s] -- Up-to-date: /home/adam/Desktop/SBSN/ros2_ws/install/assets/share/assets//graphs/simple_example.pickle
[0.677s] -- Up-to-date: /home/adam/Desktop/SBSN/ros2_ws/install/assets/share/assets//graphs/door_passing.pickle
[0.677s] -- Up-to-date: /home/adam/Desktop/SBSN/ros2_ws/install/assets/share/ament_index/resource_index/package_run_dependencies/assets
[0.677s] -- Up-to-date: /home/adam/Desktop/SBSN/ros2_ws/install/assets/share/ament_index/resource_index/parent_prefix_path/assets
[0.678s] -- Up-to-date: /home/adam/Desktop/SBSN/ros2_ws/install/assets/share/assets/environment/ament_prefix_path.sh
[0.678s] -- Up-to-date: /home/adam/Desktop/SBSN/ros2_ws/install/assets/share/assets/environment/ament_prefix_path.dsv
[0.678s] -- Up-to-date: /home/adam/Desktop/SBSN/ros2_ws/install/assets/share/assets/environment/path.sh
[0.678s] -- Up-to-date: /home/adam/Desktop/SBSN/ros2_ws/install/assets/share/assets/environment/path.dsv
[0.678s] -- Up-to-date: /home/adam/Desktop/SBSN/ros2_ws/install/assets/share/assets/local_setup.bash
[0.678s] -- Up-to-date: /home/adam/Desktop/SBSN/ros2_ws/install/assets/share/assets/local_setup.sh
[0.678s] -- Up-to-date: /home/adam/Desktop/SBSN/ros2_ws/install/assets/share/assets/local_setup.zsh
[0.678s] -- Up-to-date: /home/adam/Desktop/SBSN/ros2_ws/install/assets/share/assets/local_setup.dsv
[0.679s] -- Installing: /home/adam/Desktop/SBSN/ros2_ws/install/assets/share/assets/package.dsv
[0.679s] -- Up-to-date: /home/adam/Desktop/SBSN/ros2_ws/install/assets/share/ament_index/resource_index/packages/assets
[0.679s] -- Up-to-date: /home/adam/Desktop/SBSN/ros2_ws/install/assets/share/assets/cmake/ament_cmake_export_dependencies-extras.cmake
[0.679s] -- Up-to-date: /home/adam/Desktop/SBSN/ros2_ws/install/assets/share/assets/cmake/assetsConfig.cmake
[0.679s] -- Up-to-date: /home/adam/Desktop/SBSN/ros2_ws/install/assets/share/assets/cmake/assetsConfig-version.cmake
[0.679s] -- Up-to-date: /home/adam/Desktop/SBSN/ros2_ws/install/assets/share/assets/package.xml
[0.700s] Invoked command in '/home/adam/Desktop/SBSN/ros2_ws/build/assets' returned '0': CMAKE_PREFIX_PATH=/opt/ros/humble /home/adam/.local/bin/cmake --install /home/adam/Desktop/SBSN/ros2_ws/build/assets
