[0.047s] Invoking command in '/home/adam/Desktop/SBSN/ros2_ws/build/assets': CMAKE_PREFIX_PATH=/opt/ros/humble /home/adam/.local/bin/cmake /home/adam/Desktop/SBSN/ros2_ws/src/assets -DCMAKE_INSTALL_PREFIX=/home/adam/Desktop/SBSN/ros2_ws/install/assets
[0.313s] -- The C compiler identification is GNU 11.4.0
[0.317s] -- The CXX compiler identification is GNU 11.4.0
[0.327s] -- Detecting C compiler ABI info
[0.390s] -- Detecting C compiler ABI info - done
[0.409s] -- Check for working C compiler: /usr/bin/cc - skipped
[0.410s] -- Detecting C compile features
[0.410s] -- Detecting C compile features - done
[0.415s] -- Detecting CXX compiler ABI info
[0.474s] -- Detecting CXX compiler ABI info - done
[0.493s] -- Check for working CXX compiler: /usr/bin/c++ - skipped
[0.493s] -- Detecting CXX compile features
[0.494s] -- Detecting CXX compile features - done
[0.495s] [0massets: You did not request a specific build type: Choosing 'Release' for maximum performance[0m
[0.498s] -- Found ament_cmake: 1.3.9 (/opt/ros/humble/share/ament_cmake/cmake)
[0.611s] -- Found Python3: /usr/bin/python3 (found version "3.10.12") found components: Interpreter
[0.701s] -- Found ament_lint_auto: 0.12.11 (/opt/ros/humble/share/ament_lint_auto/cmake)
[0.795s] -- Added test 'copyright' to check source files copyright and LICENSE
[0.802s] -- Added test 'flake8' to check Python code syntax and style conventions
[0.803s] -- Added test 'lint_cmake' to check CMake code style
[0.804s] -- Added test 'pep257' to check Python code against some of the docstring style conventions in PEP 257
[0.808s] -- Added test 'xmllint' to check XML markup files
[0.810s] -- Configuring done (0.7s)
[0.814s] -- Generating done (0.0s)
[0.815s] -- Build files have been written to: /home/adam/Desktop/SBSN/ros2_ws/build/assets
[0.832s] Invoked command in '/home/adam/Desktop/SBSN/ros2_ws/build/assets' returned '0': CMAKE_PREFIX_PATH=/opt/ros/humble /home/adam/.local/bin/cmake /home/adam/Desktop/SBSN/ros2_ws/src/assets -DCMAKE_INSTALL_PREFIX=/home/adam/Desktop/SBSN/ros2_ws/install/assets
[0.835s] Invoking command in '/home/adam/Desktop/SBSN/ros2_ws/build/assets': CMAKE_PREFIX_PATH=/opt/ros/humble /home/adam/.local/bin/cmake --build /home/adam/Desktop/SBSN/ros2_ws/build/assets -- -j16 -l16
[1.040s] Invoked command in '/home/adam/Desktop/SBSN/ros2_ws/build/assets' returned '0': CMAKE_PREFIX_PATH=/opt/ros/humble /home/adam/.local/bin/cmake --build /home/adam/Desktop/SBSN/ros2_ws/build/assets -- -j16 -l16
[1.192s] Invoking command in '/home/adam/Desktop/SBSN/ros2_ws/build/assets': CMAKE_PREFIX_PATH=/opt/ros/humble /home/adam/.local/bin/cmake --install /home/adam/Desktop/SBSN/ros2_ws/build/assets
[1.250s] -- Install configuration: "Release"
[1.250s] -- Installing: /home/adam/Desktop/SBSN/ros2_ws/install/assets/share/assets//maps
[1.250s] -- Installing: /home/adam/Desktop/SBSN/ros2_ws/install/assets/share/assets//maps/open
[1.250s] -- Installing: /home/adam/Desktop/SBSN/ros2_ws/install/assets/share/assets//maps/open/map_server_params.yaml
[1.251s] -- Installing: /home/adam/Desktop/SBSN/ros2_ws/install/assets/share/assets//maps/open/map.yaml
[1.251s] -- Installing: /home/adam/Desktop/SBSN/ros2_ws/install/assets/share/assets//maps/open/short_map.jpg
[1.251s] -- Installing: /home/adam/Desktop/SBSN/ros2_ws/install/assets/share/assets//maps/hospital_simplified
[1.251s] -- Installing: /home/adam/Desktop/SBSN/ros2_ws/install/assets/share/assets//maps/hospital_simplified/segmented.png
[1.251s] -- Installing: /home/adam/Desktop/SBSN/ros2_ws/install/assets/share/assets//maps/hospital_simplified/short_map.png
[1.251s] -- Installing: /home/adam/Desktop/SBSN/ros2_ws/install/assets/share/assets//maps/hospital_simplified/map.yaml
[1.251s] -- Installing: /home/adam/Desktop/SBSN/ros2_ws/install/assets/share/assets//maps/hospital
[1.251s] -- Installing: /home/adam/Desktop/SBSN/ros2_ws/install/assets/share/assets//maps/hospital/short_map.png
[1.251s] -- Installing: /home/adam/Desktop/SBSN/ros2_ws/install/assets/share/assets//maps/hospital/map.yaml
[1.252s] -- Installing: /home/adam/Desktop/SBSN/ros2_ws/install/assets/share/assets//maps/overtaking
[1.252s] -- Installing: /home/adam/Desktop/SBSN/ros2_ws/install/assets/share/assets//maps/overtaking/map.yaml
[1.252s] -- Installing: /home/adam/Desktop/SBSN/ros2_ws/install/assets/share/assets//maps/overtaking/short_map.jpg
[1.252s] -- Installing: /home/adam/Desktop/SBSN/ros2_ws/install/assets/share/assets//maps/corner
[1.252s] -- Installing: /home/adam/Desktop/SBSN/ros2_ws/install/assets/share/assets//maps/corner/map.yaml
[1.252s] -- Installing: /home/adam/Desktop/SBSN/ros2_ws/install/assets/share/assets//maps/corner/short_map.jpg
[1.252s] -- Installing: /home/adam/Desktop/SBSN/ros2_ws/install/assets/share/assets//maps/complete
[1.252s] -- Installing: /home/adam/Desktop/SBSN/ros2_ws/install/assets/share/assets//maps/complete/short_map_hr.jpg
[1.254s] -- Installing: /home/adam/Desktop/SBSN/ros2_ws/install/assets/share/assets//maps/complete/map_server_params.yaml
[1.254s] -- Installing: /home/adam/Desktop/SBSN/ros2_ws/install/assets/share/assets//maps/complete/map.yaml
[1.254s] -- Installing: /home/adam/Desktop/SBSN/ros2_ws/install/assets/share/assets//maps/complete/short_map.jpg
[1.254s] -- Installing: /home/adam/Desktop/SBSN/ros2_ws/install/assets/share/assets//maps/corridor
[1.254s] -- Installing: /home/adam/Desktop/SBSN/ros2_ws/install/assets/share/assets//maps/corridor/map.yaml
[1.254s] -- Installing: /home/adam/Desktop/SBSN/ros2_ws/install/assets/share/assets//maps/corridor/short_map.jpg
[1.254s] -- Installing: /home/adam/Desktop/SBSN/ros2_ws/install/assets/share/assets//maps/static
[1.254s] -- Installing: /home/adam/Desktop/SBSN/ros2_ws/install/assets/share/assets//maps/static/map.yaml
[1.254s] -- Installing: /home/adam/Desktop/SBSN/ros2_ws/install/assets/share/assets//maps/static/short_map.jpg
[1.254s] -- Installing: /home/adam/Desktop/SBSN/ros2_ws/install/assets/share/assets//maps/intersection
[1.255s] -- Installing: /home/adam/Desktop/SBSN/ros2_ws/install/assets/share/assets//maps/intersection/map.yaml
[1.255s] -- Installing: /home/adam/Desktop/SBSN/ros2_ws/install/assets/share/assets//maps/intersection/short_map.jpg
[1.255s] -- Installing: /home/adam/Desktop/SBSN/ros2_ws/install/assets/share/assets//maps/frontal
[1.255s] -- Installing: /home/adam/Desktop/SBSN/ros2_ws/install/assets/share/assets//maps/frontal/map.yaml
[1.255s] -- Installing: /home/adam/Desktop/SBSN/ros2_ws/install/assets/share/assets//maps/frontal/short_map.jpg
[1.255s] -- Installing: /home/adam/Desktop/SBSN/ros2_ws/install/assets/share/assets//maps/door_passing
[1.255s] -- Installing: /home/adam/Desktop/SBSN/ros2_ws/install/assets/share/assets//maps/door_passing/short_map.jpg~
[1.255s] -- Installing: /home/adam/Desktop/SBSN/ros2_ws/install/assets/share/assets//maps/door_passing/map_server_params.yaml
[1.255s] -- Installing: /home/adam/Desktop/SBSN/ros2_ws/install/assets/share/assets//maps/door_passing/map.yaml
[1.255s] -- Installing: /home/adam/Desktop/SBSN/ros2_ws/install/assets/share/assets//maps/door_passing/short_map.jpg
[1.256s] -- Installing: /home/adam/Desktop/SBSN/ros2_ws/install/assets/share/assets//maps/door_passing/short_map.jpg.kra
[1.256s] -- Installing: /home/adam/Desktop/SBSN/ros2_ws/install/assets/share/assets//maps/test
[1.256s] -- Installing: /home/adam/Desktop/SBSN/ros2_ws/install/assets/share/assets//maps/test/map_server_params.yaml
[1.256s] -- Installing: /home/adam/Desktop/SBSN/ros2_ws/install/assets/share/assets//maps/test/map.yaml
[1.256s] -- Installing: /home/adam/Desktop/SBSN/ros2_ws/install/assets/share/assets//maps/test/short_map.jpg
[1.256s] -- Installing: /home/adam/Desktop/SBSN/ros2_ws/install/assets/share/assets//graphs
[1.256s] -- Installing: /home/adam/Desktop/SBSN/ros2_ws/install/assets/share/assets//graphs/distance.pickle
[1.256s] -- Installing: /home/adam/Desktop/SBSN/ros2_ws/install/assets/share/assets//graphs/distance_with_human.pickle
[1.256s] -- Installing: /home/adam/Desktop/SBSN/ros2_ws/install/assets/share/assets//graphs/overtaking.pickle
[1.256s] -- Installing: /home/adam/Desktop/SBSN/ros2_ws/install/assets/share/assets//graphs/hospital.pickle
[1.257s] -- Installing: /home/adam/Desktop/SBSN/ros2_ws/install/assets/share/assets//graphs/test.pickle
[1.257s] -- Installing: /home/adam/Desktop/SBSN/ros2_ws/install/assets/share/assets//graphs/mini_door_passing.pickle
[1.257s] -- Installing: /home/adam/Desktop/SBSN/ros2_ws/install/assets/share/assets//graphs/simple_example.pickle
[1.257s] -- Installing: /home/adam/Desktop/SBSN/ros2_ws/install/assets/share/assets//graphs/door_passing.pickle
[1.257s] -- Installing: /home/adam/Desktop/SBSN/ros2_ws/install/assets/share/ament_index/resource_index/package_run_dependencies/assets
[1.257s] -- Installing: /home/adam/Desktop/SBSN/ros2_ws/install/assets/share/ament_index/resource_index/parent_prefix_path/assets
[1.257s] -- Installing: /home/adam/Desktop/SBSN/ros2_ws/install/assets/share/assets/environment/ament_prefix_path.sh
[1.258s] -- Installing: /home/adam/Desktop/SBSN/ros2_ws/install/assets/share/assets/environment/ament_prefix_path.dsv
[1.258s] -- Installing: /home/adam/Desktop/SBSN/ros2_ws/install/assets/share/assets/environment/path.sh
[1.258s] -- Installing: /home/adam/Desktop/SBSN/ros2_ws/install/assets/share/assets/environment/path.dsv
[1.258s] -- Installing: /home/adam/Desktop/SBSN/ros2_ws/install/assets/share/assets/local_setup.bash
[1.258s] -- Installing: /home/adam/Desktop/SBSN/ros2_ws/install/assets/share/assets/local_setup.sh
[1.258s] -- Installing: /home/adam/Desktop/SBSN/ros2_ws/install/assets/share/assets/local_setup.zsh
[1.258s] -- Installing: /home/adam/Desktop/SBSN/ros2_ws/install/assets/share/assets/local_setup.dsv
[1.258s] -- Installing: /home/adam/Desktop/SBSN/ros2_ws/install/assets/share/assets/package.dsv
[1.259s] -- Installing: /home/adam/Desktop/SBSN/ros2_ws/install/assets/share/ament_index/resource_index/packages/assets
[1.259s] -- Installing: /home/adam/Desktop/SBSN/ros2_ws/install/assets/share/assets/cmake/ament_cmake_export_dependencies-extras.cmake
[1.259s] -- Installing: /home/adam/Desktop/SBSN/ros2_ws/install/assets/share/assets/cmake/assetsConfig.cmake
[1.259s] -- Installing: /home/adam/Desktop/SBSN/ros2_ws/install/assets/share/assets/cmake/assetsConfig-version.cmake
[1.259s] -- Installing: /home/adam/Desktop/SBSN/ros2_ws/install/assets/share/assets/package.xml
[1.271s] Invoked command in '/home/adam/Desktop/SBSN/ros2_ws/build/assets' returned '0': CMAKE_PREFIX_PATH=/opt/ros/humble /home/adam/.local/bin/cmake --install /home/adam/Desktop/SBSN/ros2_ws/build/assets
