[0.358s] Invoking command in '/home/adam/Desktop/SBSN/ros2_ws/build/social_metrics': CMAKE_PREFIX_PATH=/opt/ros/humble /home/adam/.local/bin/cmake --build /home/adam/Desktop/SBSN/ros2_ws/build/social_metrics -- -j16 -l16
[0.488s] Built target ament_cmake_python_copy_social_metrics
[0.857s] running egg_info
[0.857s] writing social_metrics.egg-info/PKG-INFO
[0.857s] writing dependency_links to social_metrics.egg-info/dependency_links.txt
[0.860s] writing top-level names to social_metrics.egg-info/top_level.txt
[0.862s] reading manifest file 'social_metrics.egg-info/SOURCES.txt'
[0.862s] writing manifest file 'social_metrics.egg-info/SOURCES.txt'
[0.922s] Built target ament_cmake_python_build_social_metrics_egg
[0.963s] Invoked command in '/home/adam/Desktop/SBSN/ros2_ws/build/social_metrics' returned '0': CMAKE_PREFIX_PATH=/opt/ros/humble /home/adam/.local/bin/cmake --build /home/adam/Desktop/SBSN/ros2_ws/build/social_metrics -- -j16 -l16
[1.084s] Invoking command in '/home/adam/Desktop/SBSN/ros2_ws/build/social_metrics': CMAKE_PREFIX_PATH=/opt/ros/humble /home/adam/.local/bin/cmake --install /home/adam/Desktop/SBSN/ros2_ws/build/social_metrics
[1.169s] -- Install configuration: "Release"
[1.169s] -- Up-to-date: /home/adam/Desktop/SBSN/ros2_ws/install/social_metrics/share/social_metrics//launch
[1.170s] -- Up-to-date: /home/adam/Desktop/SBSN/ros2_ws/install/social_metrics/share/social_metrics//params
[1.170s] -- Up-to-date: /home/adam/Desktop/SBSN/ros2_ws/install/social_metrics/share/social_metrics/environment/pythonpath.sh
[1.170s] -- Up-to-date: /home/adam/Desktop/SBSN/ros2_ws/install/social_metrics/share/social_metrics/environment/pythonpath.dsv
[1.170s] -- Up-to-date: /home/adam/Desktop/SBSN/ros2_ws/install/social_metrics/local/lib/python3.10/dist-packages/social_metrics-0.0.0-py3.10.egg-info
[1.170s] -- Installing: /home/adam/Desktop/SBSN/ros2_ws/install/social_metrics/local/lib/python3.10/dist-packages/social_metrics-0.0.0-py3.10.egg-info/dependency_links.txt
[1.170s] -- Installing: /home/adam/Desktop/SBSN/ros2_ws/install/social_metrics/local/lib/python3.10/dist-packages/social_metrics-0.0.0-py3.10.egg-info/SOURCES.txt
[1.170s] -- Installing: /home/adam/Desktop/SBSN/ros2_ws/install/social_metrics/local/lib/python3.10/dist-packages/social_metrics-0.0.0-py3.10.egg-info/PKG-INFO
[1.170s] -- Installing: /home/adam/Desktop/SBSN/ros2_ws/install/social_metrics/local/lib/python3.10/dist-packages/social_metrics-0.0.0-py3.10.egg-info/top_level.txt
[1.170s] -- Up-to-date: /home/adam/Desktop/SBSN/ros2_ws/install/social_metrics/local/lib/python3.10/dist-packages/social_metrics
[1.170s] -- Up-to-date: /home/adam/Desktop/SBSN/ros2_ws/install/social_metrics/local/lib/python3.10/dist-packages/social_metrics/__init__.py
[1.198s] Listing '/home/adam/Desktop/SBSN/ros2_ws/install/social_metrics/local/lib/python3.10/dist-packages/social_metrics'...
[1.204s] -- Up-to-date: /home/adam/Desktop/SBSN/ros2_ws/install/social_metrics/share/ament_index/resource_index/package_run_dependencies/social_metrics
[1.204s] -- Up-to-date: /home/adam/Desktop/SBSN/ros2_ws/install/social_metrics/share/ament_index/resource_index/parent_prefix_path/social_metrics
[1.205s] -- Up-to-date: /home/adam/Desktop/SBSN/ros2_ws/install/social_metrics/share/social_metrics/environment/ament_prefix_path.sh
[1.205s] -- Up-to-date: /home/adam/Desktop/SBSN/ros2_ws/install/social_metrics/share/social_metrics/environment/ament_prefix_path.dsv
[1.205s] -- Up-to-date: /home/adam/Desktop/SBSN/ros2_ws/install/social_metrics/share/social_metrics/environment/path.sh
[1.205s] -- Up-to-date: /home/adam/Desktop/SBSN/ros2_ws/install/social_metrics/share/social_metrics/environment/path.dsv
[1.205s] -- Up-to-date: /home/adam/Desktop/SBSN/ros2_ws/install/social_metrics/share/social_metrics/local_setup.bash
[1.206s] -- Up-to-date: /home/adam/Desktop/SBSN/ros2_ws/install/social_metrics/share/social_metrics/local_setup.sh
[1.206s] -- Up-to-date: /home/adam/Desktop/SBSN/ros2_ws/install/social_metrics/share/social_metrics/local_setup.zsh
[1.206s] -- Up-to-date: /home/adam/Desktop/SBSN/ros2_ws/install/social_metrics/share/social_metrics/local_setup.dsv
[1.206s] -- Up-to-date: /home/adam/Desktop/SBSN/ros2_ws/install/social_metrics/share/social_metrics/package.dsv
[1.206s] -- Up-to-date: /home/adam/Desktop/SBSN/ros2_ws/install/social_metrics/share/ament_index/resource_index/packages/social_metrics
[1.206s] -- Up-to-date: /home/adam/Desktop/SBSN/ros2_ws/install/social_metrics/share/social_metrics/cmake/ament_cmake_export_dependencies-extras.cmake
[1.206s] -- Up-to-date: /home/adam/Desktop/SBSN/ros2_ws/install/social_metrics/share/social_metrics/cmake/social_metricsConfig.cmake
[1.206s] -- Up-to-date: /home/adam/Desktop/SBSN/ros2_ws/install/social_metrics/share/social_metrics/cmake/social_metricsConfig-version.cmake
[1.206s] -- Up-to-date: /home/adam/Desktop/SBSN/ros2_ws/install/social_metrics/share/social_metrics/package.xml
[1.221s] Invoked command in '/home/adam/Desktop/SBSN/ros2_ws/build/social_metrics' returned '0': CMAKE_PREFIX_PATH=/opt/ros/humble /home/adam/.local/bin/cmake --install /home/adam/Desktop/SBSN/ros2_ws/build/social_metrics
