-- The C compiler identification is GNU 11.4.0
-- The CXX compiler identification is GNU 11.4.0
-- Detecting C compiler ABI info
-- Detecting C compiler ABI info - done
-- Check for working C compiler: /usr/bin/cc - skipped
-- Detecting C compile features
-- Detecting C compile features - done
-- Detecting CXX compiler ABI info
-- Detecting CXX compiler ABI info - done
-- Check for working CXX compiler: /usr/bin/c++ - skipped
-- Detecting CXX compile features
-- Detecting CXX compile features - done
[0mmy_controller: You did not request a specific build type: Choosing 'Release' for maximum performance[0m
-- Found ament_cmake: 1.3.9 (/opt/ros/humble/share/ament_cmake/cmake)
-- Found Python3: /usr/bin/python3 (found version "3.10.12") found components: Interpreter
-- Found nav2_common: 1.1.15 (/opt/ros/humble/share/nav2_common/cmake)
-- Found rclcpp: 16.0.9 (/opt/ros/humble/share/rclcpp/cmake)
-- Found rosidl_generator_c: 3.1.5 (/opt/ros/humble/share/rosidl_generator_c/cmake)
-- Found rosidl_adapter: 3.1.5 (/opt/ros/humble/share/rosidl_adapter/cmake)
-- Found rosidl_generator_cpp: 3.1.5 (/opt/ros/humble/share/rosidl_generator_cpp/cmake)
-- Using all available rosidl_typesupport_c: rosidl_typesupport_fastrtps_c;rosidl_typesupport_introspection_c
-- Using all available rosidl_typesupport_cpp: rosidl_typesupport_fastrtps_cpp;rosidl_typesupport_introspection_cpp
-- Found rmw_implementation_cmake: 6.1.2 (/opt/ros/humble/share/rmw_implementation_cmake/cmake)
-- Found rmw_fastrtps_cpp: 6.2.6 (/opt/ros/humble/share/rmw_fastrtps_cpp/cmake)
-- Found OpenSSL: /usr/lib/x86_64-linux-gnu/libcrypto.so (found version "3.0.2")
-- Found FastRTPS: /opt/ros/humble/include
-- Using RMW implementation 'rmw_fastrtps_cpp' as default
-- Performing Test CMAKE_HAVE_LIBC_PTHREAD
-- Performing Test CMAKE_HAVE_LIBC_PTHREAD - Success
-- Found Threads: TRUE
-- Found geometry_msgs: 4.2.4 (/opt/ros/humble/share/geometry_msgs/cmake)
-- Found nav_2d_msgs: 1.1.15 (/opt/ros/humble/share/nav_2d_msgs/cmake)
-- Found dwb_msgs: 1.1.15 (/opt/ros/humble/share/dwb_msgs/cmake)
-- Found nav2_costmap_2d: 1.1.15 (/opt/ros/humble/share/nav2_costmap_2d/cmake)
-- Found Eigen3: TRUE (found version "3.4.0")
-- Ensuring Eigen3 include directory is part of orocos-kdl CMake target
-- Found nav_2d_utils: 1.1.15 (/opt/ros/humble/share/nav_2d_utils/cmake)
-- Found nav2_core: 1.1.15 (/opt/ros/humble/share/nav2_core/cmake)
-- Configuring done (9.5s)
-- Generating done (0.1s)
-- Build files have been written to: /home/adam/Desktop/SBSN/ros2_ws/build/my_controller
[ 50%] [32mBuilding CXX object CMakeFiles/my_controller.dir/src/controller.cpp.o[0m
[100%] [32m[1mLinking CXX shared library libmy_controller.so[0m
[100%] Built target my_controller
-- Install configuration: "Release"
-- Installing: /home/adam/Desktop/SBSN/ros2_ws/install/my_controller/lib/libmy_controller.so
-- Set non-toolchain portion of runtime path of "/home/adam/Desktop/SBSN/ros2_ws/install/my_controller/lib/libmy_controller.so" to ""
-- Installing: /home/adam/Desktop/SBSN/ros2_ws/install/my_controller/include/
-- Installing: /home/adam/Desktop/SBSN/ros2_ws/install/my_controller/include//my_controller
-- Installing: /home/adam/Desktop/SBSN/ros2_ws/install/my_controller/include//my_controller/controller.hpp
-- Installing: /home/adam/Desktop/SBSN/ros2_ws/install/my_controller/share/my_controller/environment/library_path.sh
-- Installing: /home/adam/Desktop/SBSN/ros2_ws/install/my_controller/share/my_controller/environment/library_path.dsv
-- Installing: /home/adam/Desktop/SBSN/ros2_ws/install/my_controller/share/my_controller/plugin.xml
-- Installing: /home/adam/Desktop/SBSN/ros2_ws/install/my_controller/share/ament_index/resource_index/package_run_dependencies/my_controller
-- Installing: /home/adam/Desktop/SBSN/ros2_ws/install/my_controller/share/ament_index/resource_index/parent_prefix_path/my_controller
-- Installing: /home/adam/Desktop/SBSN/ros2_ws/install/my_controller/share/my_controller/environment/ament_prefix_path.sh
-- Installing: /home/adam/Desktop/SBSN/ros2_ws/install/my_controller/share/my_controller/environment/ament_prefix_path.dsv
-- Installing: /home/adam/Desktop/SBSN/ros2_ws/install/my_controller/share/my_controller/environment/path.sh
-- Installing: /home/adam/Desktop/SBSN/ros2_ws/install/my_controller/share/my_controller/environment/path.dsv
-- Installing: /home/adam/Desktop/SBSN/ros2_ws/install/my_controller/share/my_controller/local_setup.bash
-- Installing: /home/adam/Desktop/SBSN/ros2_ws/install/my_controller/share/my_controller/local_setup.sh
-- Installing: /home/adam/Desktop/SBSN/ros2_ws/install/my_controller/share/my_controller/local_setup.zsh
-- Installing: /home/adam/Desktop/SBSN/ros2_ws/install/my_controller/share/my_controller/local_setup.dsv
-- Installing: /home/adam/Desktop/SBSN/ros2_ws/install/my_controller/share/my_controller/package.dsv
-- Installing: /home/adam/Desktop/SBSN/ros2_ws/install/my_controller/share/ament_index/resource_index/packages/my_controller
-- Installing: /home/adam/Desktop/SBSN/ros2_ws/install/my_controller/share/ament_index/resource_index/nav2_core__pluginlib__plugin/my_controller
-- Installing: /home/adam/Desktop/SBSN/ros2_ws/install/my_controller/share/my_controller/cmake/ament_cmake_export_include_directories-extras.cmake
-- Installing: /home/adam/Desktop/SBSN/ros2_ws/install/my_controller/share/my_controller/cmake/ament_cmake_export_libraries-extras.cmake
-- Installing: /home/adam/Desktop/SBSN/ros2_ws/install/my_controller/share/my_controller/cmake/ament_cmake_export_dependencies-extras.cmake
-- Installing: /home/adam/Desktop/SBSN/ros2_ws/install/my_controller/share/my_controller/cmake/my_controllerConfig.cmake
-- Installing: /home/adam/Desktop/SBSN/ros2_ws/install/my_controller/share/my_controller/cmake/my_controllerConfig-version.cmake
-- Installing: /home/adam/Desktop/SBSN/ros2_ws/install/my_controller/share/my_controller/package.xml
