[0.049s] Invoking command in '/home/adam/Desktop/SBSN/ros2_ws/build/my_controller': CMAKE_PREFIX_PATH=/opt/ros/humble /home/adam/.local/bin/cmake /home/adam/Desktop/SBSN/ros2_ws/src/nav2_my_controller/my_controller -DCMAKE_INSTALL_PREFIX=/home/adam/Desktop/SBSN/ros2_ws/install/my_controller
[0.304s] -- The C compiler identification is GNU 11.4.0
[0.304s] -- The CXX compiler identification is GNU 11.4.0
[0.313s] -- Detecting C compiler ABI info
[0.381s] -- Detecting C compiler ABI info - done
[0.403s] -- Check for working C compiler: /usr/bin/cc - skipped
[0.403s] -- Detecting C compile features
[0.403s] -- Detecting C compile features - done
[0.407s] -- Detecting CXX compiler ABI info
[0.477s] -- Detecting CXX compiler ABI info - done
[0.498s] -- Check for working CXX compiler: /usr/bin/c++ - skipped
[0.498s] -- Detecting CXX compile features
[0.499s] -- Detecting CXX compile features - done
[0.499s] [0mmy_controller: You did not request a specific build type: Choosing 'Release' for maximum performance[0m
[0.501s] -- Found ament_cmake: 1.3.9 (/opt/ros/humble/share/ament_cmake/cmake)
[0.591s] -- Found Python3: /usr/bin/python3 (found version "3.10.12") found components: Interpreter
[0.688s] -- Found nav2_common: 1.1.15 (/opt/ros/humble/share/nav2_common/cmake)
[0.691s] -- Found rclcpp: 16.0.9 (/opt/ros/humble/share/rclcpp/cmake)
[0.739s] -- Found rosidl_generator_c: 3.1.5 (/opt/ros/humble/share/rosidl_generator_c/cmake)
[0.746s] -- Found rosidl_adapter: 3.1.5 (/opt/ros/humble/share/rosidl_adapter/cmake)
[0.757s] -- Found rosidl_generator_cpp: 3.1.5 (/opt/ros/humble/share/rosidl_generator_cpp/cmake)
[0.776s] -- Using all available rosidl_typesupport_c: rosidl_typesupport_fastrtps_c;rosidl_typesupport_introspection_c
[0.805s] -- Using all available rosidl_typesupport_cpp: rosidl_typesupport_fastrtps_cpp;rosidl_typesupport_introspection_cpp
[0.910s] -- Found rmw_implementation_cmake: 6.1.2 (/opt/ros/humble/share/rmw_implementation_cmake/cmake)
[0.915s] -- Found rmw_fastrtps_cpp: 6.2.6 (/opt/ros/humble/share/rmw_fastrtps_cpp/cmake)
[1.040s] -- Found OpenSSL: /usr/lib/x86_64-linux-gnu/libcrypto.so (found version "3.0.2")
[1.077s] -- Found FastRTPS: /opt/ros/humble/include
[1.130s] -- Using RMW implementation 'rmw_fastrtps_cpp' as default
[1.145s] -- Performing Test CMAKE_HAVE_LIBC_PTHREAD
[1.218s] -- Performing Test CMAKE_HAVE_LIBC_PTHREAD - Success
[1.220s] -- Found Threads: TRUE
[1.429s] -- Found geometry_msgs: 4.2.4 (/opt/ros/humble/share/geometry_msgs/cmake)
[1.485s] -- Found nav_2d_msgs: 1.1.15 (/opt/ros/humble/share/nav_2d_msgs/cmake)
[1.573s] -- Found dwb_msgs: 1.1.15 (/opt/ros/humble/share/dwb_msgs/cmake)
[1.805s] -- Found nav2_costmap_2d: 1.1.15 (/opt/ros/humble/share/nav2_costmap_2d/cmake)
[2.720s] -- Found Eigen3: TRUE (found version "3.4.0")
[2.720s] -- Ensuring Eigen3 include directory is part of orocos-kdl CMake target
[5.189s] -- Found nav_2d_utils: 1.1.15 (/opt/ros/humble/share/nav_2d_utils/cmake)
[5.977s] -- Found nav2_core: 1.1.15 (/opt/ros/humble/share/nav2_core/cmake)
[9.623s] -- Configuring done (9.5s)
[9.718s] -- Generating done (0.1s)
[9.724s] -- Build files have been written to: /home/adam/Desktop/SBSN/ros2_ws/build/my_controller
[9.770s] Invoked command in '/home/adam/Desktop/SBSN/ros2_ws/build/my_controller' returned '0': CMAKE_PREFIX_PATH=/opt/ros/humble /home/adam/.local/bin/cmake /home/adam/Desktop/SBSN/ros2_ws/src/nav2_my_controller/my_controller -DCMAKE_INSTALL_PREFIX=/home/adam/Desktop/SBSN/ros2_ws/install/my_controller
[9.773s] Invoking command in '/home/adam/Desktop/SBSN/ros2_ws/build/my_controller': CMAKE_PREFIX_PATH=/opt/ros/humble /home/adam/.local/bin/cmake --build /home/adam/Desktop/SBSN/ros2_ws/build/my_controller -- -j16 -l16
[9.909s] [ 50%] [32mBuilding CXX object CMakeFiles/my_controller.dir/src/controller.cpp.o[0m
[16.443s] [100%] [32m[1mLinking CXX shared library libmy_controller.so[0m
[16.782s] [100%] Built target my_controller
[16.811s] Invoked command in '/home/adam/Desktop/SBSN/ros2_ws/build/my_controller' returned '0': CMAKE_PREFIX_PATH=/opt/ros/humble /home/adam/.local/bin/cmake --build /home/adam/Desktop/SBSN/ros2_ws/build/my_controller -- -j16 -l16
[16.988s] Invoking command in '/home/adam/Desktop/SBSN/ros2_ws/build/my_controller': CMAKE_PREFIX_PATH=/opt/ros/humble /home/adam/.local/bin/cmake --install /home/adam/Desktop/SBSN/ros2_ws/build/my_controller
[17.072s] -- Install configuration: "Release"
[17.072s] -- Installing: /home/adam/Desktop/SBSN/ros2_ws/install/my_controller/lib/libmy_controller.so
[17.072s] -- Set non-toolchain portion of runtime path of "/home/adam/Desktop/SBSN/ros2_ws/install/my_controller/lib/libmy_controller.so" to ""
[17.073s] -- Installing: /home/adam/Desktop/SBSN/ros2_ws/install/my_controller/include/
[17.073s] -- Installing: /home/adam/Desktop/SBSN/ros2_ws/install/my_controller/include//my_controller
[17.073s] -- Installing: /home/adam/Desktop/SBSN/ros2_ws/install/my_controller/include//my_controller/controller.hpp
[17.073s] -- Installing: /home/adam/Desktop/SBSN/ros2_ws/install/my_controller/share/my_controller/environment/library_path.sh
[17.073s] -- Installing: /home/adam/Desktop/SBSN/ros2_ws/install/my_controller/share/my_controller/environment/library_path.dsv
[17.074s] -- Installing: /home/adam/Desktop/SBSN/ros2_ws/install/my_controller/share/my_controller/plugin.xml
[17.074s] -- Installing: /home/adam/Desktop/SBSN/ros2_ws/install/my_controller/share/ament_index/resource_index/package_run_dependencies/my_controller
[17.074s] -- Installing: /home/adam/Desktop/SBSN/ros2_ws/install/my_controller/share/ament_index/resource_index/parent_prefix_path/my_controller
[17.074s] -- Installing: /home/adam/Desktop/SBSN/ros2_ws/install/my_controller/share/my_controller/environment/ament_prefix_path.sh
[17.074s] -- Installing: /home/adam/Desktop/SBSN/ros2_ws/install/my_controller/share/my_controller/environment/ament_prefix_path.dsv
[17.074s] -- Installing: /home/adam/Desktop/SBSN/ros2_ws/install/my_controller/share/my_controller/environment/path.sh
[17.075s] -- Installing: /home/adam/Desktop/SBSN/ros2_ws/install/my_controller/share/my_controller/environment/path.dsv
[17.075s] -- Installing: /home/adam/Desktop/SBSN/ros2_ws/install/my_controller/share/my_controller/local_setup.bash
[17.075s] -- Installing: /home/adam/Desktop/SBSN/ros2_ws/install/my_controller/share/my_controller/local_setup.sh
[17.075s] -- Installing: /home/adam/Desktop/SBSN/ros2_ws/install/my_controller/share/my_controller/local_setup.zsh
[17.075s] -- Installing: /home/adam/Desktop/SBSN/ros2_ws/install/my_controller/share/my_controller/local_setup.dsv
[17.075s] -- Installing: /home/adam/Desktop/SBSN/ros2_ws/install/my_controller/share/my_controller/package.dsv
[17.075s] -- Installing: /home/adam/Desktop/SBSN/ros2_ws/install/my_controller/share/ament_index/resource_index/packages/my_controller
[17.075s] -- Installing: /home/adam/Desktop/SBSN/ros2_ws/install/my_controller/share/ament_index/resource_index/nav2_core__pluginlib__plugin/my_controller
[17.076s] -- Installing: /home/adam/Desktop/SBSN/ros2_ws/install/my_controller/share/my_controller/cmake/ament_cmake_export_include_directories-extras.cmake
[17.076s] -- Installing: /home/adam/Desktop/SBSN/ros2_ws/install/my_controller/share/my_controller/cmake/ament_cmake_export_libraries-extras.cmake
[17.076s] -- Installing: /home/adam/Desktop/SBSN/ros2_ws/install/my_controller/share/my_controller/cmake/ament_cmake_export_dependencies-extras.cmake
[17.076s] -- Installing: /home/adam/Desktop/SBSN/ros2_ws/install/my_controller/share/my_controller/cmake/my_controllerConfig.cmake
[17.076s] -- Installing: /home/adam/Desktop/SBSN/ros2_ws/install/my_controller/share/my_controller/cmake/my_controllerConfig-version.cmake
[17.076s] -- Installing: /home/adam/Desktop/SBSN/ros2_ws/install/my_controller/share/my_controller/package.xml
[17.086s] Invoked command in '/home/adam/Desktop/SBSN/ros2_ws/build/my_controller' returned '0': CMAKE_PREFIX_PATH=/opt/ros/humble /home/adam/.local/bin/cmake --install /home/adam/Desktop/SBSN/ros2_ws/build/my_controller
