Built target ament_cmake_python_copy_unity_sim
running egg_info
writing unity_sim.egg-info/PKG-INFO
writing dependency_links to unity_sim.egg-info/dependency_links.txt
writing top-level names to unity_sim.egg-info/top_level.txt
reading manifest file 'unity_sim.egg-info/SOURCES.txt'
writing manifest file 'unity_sim.egg-info/SOURCES.txt'
Built target ament_cmake_python_build_unity_sim_egg
-- Install configuration: "Release"
-- Up-to-date: /home/adam/Desktop/SBSN/ros2_ws/install/unity_sim/share/unity_sim/environment/pythonpath.sh
-- Up-to-date: /home/adam/Desktop/SBSN/ros2_ws/install/unity_sim/share/unity_sim/environment/pythonpath.dsv
-- Up-to-date: /home/adam/Desktop/SBSN/ros2_ws/install/unity_sim/local/lib/python3.10/dist-packages/unity_sim-0.0.1-py3.10.egg-info
-- Installing: /home/adam/Desktop/SBSN/ros2_ws/install/unity_sim/local/lib/python3.10/dist-packages/unity_sim-0.0.1-py3.10.egg-info/dependency_links.txt
-- Installing: /home/adam/Desktop/SBSN/ros2_ws/install/unity_sim/local/lib/python3.10/dist-packages/unity_sim-0.0.1-py3.10.egg-info/SOURCES.txt
-- Installing: /home/adam/Desktop/SBSN/ros2_ws/install/unity_sim/local/lib/python3.10/dist-packages/unity_sim-0.0.1-py3.10.egg-info/PKG-INFO
-- Installing: /home/adam/Desktop/SBSN/ros2_ws/install/unity_sim/local/lib/python3.10/dist-packages/unity_sim-0.0.1-py3.10.egg-info/top_level.txt
-- Up-to-date: /home/adam/Desktop/SBSN/ros2_ws/install/unity_sim/local/lib/python3.10/dist-packages/unity_sim
-- Up-to-date: /home/adam/Desktop/SBSN/ros2_ws/install/unity_sim/local/lib/python3.10/dist-packages/unity_sim/__init__.py
Listing '/home/adam/Desktop/SBSN/ros2_ws/install/unity_sim/local/lib/python3.10/dist-packages/unity_sim'...
-- Up-to-date: /home/adam/Desktop/SBSN/ros2_ws/install/unity_sim/share/unity_sim//launch
-- Up-to-date: /home/adam/Desktop/SBSN/ros2_ws/install/unity_sim/share/unity_sim//launch/kuri_state_publisher.launch.py
-- Up-to-date: /home/adam/Desktop/SBSN/ros2_ws/install/unity_sim/share/unity_sim//launch/rviz.launch.py
-- Up-to-date: /home/adam/Desktop/SBSN/ros2_ws/install/unity_sim/share/unity_sim//launch/nav2.launch.py
-- Up-to-date: /home/adam/Desktop/SBSN/ros2_ws/install/unity_sim/share/unity_sim//launch/map_publisher.launch.py
-- Up-to-date: /home/adam/Desktop/SBSN/ros2_ws/install/unity_sim/share/unity_sim//maps
-- Up-to-date: /home/adam/Desktop/SBSN/ros2_ws/install/unity_sim/share/unity_sim//maps/open
-- Up-to-date: /home/adam/Desktop/SBSN/ros2_ws/install/unity_sim/share/unity_sim//maps/open/map_server_params.yaml
-- Up-to-date: /home/adam/Desktop/SBSN/ros2_ws/install/unity_sim/share/unity_sim//maps/open/map.yaml
-- Up-to-date: /home/adam/Desktop/SBSN/ros2_ws/install/unity_sim/share/unity_sim//maps/open/short_map.jpg
-- Up-to-date: /home/adam/Desktop/SBSN/ros2_ws/install/unity_sim/share/unity_sim//maps/hospital
-- Up-to-date: /home/adam/Desktop/SBSN/ros2_ws/install/unity_sim/share/unity_sim//maps/hospital/short_map.png
-- Up-to-date: /home/adam/Desktop/SBSN/ros2_ws/install/unity_sim/share/unity_sim//maps/hospital/map.yaml
-- Up-to-date: /home/adam/Desktop/SBSN/ros2_ws/install/unity_sim/share/unity_sim//maps/overtaking
-- Up-to-date: /home/adam/Desktop/SBSN/ros2_ws/install/unity_sim/share/unity_sim//maps/overtaking/map.yaml
-- Up-to-date: /home/adam/Desktop/SBSN/ros2_ws/install/unity_sim/share/unity_sim//maps/overtaking/short_map.jpg
-- Up-to-date: /home/adam/Desktop/SBSN/ros2_ws/install/unity_sim/share/unity_sim//maps/corner
-- Up-to-date: /home/adam/Desktop/SBSN/ros2_ws/install/unity_sim/share/unity_sim//maps/corner/map.yaml
-- Up-to-date: /home/adam/Desktop/SBSN/ros2_ws/install/unity_sim/share/unity_sim//maps/corner/short_map.jpg
-- Up-to-date: /home/adam/Desktop/SBSN/ros2_ws/install/unity_sim/share/unity_sim//maps/complete
-- Up-to-date: /home/adam/Desktop/SBSN/ros2_ws/install/unity_sim/share/unity_sim//maps/complete/short_map_hr.jpg
-- Up-to-date: /home/adam/Desktop/SBSN/ros2_ws/install/unity_sim/share/unity_sim//maps/complete/map_server_params.yaml
-- Up-to-date: /home/adam/Desktop/SBSN/ros2_ws/install/unity_sim/share/unity_sim//maps/complete/map.yaml
-- Up-to-date: /home/adam/Desktop/SBSN/ros2_ws/install/unity_sim/share/unity_sim//maps/complete/short_map.jpg
-- Up-to-date: /home/adam/Desktop/SBSN/ros2_ws/install/unity_sim/share/unity_sim//maps/corridor
-- Up-to-date: /home/adam/Desktop/SBSN/ros2_ws/install/unity_sim/share/unity_sim//maps/corridor/map.yaml
-- Up-to-date: /home/adam/Desktop/SBSN/ros2_ws/install/unity_sim/share/unity_sim//maps/corridor/short_map.jpg
-- Up-to-date: /home/adam/Desktop/SBSN/ros2_ws/install/unity_sim/share/unity_sim//maps/static
-- Up-to-date: /home/adam/Desktop/SBSN/ros2_ws/install/unity_sim/share/unity_sim//maps/static/map.yaml
-- Up-to-date: /home/adam/Desktop/SBSN/ros2_ws/install/unity_sim/share/unity_sim//maps/static/short_map.jpg
-- Up-to-date: /home/adam/Desktop/SBSN/ros2_ws/install/unity_sim/share/unity_sim//maps/intersection
-- Up-to-date: /home/adam/Desktop/SBSN/ros2_ws/install/unity_sim/share/unity_sim//maps/intersection/map.yaml
-- Up-to-date: /home/adam/Desktop/SBSN/ros2_ws/install/unity_sim/share/unity_sim//maps/intersection/short_map.jpg
-- Up-to-date: /home/adam/Desktop/SBSN/ros2_ws/install/unity_sim/share/unity_sim//maps/frontal
-- Up-to-date: /home/adam/Desktop/SBSN/ros2_ws/install/unity_sim/share/unity_sim//maps/frontal/map.yaml
-- Up-to-date: /home/adam/Desktop/SBSN/ros2_ws/install/unity_sim/share/unity_sim//maps/frontal/short_map.jpg
-- Up-to-date: /home/adam/Desktop/SBSN/ros2_ws/install/unity_sim/share/unity_sim//maps/door_passing
-- Up-to-date: /home/adam/Desktop/SBSN/ros2_ws/install/unity_sim/share/unity_sim//maps/door_passing/short_map.jpg~
-- Up-to-date: /home/adam/Desktop/SBSN/ros2_ws/install/unity_sim/share/unity_sim//maps/door_passing/map_server_params.yaml
-- Up-to-date: /home/adam/Desktop/SBSN/ros2_ws/install/unity_sim/share/unity_sim//maps/door_passing/map.yaml
-- Up-to-date: /home/adam/Desktop/SBSN/ros2_ws/install/unity_sim/share/unity_sim//maps/door_passing/short_map.jpg
-- Up-to-date: /home/adam/Desktop/SBSN/ros2_ws/install/unity_sim/share/unity_sim//maps/door_passing/short_map.jpg.kra
-- Up-to-date: /home/adam/Desktop/SBSN/ros2_ws/install/unity_sim/share/unity_sim//maps/test
-- Up-to-date: /home/adam/Desktop/SBSN/ros2_ws/install/unity_sim/share/unity_sim//maps/test/map_server_params.yaml
-- Up-to-date: /home/adam/Desktop/SBSN/ros2_ws/install/unity_sim/share/unity_sim//maps/test/map.yaml
-- Up-to-date: /home/adam/Desktop/SBSN/ros2_ws/install/unity_sim/share/unity_sim//maps/test/short_map.jpg
-- Up-to-date: /home/adam/Desktop/SBSN/ros2_ws/install/unity_sim/share/unity_sim//graphs
-- Up-to-date: /home/adam/Desktop/SBSN/ros2_ws/install/unity_sim/share/unity_sim//graphs/overtaking.pickle
-- Up-to-date: /home/adam/Desktop/SBSN/ros2_ws/install/unity_sim/share/unity_sim//graphs/hospital.pickle
-- Up-to-date: /home/adam/Desktop/SBSN/ros2_ws/install/unity_sim/share/unity_sim//graphs/static.pickle
-- Up-to-date: /home/adam/Desktop/SBSN/ros2_ws/install/unity_sim/share/unity_sim//graphs/frontal.pickle
-- Up-to-date: /home/adam/Desktop/SBSN/ros2_ws/install/unity_sim/share/unity_sim//graphs/corner.pickle
-- Up-to-date: /home/adam/Desktop/SBSN/ros2_ws/install/unity_sim/share/unity_sim//graphs/intersection.pickle
-- Up-to-date: /home/adam/Desktop/SBSN/ros2_ws/install/unity_sim/share/unity_sim//graphs/door_passing.pickle
-- Up-to-date: /home/adam/Desktop/SBSN/ros2_ws/install/unity_sim/share/unity_sim//urdf
-- Up-to-date: /home/adam/Desktop/SBSN/ros2_ws/install/unity_sim/share/unity_sim//urdf/materials.urdf.xacro
-- Up-to-date: /home/adam/Desktop/SBSN/ros2_ws/install/unity_sim/share/unity_sim//urdf/kuri2.urdf.xacro
-- Up-to-date: /home/adam/Desktop/SBSN/ros2_ws/install/unity_sim/share/unity_sim//urdf/sensors
-- Up-to-date: /home/adam/Desktop/SBSN/ros2_ws/install/unity_sim/share/unity_sim//urdf/sensors/pico_flexx.urdf.xacro
-- Up-to-date: /home/adam/Desktop/SBSN/ros2_ws/install/unity_sim/share/unity_sim//urdf/sensors/gazebo.accurate.urdf.xacro
-- Up-to-date: /home/adam/Desktop/SBSN/ros2_ws/install/unity_sim/share/unity_sim//urdf/sensors/us_inmach.urdf.xacro
-- Up-to-date: /home/adam/Desktop/SBSN/ros2_ws/install/unity_sim/share/unity_sim//urdf/sensors/gazebo.urdf.xacro
-- Up-to-date: /home/adam/Desktop/SBSN/ros2_ws/install/unity_sim/share/unity_sim//urdf/sensors/hokuyo.urdf.xacro
-- Up-to-date: /home/adam/Desktop/SBSN/ros2_ws/install/unity_sim/share/unity_sim//urdf/sensors/upward_camera.urdf.xacro
-- Up-to-date: /home/adam/Desktop/SBSN/ros2_ws/install/unity_sim/share/unity_sim//urdf/sensors/camera_uvm.urdf.xacro
-- Up-to-date: /home/adam/Desktop/SBSN/ros2_ws/install/unity_sim/share/unity_sim//urdf/sensors/2d_laser.urdf.xacro
-- Up-to-date: /home/adam/Desktop/SBSN/ros2_ws/install/unity_sim/share/unity_sim//urdf/sensors/asus_xtion_pro.urdf.xacro
-- Up-to-date: /home/adam/Desktop/SBSN/ros2_ws/install/unity_sim/share/unity_sim//urdf/sensors/us_array.urdf.xacro
-- Up-to-date: /home/adam/Desktop/SBSN/ros2_ws/install/unity_sim/share/unity_sim//urdf/sensors/usb_cameras.urdf.xacro
-- Up-to-date: /home/adam/Desktop/SBSN/ros2_ws/install/unity_sim/share/unity_sim//urdf/sensors/kinect.urdf.xacro
-- Up-to-date: /home/adam/Desktop/SBSN/ros2_ws/install/unity_sim/share/unity_sim//urdf/kuri.urdf.xacro
-- Up-to-date: /home/adam/Desktop/SBSN/ros2_ws/install/unity_sim/share/unity_sim//urdf/robots
-- Up-to-date: /home/adam/Desktop/SBSN/ros2_ws/install/unity_sim/share/unity_sim//urdf/robots/gizmo
-- Up-to-date: /home/adam/Desktop/SBSN/ros2_ws/install/unity_sim/share/unity_sim//urdf/robots/gizmo/base.urdf.xacro
-- Up-to-date: /home/adam/Desktop/SBSN/ros2_ws/install/unity_sim/share/unity_sim//urdf/robots/gizmo/simple.transmission.xacro
-- Up-to-date: /home/adam/Desktop/SBSN/ros2_ws/install/unity_sim/share/unity_sim//urdf/robots/gizmo/gazebo.urdf.xacro
-- Up-to-date: /home/adam/Desktop/SBSN/ros2_ws/install/unity_sim/share/unity_sim//urdf/robots/gizmo/robot.urdf.xacro
-- Up-to-date: /home/adam/Desktop/SBSN/ros2_ws/install/unity_sim/share/unity_sim//urdf/robots/gizmo/mount.urdf.xacro
-- Up-to-date: /home/adam/Desktop/SBSN/ros2_ws/install/unity_sim/share/unity_sim//urdf/robots/gizmo/head.urdf.xacro
-- Up-to-date: /home/adam/Desktop/SBSN/ros2_ws/install/unity_sim/share/unity_sim//urdf/robots/gizmo/base.transmission.xacro
-- Up-to-date: /home/adam/Desktop/SBSN/ros2_ws/install/unity_sim/share/unity_sim//urdf/robots/gizmo/body.urdf.xacro
-- Up-to-date: /home/adam/Desktop/SBSN/ros2_ws/install/unity_sim/share/unity_sim//urdf/robots/p3
-- Up-to-date: /home/adam/Desktop/SBSN/ros2_ws/install/unity_sim/share/unity_sim//urdf/robots/p3/base.urdf.xacro
-- Up-to-date: /home/adam/Desktop/SBSN/ros2_ws/install/unity_sim/share/unity_sim//urdf/robots/p3/gazebo.urdf.xacro
-- Up-to-date: /home/adam/Desktop/SBSN/ros2_ws/install/unity_sim/share/unity_sim//urdf/robots/p3/robot.urdf.xacro
-- Up-to-date: /home/adam/Desktop/SBSN/ros2_ws/install/unity_sim/share/unity_sim//urdf/common_properties.urdf.xacro
-- Up-to-date: /home/adam/Desktop/SBSN/ros2_ws/install/unity_sim/share/unity_sim//rviz
-- Installing: /home/adam/Desktop/SBSN/ros2_ws/install/unity_sim/share/unity_sim//rviz/config.rviz
-- Up-to-date: /home/adam/Desktop/SBSN/ros2_ws/install/unity_sim/lib/unity_sim/trial_info_listener.py
-- Up-to-date: /home/adam/Desktop/SBSN/ros2_ws/install/unity_sim/lib/unity_sim/graph_publisher.py
-- Up-to-date: /home/adam/Desktop/SBSN/ros2_ws/install/unity_sim/lib/unity_sim/map_publisher.py
-- Up-to-date: /home/adam/Desktop/SBSN/ros2_ws/install/unity_sim/share/ament_index/resource_index/package_run_dependencies/unity_sim
-- Up-to-date: /home/adam/Desktop/SBSN/ros2_ws/install/unity_sim/share/ament_index/resource_index/parent_prefix_path/unity_sim
-- Up-to-date: /home/adam/Desktop/SBSN/ros2_ws/install/unity_sim/share/unity_sim/environment/ament_prefix_path.sh
-- Up-to-date: /home/adam/Desktop/SBSN/ros2_ws/install/unity_sim/share/unity_sim/environment/ament_prefix_path.dsv
-- Up-to-date: /home/adam/Desktop/SBSN/ros2_ws/install/unity_sim/share/unity_sim/environment/path.sh
-- Up-to-date: /home/adam/Desktop/SBSN/ros2_ws/install/unity_sim/share/unity_sim/environment/path.dsv
-- Up-to-date: /home/adam/Desktop/SBSN/ros2_ws/install/unity_sim/share/unity_sim/local_setup.bash
-- Up-to-date: /home/adam/Desktop/SBSN/ros2_ws/install/unity_sim/share/unity_sim/local_setup.sh
-- Up-to-date: /home/adam/Desktop/SBSN/ros2_ws/install/unity_sim/share/unity_sim/local_setup.zsh
-- Up-to-date: /home/adam/Desktop/SBSN/ros2_ws/install/unity_sim/share/unity_sim/local_setup.dsv
-- Installing: /home/adam/Desktop/SBSN/ros2_ws/install/unity_sim/share/unity_sim/package.dsv
-- Up-to-date: /home/adam/Desktop/SBSN/ros2_ws/install/unity_sim/share/ament_index/resource_index/packages/unity_sim
-- Up-to-date: /home/adam/Desktop/SBSN/ros2_ws/install/unity_sim/share/unity_sim/cmake/ament_cmake_export_dependencies-extras.cmake
-- Up-to-date: /home/adam/Desktop/SBSN/ros2_ws/install/unity_sim/share/unity_sim/cmake/unity_simConfig.cmake
-- Up-to-date: /home/adam/Desktop/SBSN/ros2_ws/install/unity_sim/share/unity_sim/cmake/unity_simConfig-version.cmake
-- Up-to-date: /home/adam/Desktop/SBSN/ros2_ws/install/unity_sim/share/unity_sim/package.xml
